Archive member included to satisfy reference by file (symbol)

/usr/local/gcc-arm-none-eabi-9-2019-q4-major/bin/../lib/gcc/arm-none-eabi/9.2.1/../../../../arm-none-eabi/lib/thumb/v7e-m+fp/hard/libc_nano.a(lib_a-ctype_.o)
                              _build/nrf52832_xxaa/nrf_log_str_formatter.c.o (_ctype_)
/usr/local/gcc-arm-none-eabi-9-2019-q4-major/bin/../lib/gcc/arm-none-eabi/9.2.1/../../../../arm-none-eabi/lib/thumb/v7e-m+fp/hard/libc_nano.a(lib_a-exit.o)
                              /usr/local/gcc-arm-none-eabi-9-2019-q4-major/bin/../lib/gcc/arm-none-eabi/9.2.1/../../../../arm-none-eabi/lib/thumb/v7e-m+fp/hard/crt0.o (exit)
/usr/local/gcc-arm-none-eabi-9-2019-q4-major/bin/../lib/gcc/arm-none-eabi/9.2.1/../../../../arm-none-eabi/lib/thumb/v7e-m+fp/hard/libc_nano.a(lib_a-impure.o)
                              /usr/local/gcc-arm-none-eabi-9-2019-q4-major/bin/../lib/gcc/arm-none-eabi/9.2.1/../../../../arm-none-eabi/lib/thumb/v7e-m+fp/hard/libc_nano.a(lib_a-exit.o) (_global_impure_ptr)
/usr/local/gcc-arm-none-eabi-9-2019-q4-major/bin/../lib/gcc/arm-none-eabi/9.2.1/../../../../arm-none-eabi/lib/thumb/v7e-m+fp/hard/libc_nano.a(lib_a-init.o)
                              /usr/local/gcc-arm-none-eabi-9-2019-q4-major/bin/../lib/gcc/arm-none-eabi/9.2.1/../../../../arm-none-eabi/lib/thumb/v7e-m+fp/hard/crt0.o (__libc_init_array)
/usr/local/gcc-arm-none-eabi-9-2019-q4-major/bin/../lib/gcc/arm-none-eabi/9.2.1/../../../../arm-none-eabi/lib/thumb/v7e-m+fp/hard/libc_nano.a(lib_a-memcmp.o)
                              _build/nrf52832_xxaa/ble_advdata.c.o (memcmp)
/usr/local/gcc-arm-none-eabi-9-2019-q4-major/bin/../lib/gcc/arm-none-eabi/9.2.1/../../../../arm-none-eabi/lib/thumb/v7e-m+fp/hard/libc_nano.a(lib_a-memcpy-stub.o)
                              _build/nrf52832_xxaa/nrf_log_frontend.c.o (memcpy)
/usr/local/gcc-arm-none-eabi-9-2019-q4-major/bin/../lib/gcc/arm-none-eabi/9.2.1/../../../../arm-none-eabi/lib/thumb/v7e-m+fp/hard/libc_nano.a(lib_a-memset.o)
                              /usr/local/gcc-arm-none-eabi-9-2019-q4-major/bin/../lib/gcc/arm-none-eabi/9.2.1/../../../../arm-none-eabi/lib/thumb/v7e-m+fp/hard/crt0.o (memset)
/usr/local/gcc-arm-none-eabi-9-2019-q4-major/bin/../lib/gcc/arm-none-eabi/9.2.1/../../../../arm-none-eabi/lib/thumb/v7e-m+fp/hard/libc_nano.a(lib_a-printf.o)
                              _build/nrf52832_xxaa/main.c.o (printf)
/usr/local/gcc-arm-none-eabi-9-2019-q4-major/bin/../lib/gcc/arm-none-eabi/9.2.1/../../../../arm-none-eabi/lib/thumb/v7e-m+fp/hard/libc_nano.a(lib_a-strcpy.o)
                              _build/nrf52832_xxaa/SEGGER_RTT.c.o (strcpy)
/usr/local/gcc-arm-none-eabi-9-2019-q4-major/bin/../lib/gcc/arm-none-eabi/9.2.1/../../../../arm-none-eabi/lib/thumb/v7e-m+fp/hard/libc_nano.a(lib_a-strlen.o)
                              _build/nrf52832_xxaa/nrf_log_frontend.c.o (strlen)
/usr/local/gcc-arm-none-eabi-9-2019-q4-major/bin/../lib/gcc/arm-none-eabi/9.2.1/../../../../arm-none-eabi/lib/thumb/v7e-m+fp/hard/libc_nano.a(lib_a-findfp.o)
                              /usr/local/gcc-arm-none-eabi-9-2019-q4-major/bin/../lib/gcc/arm-none-eabi/9.2.1/../../../../arm-none-eabi/lib/thumb/v7e-m+fp/hard/libc_nano.a(lib_a-printf.o) (__sinit)
/usr/local/gcc-arm-none-eabi-9-2019-q4-major/bin/../lib/gcc/arm-none-eabi/9.2.1/../../../../arm-none-eabi/lib/thumb/v7e-m+fp/hard/libc_nano.a(lib_a-fwalk.o)
                              /usr/local/gcc-arm-none-eabi-9-2019-q4-major/bin/../lib/gcc/arm-none-eabi/9.2.1/../../../../arm-none-eabi/lib/thumb/v7e-m+fp/hard/libc_nano.a(lib_a-findfp.o) (_fwalk)
/usr/local/gcc-arm-none-eabi-9-2019-q4-major/bin/../lib/gcc/arm-none-eabi/9.2.1/../../../../arm-none-eabi/lib/thumb/v7e-m+fp/hard/libc_nano.a(lib_a-lock.o)
                              /usr/local/gcc-arm-none-eabi-9-2019-q4-major/bin/../lib/gcc/arm-none-eabi/9.2.1/../../../../arm-none-eabi/lib/thumb/v7e-m+fp/hard/libc_nano.a(lib_a-findfp.o) (__retarget_lock_init_recursive)
/usr/local/gcc-arm-none-eabi-9-2019-q4-major/bin/../lib/gcc/arm-none-eabi/9.2.1/../../../../arm-none-eabi/lib/thumb/v7e-m+fp/hard/libc_nano.a(lib_a-nano-mallocr.o)
                              /usr/local/gcc-arm-none-eabi-9-2019-q4-major/bin/../lib/gcc/arm-none-eabi/9.2.1/../../../../arm-none-eabi/lib/thumb/v7e-m+fp/hard/libc_nano.a(lib_a-findfp.o) (_malloc_r)
/usr/local/gcc-arm-none-eabi-9-2019-q4-major/bin/../lib/gcc/arm-none-eabi/9.2.1/../../../../arm-none-eabi/lib/thumb/v7e-m+fp/hard/libc_nano.a(lib_a-nano-vfprintf.o)
                              /usr/local/gcc-arm-none-eabi-9-2019-q4-major/bin/../lib/gcc/arm-none-eabi/9.2.1/../../../../arm-none-eabi/lib/thumb/v7e-m+fp/hard/libc_nano.a(lib_a-printf.o) (_vfprintf_r)
/usr/local/gcc-arm-none-eabi-9-2019-q4-major/bin/../lib/gcc/arm-none-eabi/9.2.1/../../../../arm-none-eabi/lib/thumb/v7e-m+fp/hard/libc_nano.a(lib_a-nano-vfprintf_i.o)
[...]
Memory Configuration

Name             Origin             Length             Attributes
FLASH            0x0000000000026000 0x000000000005a000 xr
RAM              0x0000000020002ad8 0x000000000000d528 xrw
*default*        0x0000000000000000 0xffffffffffffffff

Linker script and memory map


.text           0x0000000000026000     0x9518
 *(.isr_vector)
 .isr_vector    0x0000000000026000      0x200 _build/nrf52832_xxaa/gcc_startup_nrf52.S.o
                0x0000000000026000                __isr_vector
 *(.text*)
 .text          0x0000000000026200       0x40 /usr/local/gcc-arm-none-eabi-9-2019-q4-major/bin/../lib/gcc/arm-none-eabi/9.2.1/thumb/v7e-m+fp/hard/crtbegin.o
 .text          0x0000000000026240       0x74 /usr/local/gcc-arm-none-eabi-9-2019-q4-major/bin/../lib/gcc/arm-none-eabi/9.2.1/../../../../arm-none-eabi/lib/thumb/v7e-m+fp/hard/crt0.o
                0x0000000000026240                _mainCRTStartup
                0x0000000000026240                _start
 .text          0x00000000000262b4       0x3c _build/nrf52832_xxaa/gcc_startup_nrf52.S.o
                0x00000000000262b4                Reset_Handler
                0x00000000000262dc                NMI_Handler
                0x00000000000262de                HardFault_Handler
                0x00000000000262e0                MemoryManagement_Handler
                0x00000000000262e2                BusFault_Handler
                0x00000000000262e4                UsageFault_Handler
                0x00000000000262e6                SVC_Handler
                0x00000000000262e8                DebugMon_Handler
                0x00000000000262ea                PendSV_Handler
                0x00000000000262ec                SysTick_Handler
                0x00000000000262ee                TIMER2_IRQHandler
                0x00000000000262ee                RTC0_IRQHandler
                0x00000000000262ee                SWI0_EGU0_IRQHandler
                0x00000000000262ee                PWM1_IRQHandler
                0x00000000000262ee                RADIO_IRQHandler
                0x00000000000262ee                PDM_IRQHandler
                0x00000000000262ee                TEMP_IRQHandler
                0x00000000000262ee                QDEC_IRQHandler
                0x00000000000262ee                TIMER3_IRQHandler
                0x00000000000262ee                FPU_IRQHandler
                0x00000000000262ee                SPIM0_SPIS0_TWIM0_TWIS0_SPI0_TWI0_IRQHandler
                0x00000000000262ee                TIMER4_IRQHandler
                0x00000000000262ee                I2S_IRQHandler
                0x00000000000262ee                SWI4_EGU4_IRQHandler
                0x00000000000262ee                TIMER0_IRQHandler
                0x00000000000262ee                TIMER1_IRQHandler
                0x00000000000262ee                PWM2_IRQHandler
                0x00000000000262ee                ECB_IRQHandler
                0x00000000000262ee                SPIM1_SPIS1_TWIM1_TWIS1_SPI1_TWI1_IRQHandler
                0x00000000000262ee                Default_Handler
                0x00000000000262ee                SAADC_IRQHandler
                0x00000000000262ee                CCM_AAR_IRQHandler
                0x00000000000262ee                WDT_IRQHandler
                0x00000000000262ee                SWI5_EGU5_IRQHandler
                0x00000000000262ee                RNG_IRQHandler
                0x00000000000262ee                RTC2_IRQHandler
                0x00000000000262ee                PWM0_IRQHandler
                0x00000000000262ee                SWI3_EGU3_IRQHandler
                0x00000000000262ee                SWI1_EGU1_IRQHandler
                0x00000000000262ee                SPIM2_SPIS2_SPI2_IRQHandler
                0x00000000000262ee                NFCT_IRQHandler
                0x00000000000262ee                MWU_IRQHandler
                0x00000000000262ee                COMP_LPCOMP_IRQHandler
 .text.nrf_log_backend_rtt_flush
                0x00000000000262f0        0x4 _build/nrf52832_xxaa/nrf_log_backend_rtt.c.o
 .text.nrf_log_backend_rtt_put
                0x00000000000262f4       0x20 _build/nrf52832_xxaa/nrf_log_backend_rtt.c.o
 .text.serial_tx
                0x0000000000026314       0x54 _build/nrf52832_xxaa/nrf_log_backend_rtt.c.o
 .text.nrf_log_backend_rtt_panic_set
                0x0000000000026368        0x4 _build/nrf52832_xxaa/nrf_log_backend_rtt.c.o
 .text.nrf_log_backend_rtt_init
                0x000000000002636c        0x4 _build/nrf52832_xxaa/nrf_log_backend_rtt.c.o
                0x000000000002636c                nrf_log_backend_rtt_init
 .text.nrf_log_backend_serial_put
                0x0000000000026370       0xd8 _build/nrf52832_xxaa/nrf_log_backend_serial.c.o
                0x0000000000026370                nrf_log_backend_serial_put
 .text.nrf_log_default_backends_init
                0x0000000000026448       0x20 _build/nrf52832_xxaa/nrf_log_default_backends.c.o
                0x0000000000026448                nrf_log_default_backends_init
 .text.nrf_log_init
                0x0000000000026468       0x40 _build/nrf52832_xxaa/nrf_log_frontend.c.o
                0x0000000000026468                nrf_log_init
 .text.nrf_log_module_name_get
                0x00000000000264a8       0x48 _build/nrf52832_xxaa/nrf_log_frontend.c.o
                0x00000000000264a8                nrf_log_module_name_get
 .text.nrf_log_color_id_get
                0x00000000000264f0       0x2c _build/nrf52832_xxaa/nrf_log_frontend.c.o
                0x00000000000264f0                nrf_log_color_id_get
 .text.nrf_log_frontend_dequeue
                0x000000000002651c      0x274 _build/nrf52832_xxaa/nrf_log_frontend.c.o
                0x000000000002651c                nrf_log_frontend_dequeue
 .text.nrf_log_frontend_std_0
                0x0000000000026790      0x1a0 _build/nrf52832_xxaa/nrf_log_frontend.c.o
                0x0000000000026790                nrf_log_frontend_std_0
 .text.nrf_log_frontend_std_1
                0x0000000000026930      0x1b0 _build/nrf52832_xxaa/nrf_log_frontend.c.o
                0x0000000000026930                nrf_log_frontend_std_1
 .text.nrf_log_frontend_std_2
                0x0000000000026ae0      0x1c0 _build/nrf52832_xxaa/nrf_log_frontend.c.o
                0x0000000000026ae0                nrf_log_frontend_std_2
 .text.nrf_log_backend_add
                0x0000000000026ca0       0x5c _build/nrf52832_xxaa/nrf_log_frontend.c.o
                0x0000000000026ca0                nrf_log_backend_add
 .text.nrf_log_panic
                0x0000000000026cfc       0x2c _build/nrf52832_xxaa/nrf_log_frontend.c.o
                0x0000000000026cfc                nrf_log_panic
 .text.prefix_process
                0x0000000000026d28       0x80 _build/nrf52832_xxaa/nrf_log_str_formatter.c.o
 .text.nrf_log_std_entry_process
                0x0000000000026da8       0xf0 _build/nrf52832_xxaa/nrf_log_str_formatter.c.o
                0x0000000000026da8                nrf_log_std_entry_process
 .text.nrf_log_hexdump_entry_process
                0x0000000000026e98       0xfc _build/nrf52832_xxaa/nrf_log_str_formatter.c.o
                0x0000000000026e98                nrf_log_hexdump_entry_process
 .text.gpiote_event_handler
                0x0000000000026f94       0x74 _build/nrf52832_xxaa/app_button.c.o
 .text.detection_delay_timeout_handler
                0x0000000000027008      0x264 _build/nrf52832_xxaa/app_button.c.o
 .text.app_button_init
                0x000000000002726c       0xc0 _build/nrf52832_xxaa/app_button.c.o
                0x000000000002726c                app_button_init
 .text.app_button_enable
                0x000000000002732c       0x2c _build/nrf52832_xxaa/app_button.c.o
                0x000000000002732c                app_button_enable
 .text.app_error_handler_bare
                0x0000000000027358       0x20 _build/nrf52832_xxaa/app_error.c.o
                0x0000000000027358                app_error_handler_bare
 .text.app_error_fault_handler
                0x0000000000027378       0x70 _build/nrf52832_xxaa/app_error_weak.c.o
                0x0000000000027378                app_error_fault_handler
 .text.app_fifo_init
                0x00000000000273e8       0x20 _build/nrf52832_xxaa/app_fifo.c.o
                0x00000000000273e8                app_fifo_init
 .text.app_fifo_put
                0x0000000000027408       0x30 _build/nrf52832_xxaa/app_fifo.c.o
                0x0000000000027408                app_fifo_put
 .text.app_fifo_get
                0x0000000000027438       0x2c _build/nrf52832_xxaa/app_fifo.c.o
                0x0000000000027438                app_fifo_get
 .text.compare_func
                0x0000000000027464       0x18 _build/nrf52832_xxaa/app_timer2.c.o
 .text.rtc_irq  0x000000000002747c      0x318 _build/nrf52832_xxaa/app_timer2.c.o
 .text.app_timer_init
                0x0000000000027794       0x6c _build/nrf52832_xxaa/app_timer2.c.o
                0x0000000000027794                app_timer_init
 .text.app_timer_create
                0x0000000000027800       0x1c _build/nrf52832_xxaa/app_timer2.c.o
                0x0000000000027800                app_timer_create
 .text.app_timer_start
                0x000000000002781c       0x8c _build/nrf52832_xxaa/app_timer2.c.o
                0x000000000002781c                app_timer_start
 .text.app_timer_stop
                0x00000000000278a8       0x44 _build/nrf52832_xxaa/app_timer2.c.o
                0x00000000000278a8                app_timer_stop
 .text.uart_event_handler
                0x00000000000278ec      0x120 _build/nrf52832_xxaa/app_uart_fifo.c.o
 .text.app_uart_init
                0x0000000000027a0c       0xf8 _build/nrf52832_xxaa/app_uart_fifo.c.o
                0x0000000000027a0c                app_uart_init
 .text.app_uart_get
                0x0000000000027b04       0x5c _build/nrf52832_xxaa/app_uart_fifo.c.o
                0x0000000000027b04                app_uart_get
 .text.app_uart_put
                0x0000000000027b60       0x74 _build/nrf52832_xxaa/app_uart_fifo.c.o
                0x0000000000027b60                app_uart_put
 .text.app_util_critical_region_enter
                0x0000000000027bd4       0x4c _build/nrf52832_xxaa/app_util_platform.c.o
                0x0000000000027bd4                app_util_critical_region_enter
 .text.app_util_critical_region_exit
                0x0000000000027c20       0x30 _build/nrf52832_xxaa/app_util_platform.c.o
                0x0000000000027c20                app_util_critical_region_exit
 .text.drv_rtc_init
                0x0000000000027c50       0xbc _build/nrf52832_xxaa/drv_rtc.c.o
                0x0000000000027c50                drv_rtc_init
 .text.drv_rtc_start
                0x0000000000027d0c        0x8 _build/nrf52832_xxaa/drv_rtc.c.o
                0x0000000000027d0c                drv_rtc_start
 .text.drv_rtc_stop
                0x0000000000027d14        0x8 _build/nrf52832_xxaa/drv_rtc.c.o
                0x0000000000027d14                drv_rtc_stop
 .text.drv_rtc_compare_set
                0x0000000000027d1c       0x4c _build/nrf52832_xxaa/drv_rtc.c.o
                0x0000000000027d1c                drv_rtc_compare_set
 .text.drv_rtc_windowed_compare_set
                0x0000000000027d68       0xf8 _build/nrf52832_xxaa/drv_rtc.c.o
                0x0000000000027d68                drv_rtc_windowed_compare_set
 .text.drv_rtc_overflow_enable
                0x0000000000027e60       0x14 _build/nrf52832_xxaa/drv_rtc.c.o
                0x0000000000027e60                drv_rtc_overflow_enable
 .text.drv_rtc_overflow_pending
                0x0000000000027e74       0x20 _build/nrf52832_xxaa/drv_rtc.c.o
                0x0000000000027e74                drv_rtc_overflow_pending
 .text.drv_rtc_compare_disable
                0x0000000000027e94       0x18 _build/nrf52832_xxaa/drv_rtc.c.o
                0x0000000000027e94                drv_rtc_compare_disable
 .text.drv_rtc_compare_pending
                0x0000000000027eac       0x20 _build/nrf52832_xxaa/drv_rtc.c.o
                0x0000000000027eac                drv_rtc_compare_pending
 .text.drv_rtc_counter_get
                0x0000000000027ecc        0x8 _build/nrf52832_xxaa/drv_rtc.c.o
                0x0000000000027ecc                drv_rtc_counter_get
 .text.drv_rtc_irq_trigger
                0x0000000000027ed4       0x20 _build/nrf52832_xxaa/drv_rtc.c.o
                0x0000000000027ed4                drv_rtc_irq_trigger
 .text.RTC1_IRQHandler
                0x0000000000027ef4       0x14 _build/nrf52832_xxaa/drv_rtc.c.o
                0x0000000000027ef4                RTC1_IRQHandler
 .text.nrf_atfifo_init
                0x0000000000027f08       0x30 _build/nrf52832_xxaa/nrf_atfifo.c.o
                0x0000000000027f08                nrf_atfifo_init
 .text.nrf_atfifo_item_alloc
                0x0000000000027f38       0x5c _build/nrf52832_xxaa/nrf_atfifo.c.o
                0x0000000000027f38                nrf_atfifo_item_alloc
 .text.nrf_atfifo_item_put
                0x0000000000027f94       0x20 _build/nrf52832_xxaa/nrf_atfifo.c.o
                0x0000000000027f94                nrf_atfifo_item_put
 .text.nrf_atfifo_item_get
                0x0000000000027fb4       0x60 _build/nrf52832_xxaa/nrf_atfifo.c.o
                0x0000000000027fb4                nrf_atfifo_item_get
 .text.nrf_atfifo_item_free
                0x0000000000028014       0x20 _build/nrf52832_xxaa/nrf_atfifo.c.o
                0x0000000000028014                nrf_atfifo_item_free
 .text.nrf_atflags_set
                0x0000000000028034       0x14 _build/nrf52832_xxaa/nrf_atflags.c.o
                0x0000000000028034                nrf_atflags_set
 .text.nrf_atflags_clear
                0x0000000000028048       0x14 _build/nrf52832_xxaa/nrf_atflags.c.o
                0x0000000000028048                nrf_atflags_clear
 .text.nrf_atflags_get
                0x000000000002805c       0x14 _build/nrf52832_xxaa/nrf_atflags.c.o
                0x000000000002805c                nrf_atflags_get
 .text.nrf_atomic_u32_fetch_store
                0x0000000000028070       0x1c _build/nrf52832_xxaa/nrf_atomic.c.o
                0x0000000000028070                nrf_atomic_u32_fetch_store
 .text.nrf_atomic_u32_or
                0x000000000002808c       0x1c _build/nrf52832_xxaa/nrf_atomic.c.o
                0x000000000002808c                nrf_atomic_u32_or
 .text.nrf_atomic_u32_and
                0x00000000000280a8       0x1c _build/nrf52832_xxaa/nrf_atomic.c.o
                0x00000000000280a8                nrf_atomic_u32_and
 .text.nrf_atomic_u32_add
                0x00000000000280c4       0x1c _build/nrf52832_xxaa/nrf_atomic.c.o
                0x00000000000280c4                nrf_atomic_u32_add
 .text.nrf_atomic_u32_sub
                0x00000000000280e0       0x1c _build/nrf52832_xxaa/nrf_atomic.c.o
                0x00000000000280e0                nrf_atomic_u32_sub
 .text.nrf_atomic_flag_set
                0x00000000000280fc       0x20 _build/nrf52832_xxaa/nrf_atomic.c.o
                0x00000000000280fc                nrf_atomic_flag_set
 .text.nrf_atomic_flag_clear_fetch
                0x000000000002811c       0x20 _build/nrf52832_xxaa/nrf_atomic.c.o
                0x000000000002811c                nrf_atomic_flag_clear_fetch
 .text.nrf_balloc_init
                0x000000000002813c       0x38 _build/nrf52832_xxaa/nrf_balloc.c.o
                0x000000000002813c                nrf_balloc_init
 .text.nrf_balloc_alloc
                0x0000000000028174       0x50 _build/nrf52832_xxaa/nrf_balloc.c.o
                0x0000000000028174                nrf_balloc_alloc
 .text.nrf_balloc_free
                0x00000000000281c4       0x38 _build/nrf52832_xxaa/nrf_balloc.c.o
                0x00000000000281c4                nrf_balloc_free
 .text.nrf_fprintf_buffer_flush
                0x00000000000281fc       0x18 _build/nrf52832_xxaa/nrf_fprintf.c.o
                0x00000000000281fc                nrf_fprintf_buffer_flush
 .text.nrf_fprintf
                0x0000000000028214       0x20 _build/nrf52832_xxaa/nrf_fprintf.c.o
                0x0000000000028214                nrf_fprintf
 .text.unsigned_print
                0x0000000000028234      0x14c _build/nrf52832_xxaa/nrf_fprintf_format.c.o
 .text.nrf_fprintf_fmt
                0x0000000000028380      0x5cc _build/nrf52832_xxaa/nrf_fprintf_format.c.o
                0x0000000000028380                nrf_fprintf_fmt
 .text.nrf_memobj_pool_init
                0x000000000002894c        0x4 _build/nrf52832_xxaa/nrf_memobj.c.o
                0x000000000002894c                nrf_memobj_pool_init
 .text.nrf_memobj_alloc
                0x0000000000028950       0x94 _build/nrf52832_xxaa/nrf_memobj.c.o
                0x0000000000028950                nrf_memobj_alloc
 .text.nrf_memobj_get
                0x00000000000289e4        0x8 _build/nrf52832_xxaa/nrf_memobj.c.o
                0x00000000000289e4                nrf_memobj_get
 .text.nrf_memobj_put
                0x00000000000289ec       0x58 _build/nrf52832_xxaa/nrf_memobj.c.o
                0x00000000000289ec                nrf_memobj_put
 .text.nrf_memobj_write
                0x0000000000028a44       0x68 _build/nrf52832_xxaa/nrf_memobj.c.o
                0x0000000000028a44                nrf_memobj_write
 .text.nrf_memobj_read
                0x0000000000028aac       0x68 _build/nrf52832_xxaa/nrf_memobj.c.o
                0x0000000000028aac                nrf_memobj_read
 .text.sd_app_evt_wait
                0x0000000000028b14        0x4 _build/nrf52832_xxaa/nrf_pwr_mgmt.c.o
 .text.nrf_pwr_mgmt_init
                0x0000000000028b18       0x2c _build/nrf52832_xxaa/nrf_pwr_mgmt.c.o
                0x0000000000028b18                nrf_pwr_mgmt_init
 .text.nrf_pwr_mgmt_run
                0x0000000000028b44       0x54 _build/nrf52832_xxaa/nrf_pwr_mgmt.c.o
                0x0000000000028b44                nrf_pwr_mgmt_run
 .text.nrf_ringbuf_init
                0x0000000000028b98       0x1c _build/nrf52832_xxaa/nrf_ringbuf.c.o
                0x0000000000028b98                nrf_ringbuf_init
 .text.nrf_section_iter_init
                0x0000000000028bb4       0x14 _build/nrf52832_xxaa/nrf_section_iter.c.o
                0x0000000000028bb4                nrf_section_iter_init
 .text.nrf_section_iter_next
                0x0000000000028bc8       0x18 _build/nrf52832_xxaa/nrf_section_iter.c.o
                0x0000000000028bc8                nrf_section_iter_next
 .text.nrf_sortlist_add
                0x0000000000028be0       0x28 _build/nrf52832_xxaa/nrf_sortlist.c.o
                0x0000000000028be0                nrf_sortlist_add
 .text.nrf_sortlist_pop
                0x0000000000028c08        0xc _build/nrf52832_xxaa/nrf_sortlist.c.o
                0x0000000000028c08                nrf_sortlist_pop
 .text.nrf_sortlist_peek
                0x0000000000028c14        0x8 _build/nrf52832_xxaa/nrf_sortlist.c.o
                0x0000000000028c14                nrf_sortlist_peek
 .text.nrf_sortlist_remove
                0x0000000000028c1c       0x1c _build/nrf52832_xxaa/nrf_sortlist.c.o
                0x0000000000028c1c                nrf_sortlist_remove
 .text.nrf_strerror_get
                0x0000000000028c38       0x50 _build/nrf52832_xxaa/nrf_strerror.c.o
                0x0000000000028c38                nrf_strerror_get
 .text._write   0x0000000000028c88       0x1c _build/nrf52832_xxaa/retarget.c.o
                0x0000000000028c88                _write
 .text._read    0x0000000000028ca4       0x14 _build/nrf52832_xxaa/retarget.c.o
                0x0000000000028ca4                _read
 .text.SystemInit
                0x0000000000028cb8      0x3b4 _build/nrf52832_xxaa/system_nrf52.c.o
                0x0000000000028cb8                SystemInit
 .text.bsp_board_led_state_get
                0x000000000002906c       0x1c _build/nrf52832_xxaa/boards.c.o
                0x000000000002906c                bsp_board_led_state_get
 .text.bsp_board_led_on
                0x0000000000029088       0x18 _build/nrf52832_xxaa/boards.c.o
                0x0000000000029088                bsp_board_led_on
 .text.bsp_board_led_off
                0x00000000000290a0       0x18 _build/nrf52832_xxaa/boards.c.o
                0x00000000000290a0                bsp_board_led_off
 .text.bsp_board_leds_off
                0x00000000000290b8       0x2c _build/nrf52832_xxaa/boards.c.o
                0x00000000000290b8                bsp_board_leds_off
 .text.bsp_board_leds_on
                0x00000000000290e4       0x2c _build/nrf52832_xxaa/boards.c.o
                0x00000000000290e4                bsp_board_leds_on
 .text.bsp_board_led_invert
                0x0000000000029110       0x24 _build/nrf52832_xxaa/boards.c.o
                0x0000000000029110                bsp_board_led_invert
 .text.bsp_board_button_state_get
                0x0000000000029134       0x1c _build/nrf52832_xxaa/boards.c.o
                0x0000000000029134                bsp_board_button_state_get
 .text.bsp_board_pin_to_button_idx
                0x0000000000029150       0x24 _build/nrf52832_xxaa/boards.c.o
                0x0000000000029150                bsp_board_pin_to_button_idx
 .text.bsp_board_button_idx_to_pin
                0x0000000000029174        0xc _build/nrf52832_xxaa/boards.c.o
                0x0000000000029174                bsp_board_button_idx_to_pin
 .text.bsp_board_init
                0x0000000000029180       0x5c _build/nrf52832_xxaa/boards.c.o
                0x0000000000029180                bsp_board_init
 .text.clock_irq_handler
                0x00000000000291dc       0x44 _build/nrf52832_xxaa/nrf_drv_clock.c.o
 .text.soc_evt_handler
                0x0000000000029220       0x28 _build/nrf52832_xxaa/nrf_drv_clock.c.o
 .text.sd_state_evt_handler
                0x0000000000029248       0xa8 _build/nrf52832_xxaa/nrf_drv_clock.c.o
 .text.uarte_evt_handler
                0x00000000000292f0       0x34 _build/nrf52832_xxaa/nrf_drv_uart.c.o
 .text.uart_evt_handler
                0x0000000000029324       0x34 _build/nrf52832_xxaa/nrf_drv_uart.c.o
 .text.nrf_drv_uart_init
                0x0000000000029358       0x80 _build/nrf52832_xxaa/nrf_drv_uart.c.o
                0x0000000000029358                nrf_drv_uart_init
 .text.nrfx_clock_init
                0x00000000000293d8       0x18 _build/nrf52832_xxaa/nrfx_clock.c.o
                0x00000000000293d8                nrfx_clock_init
 .text.nrfx_clock_enable
                0x00000000000293f0       0x24 _build/nrf52832_xxaa/nrfx_clock.c.o
                0x00000000000293f0                nrfx_clock_enable
 .text.nrfx_clock_lfclk_stop
                0x0000000000029414       0x18 _build/nrf52832_xxaa/nrfx_clock.c.o
                0x0000000000029414                nrfx_clock_lfclk_stop
 .text.POWER_CLOCK_IRQHandler
                0x000000000002942c       0x6c _build/nrf52832_xxaa/nrfx_clock.c.o
                0x000000000002942c                POWER_CLOCK_IRQHandler
 .text.nrfx_gpiote_init
                0x0000000000029498       0x94 _build/nrf52832_xxaa/nrfx_gpiote.c.o
                0x0000000000029498                nrfx_gpiote_init
 .text.nrfx_gpiote_is_init
                0x000000000002952c       0x14 _build/nrf52832_xxaa/nrfx_gpiote.c.o
                0x000000000002952c                nrfx_gpiote_is_init
 .text.nrfx_gpiote_in_init
                0x0000000000029540      0x1c8 _build/nrf52832_xxaa/nrfx_gpiote.c.o
                0x0000000000029540                nrfx_gpiote_in_init
 .text.nrfx_gpiote_in_event_enable
                0x0000000000029708       0xbc _build/nrf52832_xxaa/nrfx_gpiote.c.o
                0x0000000000029708                nrfx_gpiote_in_event_enable
 .text.nrfx_gpiote_in_is_set
                0x00000000000297c4       0x14 _build/nrf52832_xxaa/nrfx_gpiote.c.o
                0x00000000000297c4                nrfx_gpiote_in_is_set
 .text.GPIOTE_IRQHandler
                0x00000000000297d8      0x4ec _build/nrf52832_xxaa/nrfx_gpiote.c.o
                0x00000000000297d8                GPIOTE_IRQHandler
 .text.UARTE0_UART0_IRQHandler
                0x0000000000029cc4        0xc _build/nrf52832_xxaa/nrfx_prs.c.o
                0x0000000000029cc4                UARTE0_UART0_IRQHandler
 .text.nrfx_prs_acquire
                0x0000000000029cd0       0x50 _build/nrf52832_xxaa/nrfx_prs.c.o
                0x0000000000029cd0                nrfx_prs_acquire
 .text.nrfx_uart_0_irq_handler
                0x0000000000029d20      0x1c4 _build/nrf52832_xxaa/nrfx_uart.c.o
                0x0000000000029d20                nrfx_uart_0_irq_handler
 .text.nrfx_uart_init
                0x0000000000029ee4      0x19c _build/nrf52832_xxaa/nrfx_uart.c.o
                0x0000000000029ee4                nrfx_uart_init
 .text.nrfx_uart_tx
                0x000000000002a080       0xd0 _build/nrf52832_xxaa/nrfx_uart.c.o
                0x000000000002a080                nrfx_uart_tx
 .text.nrfx_uart_tx_in_progress
                0x000000000002a150       0x18 _build/nrf52832_xxaa/nrfx_uart.c.o
                0x000000000002a150                nrfx_uart_tx_in_progress
 .text.nrfx_uart_rx
                0x000000000002a168      0x148 _build/nrf52832_xxaa/nrfx_uart.c.o
                0x000000000002a168                nrfx_uart_rx
 .text.nrfx_uarte_0_irq_handler
                0x000000000002a2b0      0x168 _build/nrf52832_xxaa/nrfx_uarte.c.o
                0x000000000002a2b0                nrfx_uarte_0_irq_handler
 .text.nrfx_uarte_init
                0x000000000002a418      0x1d4 _build/nrf52832_xxaa/nrfx_uarte.c.o
                0x000000000002a418                nrfx_uarte_init
 .text.nrfx_uarte_tx
                0x000000000002a5ec       0xb4 _build/nrf52832_xxaa/nrfx_uarte.c.o
                0x000000000002a5ec                nrfx_uarte_tx
 .text.nrfx_uarte_tx_in_progress
                0x000000000002a6a0       0x1c _build/nrf52832_xxaa/nrfx_uarte.c.o
                0x000000000002a6a0                nrfx_uarte_tx_in_progress
 .text.nrfx_uarte_rx
                0x000000000002a6bc      0x130 _build/nrf52832_xxaa/nrfx_uarte.c.o
                0x000000000002a6bc                nrfx_uarte_rx
 .text.alert_timer_handler
                0x000000000002a7ec        0x8 _build/nrf52832_xxaa/bsp.c.o
 .text.bsp_button_event_handler
                0x000000000002a7f4       0xa4 _build/nrf52832_xxaa/bsp.c.o
 .text.button_timer_handler
                0x000000000002a898       0x30 _build/nrf52832_xxaa/bsp.c.o
 .text.bsp_led_indication
                0x000000000002a8c8      0x318 _build/nrf52832_xxaa/bsp.c.o
 .text.leds_timer_handler
                0x000000000002abe0       0x1c _build/nrf52832_xxaa/bsp.c.o
 .text.bsp_button_is_pressed
                0x000000000002abfc        0xc _build/nrf52832_xxaa/bsp.c.o
                0x000000000002abfc                bsp_button_is_pressed
 .text.bsp_indication_set
                0x000000000002ac08       0x18 _build/nrf52832_xxaa/bsp.c.o
                0x000000000002ac08                bsp_indication_set
 .text.bsp_init
                0x000000000002ac20       0xbc _build/nrf52832_xxaa/bsp.c.o
                0x000000000002ac20                bsp_init
 .text.bsp_event_to_button_action_assign
                0x000000000002acdc       0x54 _build/nrf52832_xxaa/bsp.c.o
                0x000000000002acdc                bsp_event_to_button_action_assign
 .text.bsp_wakeup_button_enable
                0x000000000002ad30       0x30 _build/nrf52832_xxaa/bsp.c.o
                0x000000000002ad30                bsp_wakeup_button_enable
 .text.ble_evt_handler
                0x000000000002ad60       0xac _build/nrf52832_xxaa/bsp_btn_ble.c.o
 .text.bsp_btn_ble_sleep_mode_prepare
                0x000000000002ae0c       0x24 _build/nrf52832_xxaa/bsp_btn_ble.c.o
                0x000000000002ae0c                bsp_btn_ble_sleep_mode_prepare
 .text.bsp_btn_ble_init
                0x000000000002ae30       0x6c _build/nrf52832_xxaa/bsp_btn_ble.c.o
                0x000000000002ae30                bsp_btn_ble_init
 .text.sd_ble_gap_disconnect
                0x000000000002ae9c        0x4 _build/nrf52832_xxaa/main.c.o
 .text.sd_ble_gap_ppcp_set
                0x000000000002aea0        0x4 _build/nrf52832_xxaa/main.c.o
 .text.sd_ble_gap_device_name_set
                0x000000000002aea4        0x4 _build/nrf52832_xxaa/main.c.o
 .text.sd_ble_gap_sec_params_reply
                0x000000000002aea8        0x4 _build/nrf52832_xxaa/main.c.o
 .text.sd_ble_gap_phy_update
                0x000000000002aeac        0x4 _build/nrf52832_xxaa/main.c.o
 .text.sd_ble_gatts_sys_attr_set
                0x000000000002aeb0        0x4 _build/nrf52832_xxaa/main.c.o
 .text.sd_power_system_off
                0x000000000002aeb4        0x4 _build/nrf52832_xxaa/main.c.o
 .text.nrf_qwr_error_handler
                0x000000000002aeb8        0x4 _build/nrf52832_xxaa/main.c.o
 .text.ble_evt_handler
                0x000000000002aebc       0xf8 _build/nrf52832_xxaa/main.c.o
 .text.gatt_evt_handler
                0x000000000002afb4       0x50 _build/nrf52832_xxaa/main.c.o
                0x000000000002afb4                gatt_evt_handler
 .text.on_conn_params_evt
                0x000000000002b004       0x24 _build/nrf52832_xxaa/main.c.o
 .text.bsp_event_handler
                0x000000000002b028       0x70 _build/nrf52832_xxaa/main.c.o
                0x000000000002b028                bsp_event_handler
 .text.uart_event_handle
                0x000000000002b098       0x98 _build/nrf52832_xxaa/main.c.o
                0x000000000002b098                uart_event_handle
 .text.nus_data_handler
                0x000000000002b130       0x80 _build/nrf52832_xxaa/main.c.o
 .text.conn_params_error_handler
                0x000000000002b1b0        0x4 _build/nrf52832_xxaa/main.c.o
 .text.on_adv_evt
                0x000000000002b1b4       0x40 _build/nrf52832_xxaa/main.c.o
 .text.gatt_init
                0x000000000002b1f4       0x38 _build/nrf52832_xxaa/main.c.o
                0x000000000002b1f4                gatt_init
 .text.startup.main
                0x000000000002b22c      0x270 _build/nrf52832_xxaa/main.c.o
                0x000000000002b22c                main
 .text.SEGGER_RTT_WriteNoLock
                0x000000000002b49c      0x1bc _build/nrf52832_xxaa/SEGGER_RTT.c.o
                0x000000000002b49c                SEGGER_RTT_WriteNoLock
 .text.SEGGER_RTT_Init
                0x000000000002b658       0x60 _build/nrf52832_xxaa/SEGGER_RTT.c.o
                0x000000000002b658                SEGGER_RTT_Init
 .text.sd_ble_gap_addr_get
                0x000000000002b6b8        0x4 _build/nrf52832_xxaa/ble_advdata.c.o
 .text.sd_ble_gap_appearance_get
                0x000000000002b6bc        0x4 _build/nrf52832_xxaa/ble_advdata.c.o
 .text.sd_ble_gap_device_name_get
                0x000000000002b6c0        0x4 _build/nrf52832_xxaa/ble_advdata.c.o
 .text.sd_ble_uuid_encode
                0x000000000002b6c4        0x4 _build/nrf52832_xxaa/ble_advdata.c.o
 .text.uuid_list_sized_encode.isra.0
                0x000000000002b6c8       0xf0 _build/nrf52832_xxaa/ble_advdata.c.o
 .text.ble_advdata_encode
                0x000000000002b7b8      0x40c _build/nrf52832_xxaa/ble_advdata.c.o
                0x000000000002b7b8                ble_advdata_encode
 .text.ble_advdata_parse
                0x000000000002bbc4       0x58 _build/nrf52832_xxaa/ble_advdata.c.o
                0x000000000002bbc4                ble_advdata_parse
 .text.sd_ble_gap_adv_set_configure
                0x000000000002bc1c        0x4 _build/nrf52832_xxaa/ble_advertising.c.o
 .text.sd_ble_gap_adv_start
                0x000000000002bc20        0x4 _build/nrf52832_xxaa/ble_advertising.c.o
 .text.sd_ble_gap_adv_stop
                0x000000000002bc24        0x4 _build/nrf52832_xxaa/ble_advertising.c.o
 .text.ble_advertising_start.part.0
                0x000000000002bc28      0x2e4 _build/nrf52832_xxaa/ble_advertising.c.o
 .text.ble_advertising_conn_cfg_tag_set
                0x000000000002bf0c        0x8 _build/nrf52832_xxaa/ble_advertising.c.o
                0x000000000002bf0c                ble_advertising_conn_cfg_tag_set
 .text.ble_advertising_init
                0x000000000002bf14      0x10c _build/nrf52832_xxaa/ble_advertising.c.o
                0x000000000002bf14                ble_advertising_init
 .text.ble_advertising_start
                0x000000000002c020        0xc _build/nrf52832_xxaa/ble_advertising.c.o
                0x000000000002c020                ble_advertising_start
 .text.ble_advertising_on_ble_evt
                0x000000000002c02c       0x8c _build/nrf52832_xxaa/ble_advertising.c.o
                0x000000000002c02c                ble_advertising_on_ble_evt
 .text.ble_advertising_restart_without_whitelist
                0x000000000002c0b8       0x60 _build/nrf52832_xxaa/ble_advertising.c.o
                0x000000000002c0b8                ble_advertising_restart_without_whitelist
 .text.sd_ble_gap_conn_param_update
                0x000000000002c118        0x4 _build/nrf52832_xxaa/ble_conn_params.c.o
 .text.sd_ble_gap_disconnect
                0x000000000002c11c        0x4 _build/nrf52832_xxaa/ble_conn_params.c.o
 .text.sd_ble_gap_ppcp_set
                0x000000000002c120        0x4 _build/nrf52832_xxaa/ble_conn_params.c.o
 .text.sd_ble_gap_ppcp_get
                0x000000000002c124        0x4 _build/nrf52832_xxaa/ble_conn_params.c.o
 .text.update_timeout_handler
                0x000000000002c128       0x78 _build/nrf52832_xxaa/ble_conn_params.c.o
 .text.ble_evt_handler
                0x000000000002c1a0      0x1d4 _build/nrf52832_xxaa/ble_conn_params.c.o
 .text.ble_conn_params_init
                0x000000000002c374       0x78 _build/nrf52832_xxaa/ble_conn_params.c.o
                0x000000000002c374                ble_conn_params_init
 .text.ble_evt_handler
                0x000000000002c3ec      0x160 _build/nrf52832_xxaa/ble_conn_state.c.o
 .text.ble_conn_state_conn_idx
                0x000000000002c54c       0x24 _build/nrf52832_xxaa/ble_conn_state.c.o
                0x000000000002c54c                ble_conn_state_conn_idx
 .text.blcm_link_ctx_get
                0x000000000002c570       0x50 _build/nrf52832_xxaa/ble_link_ctx_manager.c.o
                0x000000000002c570                blcm_link_ctx_get
 .text.sd_ble_gatts_characteristic_add
                0x000000000002c5c0        0x4 _build/nrf52832_xxaa/ble_srv_common.c.o
 .text.ble_srv_is_notification_enabled
                0x000000000002c5c4        0x8 _build/nrf52832_xxaa/ble_srv_common.c.o
                0x000000000002c5c4                ble_srv_is_notification_enabled
 .text.characteristic_add
                0x000000000002c5cc      0x278 _build/nrf52832_xxaa/ble_srv_common.c.o
                0x000000000002c5cc                characteristic_add
 .text.sd_ble_gap_data_length_update
                0x000000000002c844        0x4 _build/nrf52832_xxaa/nrf_ble_gatt.c.o
 .text.sd_ble_gattc_exchange_mtu_request
                0x000000000002c848        0x4 _build/nrf52832_xxaa/nrf_ble_gatt.c.o
 .text.sd_ble_gatts_exchange_mtu_reply
                0x000000000002c84c        0x4 _build/nrf52832_xxaa/nrf_ble_gatt.c.o
 .text.data_length_update.constprop.0
                0x000000000002c850       0x8c _build/nrf52832_xxaa/nrf_ble_gatt.c.o
 .text.nrf_ble_gatt_init
                0x000000000002c8dc       0x30 _build/nrf52832_xxaa/nrf_ble_gatt.c.o
                0x000000000002c8dc                nrf_ble_gatt_init
 .text.nrf_ble_gatt_att_mtu_periph_set
                0x000000000002c90c       0x18 _build/nrf52832_xxaa/nrf_ble_gatt.c.o
                0x000000000002c90c                nrf_ble_gatt_att_mtu_periph_set
 .text.nrf_ble_gatt_on_ble_evt
                0x000000000002c924      0x1c8 _build/nrf52832_xxaa/nrf_ble_gatt.c.o
                0x000000000002c924                nrf_ble_gatt_on_ble_evt
 .text.sd_ble_gatts_rw_authorize_reply
                0x000000000002caec        0x4 _build/nrf52832_xxaa/nrf_ble_qwr.c.o
 .text.sd_ble_user_mem_reply
                0x000000000002caf0        0x4 _build/nrf52832_xxaa/nrf_ble_qwr.c.o
 .text.nrf_ble_qwr_init
                0x000000000002caf4       0x24 _build/nrf52832_xxaa/nrf_ble_qwr.c.o
                0x000000000002caf4                nrf_ble_qwr_init
 .text.nrf_ble_qwr_conn_handle_assign
                0x000000000002cb18       0x18 _build/nrf52832_xxaa/nrf_ble_qwr.c.o
                0x000000000002cb18                nrf_ble_qwr_conn_handle_assign
 .text.nrf_ble_qwr_on_ble_evt
                0x000000000002cb30       0xf4 _build/nrf52832_xxaa/nrf_ble_qwr.c.o
                0x000000000002cb30                nrf_ble_qwr_on_ble_evt
 .text.sd_ble_gatts_service_add
                0x000000000002cc24        0x4 _build/nrf52832_xxaa/ble_nus.c.o
 .text.sd_ble_gatts_value_get
                0x000000000002cc28        0x4 _build/nrf52832_xxaa/ble_nus.c.o
 .text.sd_ble_gatts_hvx
                0x000000000002cc2c        0x4 _build/nrf52832_xxaa/ble_nus.c.o
 .text.sd_ble_uuid_vs_add
                0x000000000002cc30        0x4 _build/nrf52832_xxaa/ble_nus.c.o
 .text.ble_nus_on_ble_evt
                0x000000000002cc34      0x13c _build/nrf52832_xxaa/ble_nus.c.o
                0x000000000002cc34                ble_nus_on_ble_evt
 .text.ble_nus_init
                0x000000000002cd70       0xe8 _build/nrf52832_xxaa/ble_nus.c.o
                0x000000000002cd70                ble_nus_init
 .text.ble_nus_data_send
                0x000000000002ce58       0x6c _build/nrf52832_xxaa/ble_nus.c.o
                0x000000000002ce58                ble_nus_data_send
 .text.sd_softdevice_enable
                0x000000000002cec4        0x4 _build/nrf52832_xxaa/nrf_sdh.c.o
 .text.nrf_sdh_enable_request
                0x000000000002cec8      0x118 _build/nrf52832_xxaa/nrf_sdh.c.o
                0x000000000002cec8                nrf_sdh_enable_request
 .text.nrf_sdh_is_enabled
                0x000000000002cfe0        0xc _build/nrf52832_xxaa/nrf_sdh.c.o
                0x000000000002cfe0                nrf_sdh_is_enabled
 .text.SWI2_EGU2_IRQHandler
                0x000000000002cfec       0x2c _build/nrf52832_xxaa/nrf_sdh.c.o
                0x000000000002cfec                SWI2_EGU2_IRQHandler
 .text.sd_ble_enable
                0x000000000002d018        0x4 _build/nrf52832_xxaa/nrf_sdh_ble.c.o
 .text.sd_ble_cfg_set
                0x000000000002d01c        0x4 _build/nrf52832_xxaa/nrf_sdh_ble.c.o
 .text.sd_ble_evt_get
                0x000000000002d020        0x4 _build/nrf52832_xxaa/nrf_sdh_ble.c.o
 .text.nrf_sdh_ble_evts_poll.part.0
                0x000000000002d024       0x54 _build/nrf52832_xxaa/nrf_sdh_ble.c.o
 .text.nrf_sdh_ble_evts_poll
                0x000000000002d078       0x10 _build/nrf52832_xxaa/nrf_sdh_ble.c.o
 .text.nrf_sdh_ble_default_cfg_set
                0x000000000002d088      0x1bc _build/nrf52832_xxaa/nrf_sdh_ble.c.o
                0x000000000002d088                nrf_sdh_ble_default_cfg_set
 .text.nrf_sdh_ble_enable
                0x000000000002d244       0xa0 _build/nrf52832_xxaa/nrf_sdh_ble.c.o
                0x000000000002d244                nrf_sdh_ble_enable
 .text.sd_evt_get
                0x000000000002d2e4        0x4 _build/nrf52832_xxaa/nrf_sdh_soc.c.o
 .text.nrf_sdh_soc_evts_poll
                0x000000000002d2e8       0x4c _build/nrf52832_xxaa/nrf_sdh_soc.c.o
 .text.exit     0x000000000002d334       0x28 /usr/local/gcc-arm-none-eabi-9-2019-q4-major/bin/../lib/gcc/arm-none-eabi/9.2.1/../../../../arm-none-eabi/lib/thumb/v7e-m+fp/hard/libc_nano.a(lib_a-exit.o)
                0x000000000002d334                exit
 .text.__libc_init_array
                0x000000000002d35c       0x48 /usr/local/gcc-arm-none-eabi-9-2019-q4-major/bin/../lib/gcc/arm-none-eabi/9.2.1/../../../../arm-none-eabi/lib/thumb/v7e-m+fp/hard/libc_nano.a(lib_a-init.o)
                0x000000000002d35c                __libc_init_array
 .text.memcpy   0x000000000002d3a4       0x1c /usr/local/gcc-arm-none-eabi-9-2019-q4-major/bin/../lib/gcc/arm-none-eabi/9.2.1/../../../../arm-none-eabi/lib/thumb/v7e-m+fp/hard/libc_nano.a(lib_a-memcpy-stub.o)
                0x000000000002d3a4                memcpy
 .text.memset   0x000000000002d3c0       0x10 /usr/local/gcc-arm-none-eabi-9-2019-q4-major/bin/../lib/gcc/arm-none-eabi/9.2.1/../../../../arm-none-eabi/lib/thumb/v7e-m+fp/hard/libc_nano.a(lib_a-memset.o)
                0x000000000002d3c0                memset
 .text.printf   0x000000000002d3d0       0x30 /usr/local/gcc-arm-none-eabi-9-2019-q4-major/bin/../lib/gcc/arm-none-eabi/9.2.1/../../../../arm-none-eabi/lib/thumb/v7e-m+fp/hard/libc_nano.a(lib_a-printf.o)
                0x000000000002d3d0                printf
                0x000000000002d3d0                iprintf
 .text.strcpy   0x000000000002d400       0x10 /usr/local/gcc-arm-none-eabi-9-2019-q4-major/bin/../lib/gcc/arm-none-eabi/9.2.1/../../../../arm-none-eabi/lib/thumb/v7e-m+fp/hard/libc_nano.a(lib_a-strcpy.o)
                0x000000000002d400                strcpy
 .text          0x000000000002d410       0x10 /usr/local/gcc-arm-none-eabi-9-2019-q4-major/bin/../lib/gcc/arm-none-eabi/9.2.1/../../../../arm-none-eabi/lib/thumb/v7e-m+fp/hard/libc_nano.a(lib_a-strlen.o)
                0x000000000002d410                strlen
 .text.std      0x000000000002d420       0x48 /usr/local/gcc-arm-none-eabi-9-2019-q4-major/bin/../lib/gcc/arm-none-eabi/9.2.1/../../../../arm-none-eabi/lib/thumb/v7e-m+fp/hard/libc_nano.a(lib_a-findfp.o)
 .text._cleanup_r
                0x000000000002d468        0xc /usr/local/gcc-arm-none-eabi-9-2019-q4-major/bin/../lib/gcc/arm-none-eabi/9.2.1/../../../../arm-none-eabi/lib/thumb/v7e-m+fp/hard/libc_nano.a(lib_a-findfp.o)
                0x000000000002d468                _cleanup_r
 .text.__sfmoreglue
                0x000000000002d474       0x2c /usr/local/gcc-arm-none-eabi-9-2019-q4-major/bin/../lib/gcc/arm-none-eabi/9.2.1/../../../../arm-none-eabi/lib/thumb/v7e-m+fp/hard/libc_nano.a(lib_a-findfp.o)
                0x000000000002d474                __sfmoreglue
 .text.__sfp_lock_acquire
                0x000000000002d4a0        0xc /usr/local/gcc-arm-none-eabi-9-2019-q4-major/bin/../lib/gcc/arm-none-eabi/9.2.1/../../../../arm-none-eabi/lib/thumb/v7e-m+fp/hard/libc_nano.a(lib_a-findfp.o)
                0x000000000002d4a0                __sfp_lock_acquire
 .text.__sfp_lock_release
                0x000000000002d4ac        0xc /usr/local/gcc-arm-none-eabi-9-2019-q4-major/bin/../lib/gcc/arm-none-eabi/9.2.1/../../../../arm-none-eabi/lib/thumb/v7e-m+fp/hard/libc_nano.a(lib_a-findfp.o)
                0x000000000002d4ac                __sfp_lock_release
 .text.__sinit_lock_acquire
                0x000000000002d4b8        0xc /usr/local/gcc-arm-none-eabi-9-2019-q4-major/bin/../lib/gcc/arm-none-eabi/9.2.1/../../../../arm-none-eabi/lib/thumb/v7e-m+fp/hard/libc_nano.a(lib_a-findfp.o)
                0x000000000002d4b8                __sinit_lock_acquire
 .text.__sinit_lock_release
                0x000000000002d4c4        0xc /usr/local/gcc-arm-none-eabi-9-2019-q4-major/bin/../lib/gcc/arm-none-eabi/9.2.1/../../../../arm-none-eabi/lib/thumb/v7e-m+fp/hard/libc_nano.a(lib_a-findfp.o)
                0x000000000002d4c4                __sinit_lock_release
 .text.__sinit  0x000000000002d4d0       0x70 /usr/local/gcc-arm-none-eabi-9-2019-q4-major/bin/../lib/gcc/arm-none-eabi/9.2.1/../../../../arm-none-eabi/lib/thumb/v7e-m+fp/hard/libc_nano.a(lib_a-findfp.o)
                0x000000000002d4d0                __sinit
 .text.__sfp    0x000000000002d540       0x8c /usr/local/gcc-arm-none-eabi-9-2019-q4-major/bin/../lib/gcc/arm-none-eabi/9.2.1/../../../../arm-none-eabi/lib/thumb/v7e-m+fp/hard/libc_nano.a(lib_a-findfp.o)
                0x000000000002d540                __sfp
 .text._fwalk_reent
                0x000000000002d5cc       0x3e /usr/local/gcc-arm-none-eabi-9-2019-q4-major/bin/../lib/gcc/arm-none-eabi/9.2.1/../../../../arm-none-eabi/lib/thumb/v7e-m+fp/hard/libc_nano.a(lib_a-fwalk.o)
                0x000000000002d5cc                _fwalk_reent
 .text.__retarget_lock_init_recursive
                0x000000000002d60a        0x2 /usr/local/gcc-arm-none-eabi-9-2019-q4-major/bin/../lib/gcc/arm-none-eabi/9.2.1/../../../../arm-none-eabi/lib/thumb/v7e-m+fp/hard/libc_nano.a(lib_a-lock.o)
                0x000000000002d60a                __retarget_lock_init_recursive
 .text.__retarget_lock_acquire_recursive
                0x000000000002d60c        0x2 /usr/local/gcc-arm-none-eabi-9-2019-q4-major/bin/../lib/gcc/arm-none-eabi/9.2.1/../../../../arm-none-eabi/lib/thumb/v7e-m+fp/hard/libc_nano.a(lib_a-lock.o)
                0x000000000002d60c                __retarget_lock_acquire_recursive
 .text.__retarget_lock_release_recursive
                0x000000000002d60e        0x2 /usr/local/gcc-arm-none-eabi-9-2019-q4-major/bin/../lib/gcc/arm-none-eabi/9.2.1/../../../../arm-none-eabi/lib/thumb/v7e-m+fp/hard/libc_nano.a(lib_a-lock.o)
                0x000000000002d60e                __retarget_lock_release_recursive
 .text._malloc_r
                0x000000000002d610       0xb4 /usr/local/gcc-arm-none-eabi-9-2019-q4-major/bin/../lib/gcc/arm-none-eabi/9.2.1/../../../../arm-none-eabi/lib/thumb/v7e-m+fp/hard/libc_nano.a(lib_a-nano-mallocr.o)
                0x000000000002d610                _malloc_r
 .text.__sfputc_r
                0x000000000002d6c4       0x2e /usr/local/gcc-arm-none-eabi-9-2019-q4-major/bin/../lib/gcc/arm-none-eabi/9.2.1/../../../../arm-none-eabi/lib/thumb/v7e-m+fp/hard/libc_nano.a(lib_a-nano-vfprintf.o)
 .text.__sfputs_r
                0x000000000002d6f2       0x24 /usr/local/gcc-arm-none-eabi-9-2019-q4-major/bin/../lib/gcc/arm-none-eabi/9.2.1/../../../../arm-none-eabi/lib/thumb/v7e-m+fp/hard/libc_nano.a(lib_a-nano-vfprintf.o)
                0x000000000002d6f2                __sfputs_r
 *fill*         0x000000000002d716        0x2 
 .text._vfprintf_r
                0x000000000002d718      0x260 /usr/local/gcc-arm-none-eabi-9-2019-q4-major/bin/../lib/gcc/arm-none-eabi/9.2.1/../../../../arm-none-eabi/lib/thumb/v7e-m+fp/hard/libc_nano.a(lib_a-nano-vfprintf.o)
                0x000000000002d718                _vfiprintf_r
                0x000000000002d718                _vfprintf_r
 .text._printf_common
                0x000000000002d978       0xda /usr/local/gcc-arm-none-eabi-9-2019-q4-major/bin/../lib/gcc/arm-none-eabi/9.2.1/../../../../arm-none-eabi/lib/thumb/v7e-m+fp/hard/libc_nano.a(lib_a-nano-vfprintf_i.o)
                0x000000000002d978                _printf_common
 *fill*         0x000000000002da52        0x2 
 .text._printf_i
                0x000000000002da54      0x24c /usr/local/gcc-arm-none-eabi-9-2019-q4-major/bin/../lib/gcc/arm-none-eabi/9.2.1/../../../../arm-none-eabi/lib/thumb/v7e-m+fp/hard/libc_nano.a(lib_a-nano-vfprintf_i.o)
                0x000000000002da54                _printf_i
 .text._sbrk_r  0x000000000002dca0       0x20 /usr/local/gcc-arm-none-eabi-9-2019-q4-major/bin/../lib/gcc/arm-none-eabi/9.2.1/../../../../arm-none-eabi/lib/thumb/v7e-m+fp/hard/libc_nano.a(lib_a-sbrkr.o)
                0x000000000002dca0                _sbrk_r
 .text.__sread  0x000000000002dcc0       0x22 /usr/local/gcc-arm-none-eabi-9-2019-q4-major/bin/../lib/gcc/arm-none-eabi/9.2.1/../../../../arm-none-eabi/lib/thumb/v7e-m+fp/hard/libc_nano.a(lib_a-stdio.o)
                0x000000000002dcc0                __sread
 .text.__swrite
                0x000000000002dce2       0x38 /usr/local/gcc-arm-none-eabi-9-2019-q4-major/bin/../lib/gcc/arm-none-eabi/9.2.1/../../../../arm-none-eabi/lib/thumb/v7e-m+fp/hard/libc_nano.a(lib_a-stdio.o)
                0x000000000002dce2                __swrite
 .text.__sseek  0x000000000002dd1a       0x24 /usr/local/gcc-arm-none-eabi-9-2019-q4-major/bin/../lib/gcc/arm-none-eabi/9.2.1/../../../../arm-none-eabi/lib/thumb/v7e-m+fp/hard/libc_nano.a(lib_a-stdio.o)
                0x000000000002dd1a                __sseek
 .text.__sclose
                0x000000000002dd3e        0x8 /usr/local/gcc-arm-none-eabi-9-2019-q4-major/bin/../lib/gcc/arm-none-eabi/9.2.1/../../../../arm-none-eabi/lib/thumb/v7e-m+fp/hard/libc_nano.a(lib_a-stdio.o)
                0x000000000002dd3e                __sclose
 *fill*         0x000000000002dd46        0x2 
 .text.__swbuf_r
                0x000000000002dd48       0xa4 /usr/local/gcc-arm-none-eabi-9-2019-q4-major/bin/../lib/gcc/arm-none-eabi/9.2.1/../../../../arm-none-eabi/lib/thumb/v7e-m+fp/hard/libc_nano.a(lib_a-wbuf.o)
                0x000000000002dd48                __swbuf_r
 .text._write_r
                0x000000000002ddec       0x24 /usr/local/gcc-arm-none-eabi-9-2019-q4-major/bin/../lib/gcc/arm-none-eabi/9.2.1/../../../../arm-none-eabi/lib/thumb/v7e-m+fp/hard/libc_nano.a(lib_a-writer.o)
                0x000000000002ddec                _write_r
 .text.__swsetup_r
                0x000000000002de10       0xdc /usr/local/gcc-arm-none-eabi-9-2019-q4-major/bin/../lib/gcc/arm-none-eabi/9.2.1/../../../../arm-none-eabi/lib/thumb/v7e-m+fp/hard/libc_nano.a(lib_a-wsetup.o)
                0x000000000002de10                __swsetup_r
 .text._close_r
                0x000000000002deec       0x20 /usr/local/gcc-arm-none-eabi-9-2019-q4-major/bin/../lib/gcc/arm-none-eabi/9.2.1/../../../../arm-none-eabi/lib/thumb/v7e-m+fp/hard/libc_nano.a(lib_a-closer.o)
                0x000000000002deec                _close_r
 .text.__sflush_r
                0x000000000002df0c      0x10c /usr/local/gcc-arm-none-eabi-9-2019-q4-major/bin/../lib/gcc/arm-none-eabi/9.2.1/../../../../arm-none-eabi/lib/thumb/v7e-m+fp/hard/libc_nano.a(lib_a-fflush.o)
                0x000000000002df0c                __sflush_r
 .text._fflush_r
                0x000000000002e018       0x78 /usr/local/gcc-arm-none-eabi-9-2019-q4-major/bin/../lib/gcc/arm-none-eabi/9.2.1/../../../../arm-none-eabi/lib/thumb/v7e-m+fp/hard/libc_nano.a(lib_a-fflush.o)
                0x000000000002e018                _fflush_r
 .text._lseek_r
                0x000000000002e090       0x24 /usr/local/gcc-arm-none-eabi-9-2019-q4-major/bin/../lib/gcc/arm-none-eabi/9.2.1/../../../../arm-none-eabi/lib/thumb/v7e-m+fp/hard/libc_nano.a(lib_a-lseekr.o)
                0x000000000002e090                _lseek_r
 .text.__swhatbuf_r
                0x000000000002e0b4       0x48 /usr/local/gcc-arm-none-eabi-9-2019-q4-major/bin/../lib/gcc/arm-none-eabi/9.2.1/../../../../arm-none-eabi/lib/thumb/v7e-m+fp/hard/libc_nano.a(lib_a-makebuf.o)
                0x000000000002e0b4                __swhatbuf_r
 .text.__smakebuf_r
                0x000000000002e0fc       0x80 /usr/local/gcc-arm-none-eabi-9-2019-q4-major/bin/../lib/gcc/arm-none-eabi/9.2.1/../../../../arm-none-eabi/lib/thumb/v7e-m+fp/hard/libc_nano.a(lib_a-makebuf.o)
                0x000000000002e0fc                __smakebuf_r
 *fill*         0x000000000002e17c        0x4 
 .text          0x000000000002e180       0xa0 /usr/local/gcc-arm-none-eabi-9-2019-q4-major/bin/../lib/gcc/arm-none-eabi/9.2.1/../../../../arm-none-eabi/lib/thumb/v7e-m+fp/hard/libc_nano.a(lib_a-memchr.o)
                0x000000000002e180                memchr
 .text.__malloc_lock
                0x000000000002e220        0xc /usr/local/gcc-arm-none-eabi-9-2019-q4-major/bin/../lib/gcc/arm-none-eabi/9.2.1/../../../../arm-none-eabi/lib/thumb/v7e-m+fp/hard/libc_nano.a(lib_a-mlock.o)
                0x000000000002e220                __malloc_lock
 .text.__malloc_unlock
                0x000000000002e22c        0xc /usr/local/gcc-arm-none-eabi-9-2019-q4-major/bin/../lib/gcc/arm-none-eabi/9.2.1/../../../../arm-none-eabi/lib/thumb/v7e-m+fp/hard/libc_nano.a(lib_a-mlock.o)
                0x000000000002e22c                __malloc_unlock
 .text._free_r  0x000000000002e238       0xa0 /usr/local/gcc-arm-none-eabi-9-2019-q4-major/bin/../lib/gcc/arm-none-eabi/9.2.1/../../../../arm-none-eabi/lib/thumb/v7e-m+fp/hard/libc_nano.a(lib_a-nano-freer.o)
                0x000000000002e238                _free_r
 .text._read_r  0x000000000002e2d8       0x24 /usr/local/gcc-arm-none-eabi-9-2019-q4-major/bin/../lib/gcc/arm-none-eabi/9.2.1/../../../../arm-none-eabi/lib/thumb/v7e-m+fp/hard/libc_nano.a(lib_a-readr.o)
                0x000000000002e2d8                _read_r
 .text._fstat_r
                0x000000000002e2fc       0x24 /usr/local/gcc-arm-none-eabi-9-2019-q4-major/bin/../lib/gcc/arm-none-eabi/9.2.1/../../../../arm-none-eabi/lib/thumb/v7e-m+fp/hard/libc_nano.a(lib_a-fstatr.o)
                0x000000000002e2fc                _fstat_r
 .text._isatty_r
                0x000000000002e320       0x20 /usr/local/gcc-arm-none-eabi-9-2019-q4-major/bin/../lib/gcc/arm-none-eabi/9.2.1/../../../../arm-none-eabi/lib/thumb/v7e-m+fp/hard/libc_nano.a(lib_a-isattyr.o)
                0x000000000002e320                _isatty_r
 .text._close   0x000000000002e340       0x10 /usr/local/gcc-arm-none-eabi-9-2019-q4-major/bin/../lib/gcc/arm-none-eabi/9.2.1/../../../../arm-none-eabi/lib/thumb/v7e-m+fp/hard/libnosys.a(close.o)
                0x000000000002e340                _close
 .text._fstat   0x000000000002e350       0x10 /usr/local/gcc-arm-none-eabi-9-2019-q4-major/bin/../lib/gcc/arm-none-eabi/9.2.1/../../../../arm-none-eabi/lib/thumb/v7e-m+fp/hard/libnosys.a(fstat.o)
                0x000000000002e350                _fstat
 .text._isatty  0x000000000002e360       0x10 /usr/local/gcc-arm-none-eabi-9-2019-q4-major/bin/../lib/gcc/arm-none-eabi/9.2.1/../../../../arm-none-eabi/lib/thumb/v7e-m+fp/hard/libnosys.a(isatty.o)
                0x000000000002e360                _isatty
 .text._lseek   0x000000000002e370       0x10 /usr/local/gcc-arm-none-eabi-9-2019-q4-major/bin/../lib/gcc/arm-none-eabi/9.2.1/../../../../arm-none-eabi/lib/thumb/v7e-m+fp/hard/libnosys.a(lseek.o)
                0x000000000002e370                _lseek
 .text._sbrk    0x000000000002e380       0x1c /usr/local/gcc-arm-none-eabi-9-2019-q4-major/bin/../lib/gcc/arm-none-eabi/9.2.1/../../../../arm-none-eabi/lib/thumb/v7e-m+fp/hard/libnosys.a(sbrk.o)
                0x000000000002e380                _sbrk
 .text._exit    0x000000000002e39c        0x4 /usr/local/gcc-arm-none-eabi-9-2019-q4-major/bin/../lib/gcc/arm-none-eabi/9.2.1/../../../../arm-none-eabi/lib/thumb/v7e-m+fp/hard/libnosys.a(_exit.o)
                0x000000000002e39c                _exit
 .text          0x000000000002e3a0       0x30 /usr/local/gcc-arm-none-eabi-9-2019-q4-major/bin/../lib/gcc/arm-none-eabi/9.2.1/thumb/v7e-m+fp/hard/libgcc.a(_aeabi_uldivmod.o)
                0x000000000002e3a0                __aeabi_uldivmod
 .text          0x000000000002e3d0      0x2c4 /usr/local/gcc-arm-none-eabi-9-2019-q4-major/bin/../lib/gcc/arm-none-eabi/9.2.1/thumb/v7e-m+fp/hard/libgcc.a(_udivmoddi4.o)
                0x000000000002e3d0                __udivmoddi4
 .text          0x000000000002e694        0x4 /usr/local/gcc-arm-none-eabi-9-2019-q4-major/bin/../lib/gcc/arm-none-eabi/9.2.1/thumb/v7e-m+fp/hard/libgcc.a(_dvmd_tls.o)
                0x000000000002e694                __aeabi_ldiv0
                0x000000000002e694                __aeabi_idiv0
 *(.init)
 .init          0x000000000002e698        0x4 /usr/local/gcc-arm-none-eabi-9-2019-q4-major/bin/../lib/gcc/arm-none-eabi/9.2.1/thumb/v7e-m+fp/hard/crti.o
                0x000000000002e698                _init
 .init          0x000000000002e69c        0x8 /usr/local/gcc-arm-none-eabi-9-2019-q4-major/bin/../lib/gcc/arm-none-eabi/9.2.1/thumb/v7e-m+fp/hard/crtn.o
 *(.fini)
 .fini          0x000000000002e6a4        0x4 /usr/local/gcc-arm-none-eabi-9-2019-q4-major/bin/../lib/gcc/arm-none-eabi/9.2.1/thumb/v7e-m+fp/hard/crti.o
                0x000000000002e6a4                _fini
 .fini          0x000000000002e6a8        0x8 /usr/local/gcc-arm-none-eabi-9-2019-q4-major/bin/../lib/gcc/arm-none-eabi/9.2.1/thumb/v7e-m+fp/hard/crtn.o
 *crtbegin.o(.ctors)
 *crtbegin?.o(.ctors)
 *(EXCLUDE_FILE(*crtend.o *crtend?.o) .ctors)
 *(SORT_BY_NAME(.ctors.*))
 *(.ctors)
 *crtbegin.o(.dtors)
 *crtbegin?.o(.dtors)
 *(EXCLUDE_FILE(*crtend.o *crtend?.o) .dtors)
 *(SORT_BY_NAME(.dtors.*))
 *(.dtors)
 *(.rodata*)
 .rodata.delay_machine_code.9132
                0x000000000002e6b0        0x6 _build/nrf52832_xxaa/nrf_log_backend_rtt.c.o
 *fill*         0x000000000002e6b6        0x2 
 .rodata.nrf_log_backend_rtt_api
                0x000000000002e6b8        0xc _build/nrf52832_xxaa/nrf_log_backend_rtt.c.o
                0x000000000002e6b8                nrf_log_backend_rtt_api
 .rodata.str1.4
                0x000000000002e6c4       0x10 _build/nrf52832_xxaa/nrf_log_default_backends.c.o
 .rodata.nrf_log_frontend_dequeue.str1.4
                0x000000000002e6d4       0x11 _build/nrf52832_xxaa/nrf_log_frontend.c.o
 *fill*         0x000000000002e6e5        0x3 
 .rodata.str1.4
                0x000000000002e6e8        0x4 _build/nrf52832_xxaa/nrf_log_frontend.c.o
 .rodata.m_log_push_ringbuf
                0x000000000002e6ec        0xc _build/nrf52832_xxaa/nrf_log_frontend.c.o
 .rodata.prefix_process.str1.4
                0x000000000002e6f8       0x36 _build/nrf52832_xxaa/nrf_log_str_formatter.c.o
 *fill*         0x000000000002e72e        0x2 
 .rodata.nrf_log_std_entry_process.str1.4
                0x000000000002e730        0x3 _build/nrf52832_xxaa/nrf_log_str_formatter.c.o
 *fill*         0x000000000002e733        0x1 
 .rodata.nrf_log_hexdump_entry_process.str1.4
                0x000000000002e734       0x13 _build/nrf52832_xxaa/nrf_log_str_formatter.c.o
                                         0x16 (size before relaxing)
 *fill*         0x000000000002e747        0x1 
 .rodata.str1.4
                0x000000000002e748       0x56 _build/nrf52832_xxaa/nrf_log_str_formatter.c.o
 *fill*         0x000000000002e79e        0x2 
 .rodata.m_colors
                0x000000000002e7a0       0x24 _build/nrf52832_xxaa/nrf_log_str_formatter.c.o
 .rodata.severity_names
                0x000000000002e7c4       0x14 _build/nrf52832_xxaa/nrf_log_str_formatter.c.o
 .rodata.str1.4
                0x000000000002e7d8        0xb _build/nrf52832_xxaa/app_button.c.o
 *fill*         0x000000000002e7e3        0x1 
 .rodata.m_detection_delay_timer_id
                0x000000000002e7e4        0x4 _build/nrf52832_xxaa/app_button.c.o
 .rodata.app_error_fault_handler.str1.4
                0x000000000002e7e8       0x19 _build/nrf52832_xxaa/app_error_weak.c.o
 *fill*         0x000000000002e801        0x3 
 .rodata.str1.4
                0x000000000002e804        0xa _build/nrf52832_xxaa/app_timer2.c.o
 *fill*         0x000000000002e80e        0x2 
 .rodata        0x000000000002e810        0x4 _build/nrf52832_xxaa/app_timer2.c.o
 .rodata.m_app_timer_sortlist
                0x000000000002e814        0xc _build/nrf52832_xxaa/app_timer2.c.o
 .rodata        0x000000000002e820       0x20 _build/nrf52832_xxaa/app_uart_fifo.c.o
 .rodata.drv_rtc_init.str1.4
                0x000000000002e840       0x36 _build/nrf52832_xxaa/drv_rtc.c.o
 *fill*         0x000000000002e876        0xa 
 .rodata.delay_machine_code.8456
                0x000000000002e880        0x6 _build/nrf52832_xxaa/drv_rtc.c.o
 *fill*         0x000000000002e886        0x2 
 .rodata._aV2C.7553
                0x000000000002e888       0x10 _build/nrf52832_xxaa/nrf_fprintf_format.c.o
 .rodata.str1.4
                0x000000000002e898        0x9 _build/nrf52832_xxaa/nrf_pwr_mgmt.c.o
 *fill*         0x000000000002e8a1        0x3 
 .rodata.pwr_mgmt_data
                0x000000000002e8a4        0xc _build/nrf52832_xxaa/nrf_pwr_mgmt.c.o
 .rodata.str1.4
                0x000000000002e8b0        0x9 _build/nrf52832_xxaa/nrf_sortlist.c.o
 *fill*         0x000000000002e8b9        0x3 
 .rodata.str1.4
                0x000000000002e8bc      0x3e9 _build/nrf52832_xxaa/nrf_strerror.c.o
 *fill*         0x000000000002eca5        0x3 
 .rodata.m_unknown_str
                0x000000000002eca8       0x13 _build/nrf52832_xxaa/nrf_strerror.c.o
 *fill*         0x000000000002ecbb        0x1 
 .rodata.nrf_strerror_array
                0x000000000002ecbc      0x128 _build/nrf52832_xxaa/nrf_strerror.c.o
 .rodata.m_board_btn_list
                0x000000000002ede4        0x4 _build/nrf52832_xxaa/boards.c.o
 .rodata.m_board_led_list
                0x000000000002ede8        0x4 _build/nrf52832_xxaa/boards.c.o
 .rodata.str1.4
                0x000000000002edec        0x6 _build/nrf52832_xxaa/nrf_drv_clock.c.o
 *fill*         0x000000000002edf2        0x2 
 .rodata.str1.4
                0x000000000002edf4        0x6 _build/nrf52832_xxaa/nrfx_clock.c.o
 *fill*         0x000000000002edfa        0x2 
 .rodata.str1.4
                0x000000000002edfc        0x7 _build/nrf52832_xxaa/nrfx_gpiote.c.o
 *fill*         0x000000000002ee03        0x1 
 .rodata.str1.4
                0x000000000002ee04        0x4 _build/nrf52832_xxaa/nrfx_prs.c.o
 .rodata.str1.4
                0x000000000002ee08        0x5 _build/nrf52832_xxaa/nrfx_uart.c.o
 *fill*         0x000000000002ee0d        0x3 
 .rodata.str1.4
                0x000000000002ee10        0x6 _build/nrf52832_xxaa/nrfx_uarte.c.o
 *fill*         0x000000000002ee16        0x2 
 .rodata.app_buttons
                0x000000000002ee18       0x20 _build/nrf52832_xxaa/bsp.c.o
 .rodata.m_bsp_alert_tmr
                0x000000000002ee38        0x4 _build/nrf52832_xxaa/bsp.c.o
 .rodata.m_bsp_button_tmr
                0x000000000002ee3c        0x4 _build/nrf52832_xxaa/bsp.c.o
 .rodata.m_bsp_leds_tmr
                0x000000000002ee40        0x4 _build/nrf52832_xxaa/bsp.c.o
 .rodata.ble_evt_handler.str1.4
                0x000000000002ee44       0x19 _build/nrf52832_xxaa/main.c.o
 *fill*         0x000000000002ee5d        0x3 
 .rodata.gatt_evt_handler.str1.4
                0x000000000002ee60       0x1c _build/nrf52832_xxaa/main.c.o
 .rodata.nus_data_handler.str1.4
                0x000000000002ee7c       0x2b _build/nrf52832_xxaa/main.c.o
 *fill*         0x000000000002eea7        0x1 
 .rodata.main.str1.4
                0x000000000002eea8       0x4d _build/nrf52832_xxaa/main.c.o
 *fill*         0x000000000002eef5        0x3 
 .rodata        0x000000000002eef8       0x18 _build/nrf52832_xxaa/main.c.o
 .rodata.SEGGER_RTT_ReadNoLock.str1.4
                0x000000000002ef10       0x17 _build/nrf52832_xxaa/SEGGER_RTT.c.o
 *fill*         0x000000000002ef27        0x1 
 .rodata.data_length_update.constprop.0.str1.4
                0x000000000002ef28       0xe2 _build/nrf52832_xxaa/nrf_ble_gatt.c.o
 *fill*         0x000000000002f00a        0x2 
 .rodata.nrf_ble_gatt_on_ble_evt.str1.4
                0x000000000002f00c       0x63 _build/nrf52832_xxaa/nrf_ble_gatt.c.o
 *fill*         0x000000000002f06f        0x1 
 .rodata.str1.4
                0x000000000002f070        0xd _build/nrf52832_xxaa/nrf_ble_gatt.c.o
 *fill*         0x000000000002f07d        0x3 
 .rodata.str1.4
                0x000000000002f080        0x8 _build/nrf52832_xxaa/ble_nus.c.o
 .rodata        0x000000000002f088       0x10 _build/nrf52832_xxaa/ble_nus.c.o
 .rodata.str1.4
                0x000000000002f098        0x8 _build/nrf52832_xxaa/nrf_sdh.c.o
 .rodata        0x000000000002f0a0        0x4 _build/nrf52832_xxaa/nrf_sdh.c.o
 .rodata.sdh_req_observers
                0x000000000002f0a4        0xc _build/nrf52832_xxaa/nrf_sdh.c.o
 .rodata.sdh_stack_observers
                0x000000000002f0b0        0xc _build/nrf52832_xxaa/nrf_sdh.c.o
 .rodata.sdh_state_observers
                0x000000000002f0bc        0xc _build/nrf52832_xxaa/nrf_sdh.c.o
 .rodata.nrf_sdh_ble_default_cfg_set.str1.4
                0x000000000002f0c8      0x1cf _build/nrf52832_xxaa/nrf_sdh_ble.c.o
 *fill*         0x000000000002f297        0x1 
 .rodata.nrf_sdh_ble_enable.str1.4
                0x000000000002f298       0xad _build/nrf52832_xxaa/nrf_sdh_ble.c.o
 *fill*         0x000000000002f345        0x3 
 .rodata.str1.4
                0x000000000002f348        0xc _build/nrf52832_xxaa/nrf_sdh_ble.c.o
 .rodata.sdh_ble_observers
                0x000000000002f354        0xc _build/nrf52832_xxaa/nrf_sdh_ble.c.o
 .rodata.str1.4
                0x000000000002f360        0xc _build/nrf52832_xxaa/nrf_sdh_soc.c.o
 .rodata.sdh_soc_observers
                0x000000000002f36c        0xc _build/nrf52832_xxaa/nrf_sdh_soc.c.o
 .rodata._ctype_
                0x000000000002f378      0x101 /usr/local/gcc-arm-none-eabi-9-2019-q4-major/bin/../lib/gcc/arm-none-eabi/9.2.1/../../../../arm-none-eabi/lib/thumb/v7e-m+fp/hard/libc_nano.a(lib_a-ctype_.o)
                0x000000000002f378                _ctype_
 *fill*         0x000000000002f479        0x3 
 .rodata._global_impure_ptr
                0x000000000002f47c        0x4 /usr/local/gcc-arm-none-eabi-9-2019-q4-major/bin/../lib/gcc/arm-none-eabi/9.2.1/../../../../arm-none-eabi/lib/thumb/v7e-m+fp/hard/libc_nano.a(lib_a-impure.o)
                0x000000000002f47c                _global_impure_ptr
 .rodata.__sf_fake_stderr
                0x000000000002f480       0x20 /usr/local/gcc-arm-none-eabi-9-2019-q4-major/bin/../lib/gcc/arm-none-eabi/9.2.1/../../../../arm-none-eabi/lib/thumb/v7e-m+fp/hard/libc_nano.a(lib_a-findfp.o)
                0x000000000002f480                __sf_fake_stderr
 .rodata.__sf_fake_stdin
                0x000000000002f4a0       0x20 /usr/local/gcc-arm-none-eabi-9-2019-q4-major/bin/../lib/gcc/arm-none-eabi/9.2.1/../../../../arm-none-eabi/lib/thumb/v7e-m+fp/hard/libc_nano.a(lib_a-findfp.o)
                0x000000000002f4a0                __sf_fake_stdin
 .rodata.__sf_fake_stdout
                0x000000000002f4c0       0x20 /usr/local/gcc-arm-none-eabi-9-2019-q4-major/bin/../lib/gcc/arm-none-eabi/9.2.1/../../../../arm-none-eabi/lib/thumb/v7e-m+fp/hard/libc_nano.a(lib_a-findfp.o)
                0x000000000002f4c0                __sf_fake_stdout
 .rodata._vfprintf_r.str1.1
                0x000000000002f4e0       0x11 /usr/local/gcc-arm-none-eabi-9-2019-q4-major/bin/../lib/gcc/arm-none-eabi/9.2.1/../../../../arm-none-eabi/lib/thumb/v7e-m+fp/hard/libc_nano.a(lib_a-nano-vfprintf.o)
 .rodata._printf_i.str1.1
                0x000000000002f4f1       0x22 /usr/local/gcc-arm-none-eabi-9-2019-q4-major/bin/../lib/gcc/arm-none-eabi/9.2.1/../../../../arm-none-eabi/lib/thumb/v7e-m+fp/hard/libc_nano.a(lib_a-nano-vfprintf_i.o)
 *(.eh_frame*)
 *fill*         0x000000000002f513        0x1 
 .eh_frame      0x000000000002f514        0x0 /usr/local/gcc-arm-none-eabi-9-2019-q4-major/bin/../lib/gcc/arm-none-eabi/9.2.1/thumb/v7e-m+fp/hard/crtbegin.o
 .eh_frame      0x000000000002f514        0x4 /usr/local/gcc-arm-none-eabi-9-2019-q4-major/bin/../lib/gcc/arm-none-eabi/9.2.1/thumb/v7e-m+fp/hard/crtend.o

.glue_7         0x000000000002f518        0x0
 .glue_7        0x000000000002f518        0x0 linker stubs

.glue_7t        0x000000000002f518        0x0
 .glue_7t       0x000000000002f518        0x0 linker stubs

.vfp11_veneer   0x000000000002f518        0x0
 .vfp11_veneer  0x000000000002f518        0x0 linker stubs

.v4_bx          0x000000000002f518        0x0
 .v4_bx         0x000000000002f518        0x0 linker stubs

.iplt           0x000000000002f518        0x0
 .iplt          0x000000000002f518        0x0 /usr/local/gcc-arm-none-eabi-9-2019-q4-major/bin/../lib/gcc/arm-none-eabi/9.2.1/thumb/v7e-m+fp/hard/crtbegin.o

.mem_section_dummy_rom

.sdh_soc_observers
                0x000000000002f518        0x8
                0x000000000002f518                PROVIDE (__start_sdh_soc_observers = .)
 *(SORT_BY_NAME(.sdh_soc_observers*))
 .sdh_soc_observers0
                0x000000000002f518        0x8 _build/nrf52832_xxaa/nrf_drv_clock.c.o
                0x000000000002f520                PROVIDE (__stop_sdh_soc_observers = .)

.sdh_ble_observers
                0x000000000002f520       0x40
                0x000000000002f520                PROVIDE (__start_sdh_ble_observers = .)
 *(SORT_BY_NAME(.sdh_ble_observers*))
 .sdh_ble_observers0
                0x000000000002f520        0x8 _build/nrf52832_xxaa/ble_conn_state.c.o
 .sdh_ble_observers1
                0x000000000002f528        0x8 _build/nrf52832_xxaa/bsp_btn_ble.c.o
 .sdh_ble_observers1
                0x000000000002f530       0x10 _build/nrf52832_xxaa/main.c.o
 .sdh_ble_observers1
                0x000000000002f540        0x8 _build/nrf52832_xxaa/ble_conn_params.c.o
 .sdh_ble_observers2
                0x000000000002f548       0x10 _build/nrf52832_xxaa/main.c.o
 .sdh_ble_observers3
                0x000000000002f558        0x8 _build/nrf52832_xxaa/main.c.o
                0x000000000002f560                PROVIDE (__stop_sdh_ble_observers = .)

.pwr_mgmt_data  0x000000000002f560        0x0
                0x000000000002f560                PROVIDE (__start_pwr_mgmt_data = .)
 *(SORT_BY_NAME(.pwr_mgmt_data*))
                0x000000000002f560                PROVIDE (__stop_pwr_mgmt_data = .)

.sdh_state_observers
                0x000000000002f560        0x8
                0x000000000002f560                PROVIDE (__start_sdh_state_observers = .)
 *(SORT_BY_NAME(.sdh_state_observers*))
 .sdh_state_observers0
                0x000000000002f560        0x8 _build/nrf52832_xxaa/nrf_drv_clock.c.o
                0x000000000002f568                PROVIDE (__stop_sdh_state_observers = .)

.sdh_stack_observers
                0x000000000002f568       0x10
                0x000000000002f568                PROVIDE (__start_sdh_stack_observers = .)
 *(SORT_BY_NAME(.sdh_stack_observers*))
 .sdh_stack_observers0
                0x000000000002f568        0x8 _build/nrf52832_xxaa/nrf_sdh_ble.c.o
 .sdh_stack_observers0
                0x000000000002f570        0x8 _build/nrf52832_xxaa/nrf_sdh_soc.c.o
                0x000000000002f578                PROVIDE (__stop_sdh_stack_observers = .)

.sdh_req_observers
                0x000000000002f578        0x0
                0x000000000002f578                PROVIDE (__start_sdh_req_observers = .)
 *(SORT_BY_NAME(.sdh_req_observers*))
                0x000000000002f578                PROVIDE (__stop_sdh_req_observers = .)

.nrf_queue      0x000000000002f578        0x0
                [!provide]                        PROVIDE (__start_nrf_queue = .)
 *(.nrf_queue)
                [!provide]                        PROVIDE (__stop_nrf_queue = .)

.nrf_balloc     0x000000000002f578       0x14
                [!provide]                        PROVIDE (__start_nrf_balloc = .)
 *(.nrf_balloc)
 .nrf_balloc    0x000000000002f578       0x14 _build/nrf52832_xxaa/nrf_log_frontend.c.o
                0x000000000002f578                log_mempool
                [!provide]                        PROVIDE (__stop_nrf_balloc = .)

.cli_command    0x000000000002f58c        0x0
                [!provide]                        PROVIDE (__start_cli_command = .)
 *(.cli_command)
                [!provide]                        PROVIDE (__stop_cli_command = .)

.crypto_data    0x000000000002f58c        0x0
                [!provide]                        PROVIDE (__start_crypto_data = .)
 *(SORT_BY_NAME(.crypto_data*))
                [!provide]                        PROVIDE (__stop_crypto_data = .)

.log_const_data
                0x000000000002f58c       0x80
                0x000000000002f58c                PROVIDE (__start_log_const_data = .)
 *(SORT_BY_NAME(.log_const_data*))
 .log_const_data_CLOCK
                0x000000000002f58c        0x8 _build/nrf52832_xxaa/nrfx_clock.c.o
                0x000000000002f58c                m_nrf_log_CLOCK_logs_data_const
 .log_const_data_GPIOTE
                0x000000000002f594        0x8 _build/nrf52832_xxaa/nrfx_gpiote.c.o
                0x000000000002f594                m_nrf_log_GPIOTE_logs_data_const
 .log_const_data_PRS
                0x000000000002f59c        0x8 _build/nrf52832_xxaa/nrfx_prs.c.o
                0x000000000002f59c                m_nrf_log_PRS_logs_data_const
 .log_const_data_UART
                0x000000000002f5a4        0x8 _build/nrf52832_xxaa/nrfx_uart.c.o
                0x000000000002f5a4                m_nrf_log_UART_logs_data_const
 .log_const_data_UARTE
                0x000000000002f5ac        0x8 _build/nrf52832_xxaa/nrfx_uarte.c.o
                0x000000000002f5ac                m_nrf_log_UARTE_logs_data_const
 .log_const_data_app
                0x000000000002f5b4        0x8 _build/nrf52832_xxaa/nrf_log_frontend.c.o
                0x000000000002f5b4                m_nrf_log_app_logs_data_const
 .log_const_data_app_button
                0x000000000002f5bc        0x8 _build/nrf52832_xxaa/app_button.c.o
                0x000000000002f5bc                m_nrf_log_app_button_logs_data_const
 .log_const_data_app_timer
                0x000000000002f5c4        0x8 _build/nrf52832_xxaa/app_timer2.c.o
                0x000000000002f5c4                m_nrf_log_app_timer_logs_data_const
 .log_const_data_ble_nus
                0x000000000002f5cc        0x8 _build/nrf52832_xxaa/ble_nus.c.o
                0x000000000002f5cc                m_nrf_log_ble_nus_logs_data_const
 .log_const_data_clock
                0x000000000002f5d4        0x8 _build/nrf52832_xxaa/nrf_drv_clock.c.o
                0x000000000002f5d4                m_nrf_log_clock_logs_data_const
 .log_const_data_nrf_ble_gatt
                0x000000000002f5dc        0x8 _build/nrf52832_xxaa/nrf_ble_gatt.c.o
                0x000000000002f5dc                m_nrf_log_nrf_ble_gatt_logs_data_const
 .log_const_data_nrf_sdh
                0x000000000002f5e4        0x8 _build/nrf52832_xxaa/nrf_sdh.c.o
                0x000000000002f5e4                m_nrf_log_nrf_sdh_logs_data_const
 .log_const_data_nrf_sdh_ble
                0x000000000002f5ec        0x8 _build/nrf52832_xxaa/nrf_sdh_ble.c.o
                0x000000000002f5ec                m_nrf_log_nrf_sdh_ble_logs_data_const
 .log_const_data_nrf_sdh_soc
                0x000000000002f5f4        0x8 _build/nrf52832_xxaa/nrf_sdh_soc.c.o
                0x000000000002f5f4                m_nrf_log_nrf_sdh_soc_logs_data_const
 .log_const_data_pwr_mgmt
                0x000000000002f5fc        0x8 _build/nrf52832_xxaa/nrf_pwr_mgmt.c.o
                0x000000000002f5fc                m_nrf_log_pwr_mgmt_logs_data_const
 .log_const_data_sortlist
                0x000000000002f604        0x8 _build/nrf52832_xxaa/nrf_sortlist.c.o
                0x000000000002f604                m_nrf_log_sortlist_logs_data_const
                0x000000000002f60c                PROVIDE (__stop_log_const_data = .)

.log_backends   0x000000000002f60c       0x10
                [!provide]                        PROVIDE (__start_log_backends = .)
 *(SORT_BY_NAME(.log_backends*))
 .log_backends  0x000000000002f60c       0x10 _build/nrf52832_xxaa/nrf_log_default_backends.c.o
                [!provide]                        PROVIDE (__stop_log_backends = .)

.ARM.extab
 *(.ARM.extab* .gnu.linkonce.armextab.*)
                0x000000000002f61c                __exidx_start = .

.ARM.exidx      0x000000000002f61c        0x8
 *(.ARM.exidx* .gnu.linkonce.armexidx.*)
 .ARM.exidx     0x000000000002f61c        0x8 /usr/local/gcc-arm-none-eabi-9-2019-q4-major/bin/../lib/gcc/arm-none-eabi/9.2.1/../../../../arm-none-eabi/lib/thumb/v7e-m+fp/hard/crt0.o
 .ARM.exidx     0x000000000002f624        0x0 /usr/local/gcc-arm-none-eabi-9-2019-q4-major/bin/../lib/gcc/arm-none-eabi/9.2.1/thumb/v7e-m+fp/hard/libgcc.a(_udivmoddi4.o)
                                          0x8 (size before relaxing)
                0x000000000002f624                __exidx_end = .
                0x000000000002f624                __etext = .

.rel.dyn        0x000000000002f624        0x0
 .rel.iplt      0x000000000002f624        0x0 /usr/local/gcc-arm-none-eabi-9-2019-q4-major/bin/../lib/gcc/arm-none-eabi/9.2.1/thumb/v7e-m+fp/hard/crtbegin.o

.data           0x0000000020002ad8       0xc0 load address 0x000000000002f624
                0x0000000020002ad8                __data_start__ = .
 *(vtable)
 *(.data*)
 .data.log_backend_cb_rtt_log_backend
                0x0000000020002ad8        0x8 _build/nrf52832_xxaa/nrf_log_default_backends.c.o
 .data.m_rtc_inst
                0x0000000020002ae0        0x8 _build/nrf52832_xxaa/app_timer2.c.o
 .data.app_uart_inst
                0x0000000020002ae8       0x14 _build/nrf52832_xxaa/app_uart_fifo.c.o
 .data.SystemCoreClock
                0x0000000020002afc        0x4 _build/nrf52832_xxaa/system_nrf52.c.o
                0x0000000020002afc                SystemCoreClock
 .data.m_adv_uuids
                0x0000000020002b00        0x4 _build/nrf52832_xxaa/main.c.o
 .data.m_ble_nus_max_data_len
                0x0000000020002b04        0x2 _build/nrf52832_xxaa/main.c.o
 .data.m_conn_handle
                0x0000000020002b06        0x2 _build/nrf52832_xxaa/main.c.o
 .data.m_nus    0x0000000020002b08       0x1c _build/nrf52832_xxaa/main.c.o
 .data.m_nus_link_ctx_storage
                0x0000000020002b24        0x8 _build/nrf52832_xxaa/main.c.o
 .data._impure_ptr
                0x0000000020002b2c        0x4 /usr/local/gcc-arm-none-eabi-9-2019-q4-major/bin/../lib/gcc/arm-none-eabi/9.2.1/../../../../arm-none-eabi/lib/thumb/v7e-m+fp/hard/libc_nano.a(lib_a-impure.o)
                0x0000000020002b2c                _impure_ptr
 .data.impure_data
                0x0000000020002b30       0x60 /usr/local/gcc-arm-none-eabi-9-2019-q4-major/bin/../lib/gcc/arm-none-eabi/9.2.1/../../../../arm-none-eabi/lib/thumb/v7e-m+fp/hard/libc_nano.a(lib_a-impure.o)
                0x0000000020002b90                . = ALIGN (0x4)
                0x0000000020002b90                PROVIDE (__preinit_array_start = .)
 *(.preinit_array)
                0x0000000020002b90                PROVIDE (__preinit_array_end = .)
                0x0000000020002b90                . = ALIGN (0x4)
                0x0000000020002b90                PROVIDE (__init_array_start = .)
 *(SORT_BY_NAME(.init_array.*))
 *(.init_array)
 .init_array    0x0000000020002b90        0x4 /usr/local/gcc-arm-none-eabi-9-2019-q4-major/bin/../lib/gcc/arm-none-eabi/9.2.1/thumb/v7e-m+fp/hard/crtbegin.o
                0x0000000020002b94                PROVIDE (__init_array_end = .)
                0x0000000020002b94                . = ALIGN (0x4)
                [!provide]                        PROVIDE (__fini_array_start = .)
 *(SORT_BY_NAME(.fini_array.*))
 *(.fini_array)
 .fini_array    0x0000000020002b94        0x4 /usr/local/gcc-arm-none-eabi-9-2019-q4-major/bin/../lib/gcc/arm-none-eabi/9.2.1/thumb/v7e-m+fp/hard/crtbegin.o
                [!provide]                        PROVIDE (__fini_array_end = .)
 *(.jcr*)
                0x0000000020002b98                . = ALIGN (0x4)
                0x0000000020002b98                __data_end__ = .
LOAD /usr/local/gcc-arm-none-eabi-9-2019-q4-major/bin/../lib/gcc/arm-none-eabi/9.2.1/thumb/v7e-m+fp/hard/crti.o
LOAD /usr/local/gcc-arm-none-eabi-9-2019-q4-major/bin/../lib/gcc/arm-none-eabi/9.2.1/thumb/v7e-m+fp/hard/crtbegin.o
LOAD /usr/local/gcc-arm-none-eabi-9-2019-q4-major/bin/../lib/gcc/arm-none-eabi/9.2.1/../../../../arm-none-eabi/lib/thumb/v7e-m+fp/hard/crt0.o
LOAD _build/nrf52832_xxaa/gcc_startup_nrf52.S.o
LOAD _build/nrf52832_xxaa/nrf_log_backend_rtt.c.o
LOAD _build/nrf52832_xxaa/nrf_log_backend_serial.c.o
LOAD _build/nrf52832_xxaa/nrf_log_default_backends.c.o
LOAD _build/nrf52832_xxaa/nrf_log_frontend.c.o
LOAD _build/nrf52832_xxaa/nrf_log_str_formatter.c.o
LOAD _build/nrf52832_xxaa/app_button.c.o
LOAD _build/nrf52832_xxaa/app_error.c.o
LOAD _build/nrf52832_xxaa/app_error_handler_gcc.c.o
LOAD _build/nrf52832_xxaa/app_error_weak.c.o
LOAD _build/nrf52832_xxaa/app_fifo.c.o
LOAD _build/nrf52832_xxaa/app_scheduler.c.o
LOAD _build/nrf52832_xxaa/app_timer2.c.o
LOAD _build/nrf52832_xxaa/app_uart_fifo.c.o
LOAD _build/nrf52832_xxaa/app_util_platform.c.o
LOAD _build/nrf52832_xxaa/drv_rtc.c.o
LOAD _build/nrf52832_xxaa/hardfault_implementation.c.o
LOAD _build/nrf52832_xxaa/nrf_assert.c.o
LOAD _build/nrf52832_xxaa/nrf_atfifo.c.o
LOAD _build/nrf52832_xxaa/nrf_atflags.c.o
LOAD _build/nrf52832_xxaa/nrf_atomic.c.o
LOAD _build/nrf52832_xxaa/nrf_balloc.c.o
LOAD _build/nrf52832_xxaa/nrf_fprintf.c.o
LOAD _build/nrf52832_xxaa/nrf_fprintf_format.c.o
LOAD _build/nrf52832_xxaa/nrf_memobj.c.o
LOAD _build/nrf52832_xxaa/nrf_pwr_mgmt.c.o
LOAD _build/nrf52832_xxaa/nrf_ringbuf.c.o
LOAD _build/nrf52832_xxaa/nrf_section_iter.c.o
LOAD _build/nrf52832_xxaa/nrf_sortlist.c.o
LOAD _build/nrf52832_xxaa/nrf_strerror.c.o
LOAD _build/nrf52832_xxaa/retarget.c.o
LOAD _build/nrf52832_xxaa/system_nrf52.c.o
LOAD _build/nrf52832_xxaa/boards.c.o
LOAD _build/nrf52832_xxaa/nrf_drv_clock.c.o
LOAD _build/nrf52832_xxaa/nrf_drv_uart.c.o
LOAD _build/nrf52832_xxaa/nrfx_atomic.c.o
LOAD _build/nrf52832_xxaa/nrfx_clock.c.o
LOAD _build/nrf52832_xxaa/nrfx_gpiote.c.o
LOAD _build/nrf52832_xxaa/nrfx_prs.c.o
LOAD _build/nrf52832_xxaa/nrfx_uart.c.o
LOAD _build/nrf52832_xxaa/nrfx_uarte.c.o
LOAD _build/nrf52832_xxaa/bsp.c.o
LOAD _build/nrf52832_xxaa/bsp_btn_ble.c.o
LOAD _build/nrf52832_xxaa/main.c.o
LOAD _build/nrf52832_xxaa/SEGGER_RTT.c.o
LOAD _build/nrf52832_xxaa/SEGGER_RTT_Syscalls_GCC.c.o
LOAD _build/nrf52832_xxaa/SEGGER_RTT_printf.c.o
LOAD _build/nrf52832_xxaa/ble_advdata.c.o
LOAD _build/nrf52832_xxaa/ble_advertising.c.o
LOAD _build/nrf52832_xxaa/ble_conn_params.c.o
LOAD _build/nrf52832_xxaa/ble_conn_state.c.o
LOAD _build/nrf52832_xxaa/ble_link_ctx_manager.c.o
LOAD _build/nrf52832_xxaa/ble_srv_common.c.o
LOAD _build/nrf52832_xxaa/nrf_ble_gatt.c.o
LOAD _build/nrf52832_xxaa/nrf_ble_qwr.c.o
LOAD _build/nrf52832_xxaa/utf.c.o
LOAD _build/nrf52832_xxaa/ble_nus.c.o
LOAD _build/nrf52832_xxaa/nrf_sdh.c.o
LOAD _build/nrf52832_xxaa/nrf_sdh_ble.c.o
LOAD _build/nrf52832_xxaa/nrf_sdh_soc.c.o
LOAD /usr/local/gcc-arm-none-eabi-9-2019-q4-major/bin/../lib/gcc/arm-none-eabi/9.2.1/../../../../arm-none-eabi/lib/thumb/v7e-m+fp/hard/libc_nano.a
LOAD /usr/local/gcc-arm-none-eabi-9-2019-q4-major/bin/../lib/gcc/arm-none-eabi/9.2.1/../../../../arm-none-eabi/lib/thumb/v7e-m+fp/hard/libnosys.a
LOAD /usr/local/gcc-arm-none-eabi-9-2019-q4-major/bin/../lib/gcc/arm-none-eabi/9.2.1/../../../../arm-none-eabi/lib/thumb/v7e-m+fp/hard/libm.a
START GROUP
LOAD /usr/local/gcc-arm-none-eabi-9-2019-q4-major/bin/../lib/gcc/arm-none-eabi/9.2.1/thumb/v7e-m+fp/hard/libgcc.a
LOAD /usr/local/gcc-arm-none-eabi-9-2019-q4-major/bin/../lib/gcc/arm-none-eabi/9.2.1/../../../../arm-none-eabi/lib/thumb/v7e-m+fp/hard/libg_nano.a
LOAD /usr/local/gcc-arm-none-eabi-9-2019-q4-major/bin/../lib/gcc/arm-none-eabi/9.2.1/../../../../arm-none-eabi/lib/thumb/v7e-m+fp/hard/libc_nano.a
END GROUP
START GROUP
LOAD /usr/local/gcc-arm-none-eabi-9-2019-q4-major/bin/../lib/gcc/arm-none-eabi/9.2.1/thumb/v7e-m+fp/hard/libgcc.a
LOAD /usr/local/gcc-arm-none-eabi-9-2019-q4-major/bin/../lib/gcc/arm-none-eabi/9.2.1/../../../../arm-none-eabi/lib/thumb/v7e-m+fp/hard/libc_nano.a
END GROUP
LOAD /usr/local/gcc-arm-none-eabi-9-2019-q4-major/bin/../lib/gcc/arm-none-eabi/9.2.1/thumb/v7e-m+fp/hard/crtend.o
LOAD /usr/local/gcc-arm-none-eabi-9-2019-q4-major/bin/../lib/gcc/arm-none-eabi/9.2.1/thumb/v7e-m+fp/hard/crtn.o
START GROUP
LOAD /usr/local/gcc-arm-none-eabi-9-2019-q4-major/bin/../lib/gcc/arm-none-eabi/9.2.1/thumb/v7e-m+fp/hard/libgcc.a
LOAD /usr/local/gcc-arm-none-eabi-9-2019-q4-major/bin/../lib/gcc/arm-none-eabi/9.2.1/../../../../arm-none-eabi/lib/thumb/v7e-m+fp/hard/libc.a
LOAD /usr/local/gcc-arm-none-eabi-9-2019-q4-major/bin/../lib/gcc/arm-none-eabi/9.2.1/../../../../arm-none-eabi/lib/thumb/v7e-m+fp/hard/libnosys.a
END GROUP

.igot.plt       0x0000000020002b98        0x0 load address 0x000000000002f6e4
 .igot.plt      0x0000000020002b98        0x0 /usr/local/gcc-arm-none-eabi-9-2019-q4-major/bin/../lib/gcc/arm-none-eabi/9.2.1/thumb/v7e-m+fp/hard/crtbegin.o
                0x0000000020002b98                . = ALIGN (0x4)

.mem_section_dummy_ram

.cli_sorted_cmd_ptrs
                0x0000000020002b98        0x0
                [!provide]                        PROVIDE (__start_cli_sorted_cmd_ptrs = .)
 *(.cli_sorted_cmd_ptrs)
                [!provide]                        PROVIDE (__stop_cli_sorted_cmd_ptrs = .)

.fs_data        0x0000000020002b98        0x0
                [!provide]                        PROVIDE (__start_fs_data = .)
 *(.fs_data)
                [!provide]                        PROVIDE (__stop_fs_data = .)

.log_dynamic_data
                0x0000000020002b98        0x0
                0x0000000020002b98                PROVIDE (__start_log_dynamic_data = .)
 *(SORT_BY_NAME(.log_dynamic_data*))
                [!provide]                        PROVIDE (__stop_log_dynamic_data = .)

.log_filter_data
                0x0000000020002b98        0x0
                [!provide]                        PROVIDE (__start_log_filter_data = .)
 *(SORT_BY_NAME(.log_filter_data*))
                [!provide]                        PROVIDE (__stop_log_filter_data = .)

.bss            0x0000000020002b98     0x1354 load address 0x000000000002f6e8
                0x0000000020002b98                . = ALIGN (0x4)
                0x0000000020002b98                __bss_start__ = .
 *(.bss*)
 .bss           0x0000000020002b98       0x1c /usr/local/gcc-arm-none-eabi-9-2019-q4-major/bin/../lib/gcc/arm-none-eabi/9.2.1/thumb/v7e-m+fp/hard/crtbegin.o
 .bss.m_host_present
                0x0000000020002bb4        0x1 _build/nrf52832_xxaa/nrf_log_backend_rtt.c.o
 *fill*         0x0000000020002bb5        0x3 
 .bss.m_string_buff
                0x0000000020002bb8       0x40 _build/nrf52832_xxaa/nrf_log_backend_rtt.c.o
 .bss.log_mempool_nrf_balloc_cb
                0x0000000020002bf8        0x8 _build/nrf52832_xxaa/nrf_log_frontend.c.o
 .bss.log_mempool_nrf_balloc_pool_mem
                0x0000000020002c00       0xc0 _build/nrf52832_xxaa/nrf_log_frontend.c.o
 .bss.log_mempool_nrf_balloc_pool_stack
                0x0000000020002cc0        0x8 _build/nrf52832_xxaa/nrf_log_frontend.c.o
 .bss.m_log_data
                0x0000000020002cc8      0x424 _build/nrf52832_xxaa/nrf_log_frontend.c.o
 .bss.m_log_push_ringbuf_buf
                0x00000000200030ec       0x80 _build/nrf52832_xxaa/nrf_log_frontend.c.o
 .bss.m_log_push_ringbuf_cb
                0x000000002000316c       0x18 _build/nrf52832_xxaa/nrf_log_frontend.c.o
 .bss.m_button_count
                0x0000000020003184        0x1 _build/nrf52832_xxaa/app_button.c.o
 *fill*         0x0000000020003185        0x3 
 .bss.m_detection_delay
                0x0000000020003188        0x4 _build/nrf52832_xxaa/app_button.c.o
 *fill*         0x000000002000318c        0x4 
 .bss.m_detection_delay_timer_id_data
                0x0000000020003190       0x20 _build/nrf52832_xxaa/app_button.c.o
 .bss.m_pin_active
                0x00000000200031b0        0x8 _build/nrf52832_xxaa/app_button.c.o
 .bss.m_pin_states
                0x00000000200031b8       0x10 _build/nrf52832_xxaa/app_button.c.o
 .bss.mp_buttons
                0x00000000200031c8        0x4 _build/nrf52832_xxaa/app_button.c.o
 .bss.m_app_timer_sortlist_sortlist_cb
                0x00000000200031cc        0x4 _build/nrf52832_xxaa/app_timer2.c.o
 .bss.m_base_counter
                0x00000000200031d0        0x8 _build/nrf52832_xxaa/app_timer2.c.o
 .bss.m_global_active
                0x00000000200031d8        0x1 _build/nrf52832_xxaa/app_timer2.c.o
 *fill*         0x00000000200031d9        0x3 
 .bss.m_req_fifo_data
                0x00000000200031dc       0x58 _build/nrf52832_xxaa/app_timer2.c.o
 .bss.m_req_fifo_inst
                0x0000000020003234       0x10 _build/nrf52832_xxaa/app_timer2.c.o
 *fill*         0x0000000020003244        0x4 
 .bss.m_stamp64
                0x0000000020003248        0x8 _build/nrf52832_xxaa/app_timer2.c.o
 .bss.mp_active_timer
                0x0000000020003250        0x4 _build/nrf52832_xxaa/app_timer2.c.o
 .bss.m_event_handler
                0x0000000020003254        0x4 _build/nrf52832_xxaa/app_uart_fifo.c.o
 .bss.m_rx_fifo
                0x0000000020003258       0x10 _build/nrf52832_xxaa/app_uart_fifo.c.o
 .bss.m_rx_ovf  0x0000000020003268        0x1 _build/nrf52832_xxaa/app_uart_fifo.c.o
 *fill*         0x0000000020003269        0x3 
 .bss.m_tx_fifo
                0x000000002000326c       0x10 _build/nrf52832_xxaa/app_uart_fifo.c.o
 .bss.rx_buffer
                0x000000002000327c        0x1 _build/nrf52832_xxaa/app_uart_fifo.c.o
 *fill*         0x000000002000327d        0x3 
 .bss.tx_buffer
                0x0000000020003280        0x1 _build/nrf52832_xxaa/app_uart_fifo.c.o
 *fill*         0x0000000020003281        0x3 
 .bss.m_cb      0x0000000020003284        0x8 _build/nrf52832_xxaa/drv_rtc.c.o
 .bss.m_handlers
                0x000000002000328c        0x4 _build/nrf52832_xxaa/drv_rtc.c.o
 .bss.m_handlers_iter
                0x0000000020003290        0x8 _build/nrf52832_xxaa/nrf_pwr_mgmt.c.o
 .bss.m_shutdown_started
                0x0000000020003298        0x1 _build/nrf52832_xxaa/nrf_pwr_mgmt.c.o
 *fill*         0x0000000020003299        0x3 
 .bss.m_sysoff_mtx
                0x000000002000329c        0x4 _build/nrf52832_xxaa/nrf_pwr_mgmt.c.o
 .bss.m_clock_cb
                0x00000000200032a0       0x14 _build/nrf52832_xxaa/nrf_drv_clock.c.o
 .bss.m_contexts
                0x00000000200032b4        0x4 _build/nrf52832_xxaa/nrf_drv_uart.c.o
 .bss.m_handlers
                0x00000000200032b8        0x4 _build/nrf52832_xxaa/nrf_drv_uart.c.o
 .bss.m_clock_cb
                0x00000000200032bc        0x8 _build/nrf52832_xxaa/nrfx_clock.c.o
 *fill*         0x00000000200032c4        0x4 
 .bss.m_cb      0x00000000200032c8       0x5c _build/nrf52832_xxaa/nrfx_gpiote.c.o
 .bss.m_prs_box_4
                0x0000000020003324        0x8 _build/nrf52832_xxaa/nrfx_prs.c.o
 *fill*         0x000000002000332c        0x4 
 .bss.m_cb      0x0000000020003330       0x2c _build/nrf52832_xxaa/nrfx_uart.c.o
 *fill*         0x000000002000335c        0x4 
 .bss.m_cb      0x0000000020003360       0x24 _build/nrf52832_xxaa/nrfx_uarte.c.o
 .bss.current_long_push_pin_no.9049
                0x0000000020003384        0x1 _build/nrf52832_xxaa/bsp.c.o
 .bss.m_alert_on
                0x0000000020003385        0x1 _build/nrf52832_xxaa/bsp.c.o
 *fill*         0x0000000020003386        0x2 
 .bss.m_bsp_alert_tmr_data
                0x0000000020003388       0x20 _build/nrf52832_xxaa/bsp.c.o
 .bss.m_bsp_button_tmr_data
                0x00000000200033a8       0x20 _build/nrf52832_xxaa/bsp.c.o
 .bss.m_bsp_leds_tmr_data
                0x00000000200033c8       0x20 _build/nrf52832_xxaa/bsp.c.o
 .bss.m_events_list
                0x00000000200033e8        0xc _build/nrf52832_xxaa/bsp.c.o
 .bss.m_indication_type
                0x00000000200033f4        0x4 _build/nrf52832_xxaa/bsp.c.o
 .bss.m_leds_clear
                0x00000000200033f8        0x1 _build/nrf52832_xxaa/bsp.c.o
 *fill*         0x00000000200033f9        0x3 
 .bss.m_registered_callback
                0x00000000200033fc        0x4 _build/nrf52832_xxaa/bsp.c.o
 .bss.m_stable_state
                0x0000000020003400        0x1 _build/nrf52832_xxaa/bsp.c.o
 *fill*         0x0000000020003401        0x3 
 .bss.release_event_at_push.9050
                0x0000000020003404        0x4 _build/nrf52832_xxaa/bsp.c.o
 .bss.m_error_handler
                0x0000000020003408        0x4 _build/nrf52832_xxaa/bsp_btn_ble.c.o
 .bss.m_num_connections
                0x000000002000340c        0x4 _build/nrf52832_xxaa/bsp_btn_ble.c.o
 .bss.data_array.12333
                0x0000000020003410       0xf4 _build/nrf52832_xxaa/main.c.o
 .bss.index.12334
                0x0000000020003504        0x1 _build/nrf52832_xxaa/main.c.o
 *fill*         0x0000000020003505        0x3 
 .bss.m_advertising
                0x0000000020003508      0x434 _build/nrf52832_xxaa/main.c.o
 .bss.m_gatt    0x000000002000393c       0x14 _build/nrf52832_xxaa/main.c.o
 .bss.m_nus_link_ctx_storage_ctx_data_pool
                0x0000000020003950        0x4 _build/nrf52832_xxaa/main.c.o
 .bss.m_qwr     0x0000000020003954        0xc _build/nrf52832_xxaa/main.c.o
 .bss.rx_buf.12351
                0x0000000020003960      0x100 _build/nrf52832_xxaa/main.c.o
 .bss.tx_buf.12352
                0x0000000020003a60      0x100 _build/nrf52832_xxaa/main.c.o
 .bss._acDownBuffer
                0x0000000020003b60       0x10 _build/nrf52832_xxaa/SEGGER_RTT.c.o
 .bss._acUpBuffer
                0x0000000020003b70      0x200 _build/nrf52832_xxaa/SEGGER_RTT.c.o
 .bss.m_conn_params_config
                0x0000000020003d70       0x1c _build/nrf52832_xxaa/ble_conn_params.c.o
 .bss.m_conn_params_instances
                0x0000000020003d8c       0x14 _build/nrf52832_xxaa/ble_conn_params.c.o
 .bss.m_preferred_conn_params
                0x0000000020003da0        0x8 _build/nrf52832_xxaa/ble_conn_params.c.o
 .bss.m_timer_data
                0x0000000020003da8       0x20 _build/nrf52832_xxaa/ble_conn_params.c.o
 .bss.m_bcs     0x0000000020003dc8       0x7c _build/nrf52832_xxaa/ble_conn_state.c.o
 .bss.m_nrf_sdh_continue
                0x0000000020003e44        0x1 _build/nrf52832_xxaa/nrf_sdh.c.o
 .bss.m_nrf_sdh_enabled
                0x0000000020003e45        0x1 _build/nrf52832_xxaa/nrf_sdh.c.o
 .bss.m_nrf_sdh_suspended
                0x0000000020003e46        0x1 _build/nrf52832_xxaa/nrf_sdh.c.o
 .bss.m_stack_is_enabled
                0x0000000020003e47        0x1 _build/nrf52832_xxaa/nrf_sdh_ble.c.o
 .bss.__malloc_free_list
                0x0000000020003e48        0x4 /usr/local/gcc-arm-none-eabi-9-2019-q4-major/bin/../lib/gcc/arm-none-eabi/9.2.1/../../../../arm-none-eabi/lib/thumb/v7e-m+fp/hard/libc_nano.a(lib_a-nano-mallocr.o)
                0x0000000020003e48                __malloc_free_list
 .bss.__malloc_sbrk_start
                0x0000000020003e4c        0x4 /usr/local/gcc-arm-none-eabi-9-2019-q4-major/bin/../lib/gcc/arm-none-eabi/9.2.1/../../../../arm-none-eabi/lib/thumb/v7e-m+fp/hard/libc_nano.a(lib_a-nano-mallocr.o)
                0x0000000020003e4c                __malloc_sbrk_start
 .bss.heap_end.5507
                0x0000000020003e50        0x4 /usr/local/gcc-arm-none-eabi-9-2019-q4-major/bin/../lib/gcc/arm-none-eabi/9.2.1/../../../../arm-none-eabi/lib/thumb/v7e-m+fp/hard/libnosys.a(sbrk.o)
 *(COMMON)
 COMMON         0x0000000020003e54        0xc _build/nrf52832_xxaa/app_util_platform.c.o
                0x0000000020003e54                nrf_nvic_state
 COMMON         0x0000000020003e60        0x1 _build/nrf52832_xxaa/nrf_drv_uart.c.o
                0x0000000020003e60                nrf_drv_uart_use_easy_dma
 *fill*         0x0000000020003e61        0x3 
 COMMON         0x0000000020003e64       0x78 _build/nrf52832_xxaa/SEGGER_RTT.c.o
                0x0000000020003e64                _SEGGER_RTT