Archive member included to satisfy reference by file (symbol)

/usr/local/gcc-arm-none-eabi-9-2019-q4-major/bin/../lib/gcc/arm-none-eabi/9.2.1/../../../../arm-none-eabi/lib/thumb/v7e-m+fp/hard/libc_nano.a(lib_a-ctype_.o)
                              _build/nrf52832_xxaa/nrf_log_str_formatter.c.o (_ctype_)
/usr/local/gcc-arm-none-eabi-9-2019-q4-major/bin/../lib/gcc/arm-none-eabi/9.2.1/../../../../arm-none-eabi/lib/thumb/v7e-m+fp/hard/libc_nano.a(lib_a-exit.o)
                              /usr/local/gcc-arm-none-eabi-9-2019-q4-major/bin/../lib/gcc/arm-none-eabi/9.2.1/../../../../arm-none-eabi/lib/thumb/v7e-m+fp/hard/crt0.o (exit)
/usr/local/gcc-arm-none-eabi-9-2019-q4-major/bin/../lib/gcc/arm-none-eabi/9.2.1/../../../../arm-none-eabi/lib/thumb/v7e-m+fp/hard/libc_nano.a(lib_a-impure.o)
                              /usr/local/gcc-arm-none-eabi-9-2019-q4-major/bin/../lib/gcc/arm-none-eabi/9.2.1/../../../../arm-none-eabi/lib/thumb/v7e-m+fp/hard/libc_nano.a(lib_a-exit.o) (_global_impure_ptr)
/usr/local/gcc-arm-none-eabi-9-2019-q4-major/bin/../lib/gcc/arm-none-eabi/9.2.1/../../../../arm-none-eabi/lib/thumb/v7e-m+fp/hard/libc_nano.a(lib_a-init.o)
                              /usr/local/gcc-arm-none-eabi-9-2019-q4-major/bin/../lib/gcc/arm-none-eabi/9.2.1/../../../../arm-none-eabi/lib/thumb/v7e-m+fp/hard/crt0.o (__libc_init_array)
/usr/local/gcc-arm-none-eabi-9-2019-q4-major/bin/../lib/gcc/arm-none-eabi/9.2.1/../../../../arm-none-eabi/lib/thumb/v7e-m+fp/hard/libc_nano.a(lib_a-memcmp.o)
                              _build/nrf52832_xxaa/ble_advdata.c.o (memcmp)
/usr/local/gcc-arm-none-eabi-9-2019-q4-major/bin/../lib/gcc/arm-none-eabi/9.2.1/../../../../arm-none-eabi/lib/thumb/v7e-m+fp/hard/libc_nano.a(lib_a-memcpy-stub.o)
                              _build/nrf52832_xxaa/nrf_log_frontend.c.o (memcpy)
/usr/local/gcc-arm-none-eabi-9-2019-q4-major/bin/../lib/gcc/arm-none-eabi/9.2.1/../../../../arm-none-eabi/lib/thumb/v7e-m+fp/hard/libc_nano.a(lib_a-memset.o)
                              /usr/local/gcc-arm-none-eabi-9-2019-q4-major/bin/../lib/gcc/arm-none-eabi/9.2.1/../../../../arm-none-eabi/lib/thumb/v7e-m+fp/hard/crt0.o (memset)
/usr/local/gcc-arm-none-eabi-9-2019-q4-major/bin/../lib/gcc/arm-none-eabi/9.2.1/../../../../arm-none-eabi/lib/thumb/v7e-m+fp/hard/libc_nano.a(lib_a-printf.o)
                              _build/nrf52832_xxaa/main.c.o (printf)
/usr/local/gcc-arm-none-eabi-9-2019-q4-major/bin/../lib/gcc/arm-none-eabi/9.2.1/../../../../arm-none-eabi/lib/thumb/v7e-m+fp/hard/libc_nano.a(lib_a-strcpy.o)
                              _build/nrf52832_xxaa/SEGGER_RTT.c.o (strcpy)
/usr/local/gcc-arm-none-eabi-9-2019-q4-major/bin/../lib/gcc/arm-none-eabi/9.2.1/../../../../arm-none-eabi/lib/thumb/v7e-m+fp/hard/libc_nano.a(lib_a-strlen.o)
                              _build/nrf52832_xxaa/nrf_log_frontend.c.o (strlen)
/usr/local/gcc-arm-none-eabi-9-2019-q4-major/bin/../lib/gcc/arm-none-eabi/9.2.1/../../../../arm-none-eabi/lib/thumb/v7e-m+fp/hard/libc_nano.a(lib_a-findfp.o)
                              /usr/local/gcc-arm-none-eabi-9-2019-q4-major/bin/../lib/gcc/arm-none-eabi/9.2.1/../../../../arm-none-eabi/lib/thumb/v7e-m+fp/hard/libc_nano.a(lib_a-printf.o) (__sinit)
/usr/local/gcc-arm-none-eabi-9-2019-q4-major/bin/../lib/gcc/arm-none-eabi/9.2.1/../../../../arm-none-eabi/lib/thumb/v7e-m+fp/hard/libc_nano.a(lib_a-fwalk.o)
                              /usr/local/gcc-arm-none-eabi-9-2019-q4-major/bin/../lib/gcc/arm-none-eabi/9.2.1/../../../../arm-none-eabi/lib/thumb/v7e-m+fp/hard/libc_nano.a(lib_a-findfp.o) (_fwalk)
/usr/local/gcc-arm-none-eabi-9-2019-q4-major/bin/../lib/gcc/arm-none-eabi/9.2.1/../../../../arm-none-eabi/lib/thumb/v7e-m+fp/hard/libc_nano.a(lib_a-lock.o)
                              /usr/local/gcc-arm-none-eabi-9-2019-q4-major/bin/../lib/gcc/arm-none-eabi/9.2.1/../../../../arm-none-eabi/lib/thumb/v7e-m+fp/hard/libc_nano.a(lib_a-findfp.o) (__retarget_lock_init_recursive)
/usr/local/gcc-arm-none-eabi-9-2019-q4-major/bin/../lib/gcc/arm-none-eabi/9.2.1/../../../../arm-none-eabi/lib/thumb/v7e-m+fp/hard/libc_nano.a(lib_a-nano-mallocr.o)
                              /usr/local/gcc-arm-none-eabi-9-2019-q4-major/bin/../lib/gcc/arm-none-eabi/9.2.1/../../../../arm-none-eabi/lib/thumb/v7e-m+fp/hard/libc_nano.a(lib_a-findfp.o) (_malloc_r)
/usr/local/gcc-arm-none-eabi-9-2019-q4-major/bin/../lib/gcc/arm-none-eabi/9.2.1/../../../../arm-none-eabi/lib/thumb/v7e-m+fp/hard/libc_nano.a(lib_a-nano-vfprintf.o)
                              /usr/local/gcc-arm-none-eabi-9-2019-q4-major/bin/../lib/gcc/arm-none-eabi/9.2.1/../../../../arm-none-eabi/lib/thumb/v7e-m+fp/hard/libc_nano.a(lib_a-printf.o) (_vfprintf_r)
/usr/local/gcc-arm-none-eabi-9-2019-q4-major/bin/../lib/gcc/arm-none-eabi/9.2.1/../../../../arm-none-eabi/lib/thumb/v7e-m+fp/hard/libc_nano.a(lib_a-nano-vfprintf_i.o)
[...]
Memory Configuration

Name             Origin             Length             Attributes
FLASH            0x0000000000019000 0x0000000000067000 xr
RAM              0x00000000200022c8 0x000000000000dd38 xrw
*default*        0x0000000000000000 0xffffffffffffffff

Linker script and memory map


.text           0x0000000000019000     0x92d0
 *(.isr_vector)
 .isr_vector    0x0000000000019000      0x200 _build/nrf52832_xxaa/gcc_startup_nrf52.S.o
                0x0000000000019000                __isr_vector
 *(.text*)
 .text          0x0000000000019200       0x40 /usr/local/gcc-arm-none-eabi-9-2019-q4-major/bin/../lib/gcc/arm-none-eabi/9.2.1/thumb/v7e-m+fp/hard/crtbegin.o
 .text          0x0000000000019240       0x74 /usr/local/gcc-arm-none-eabi-9-2019-q4-major/bin/../lib/gcc/arm-none-eabi/9.2.1/../../../../arm-none-eabi/lib/thumb/v7e-m+fp/hard/crt0.o
                0x0000000000019240                _mainCRTStartup
                0x0000000000019240                _start
 .text          0x00000000000192b4       0x3c _build/nrf52832_xxaa/gcc_startup_nrf52.S.o
                0x00000000000192b4                Reset_Handler
                0x00000000000192dc                NMI_Handler
                0x00000000000192de                HardFault_Handler
                0x00000000000192e0                MemoryManagement_Handler
                0x00000000000192e2                BusFault_Handler
                0x00000000000192e4                UsageFault_Handler
                0x00000000000192e6                SVC_Handler
                0x00000000000192e8                DebugMon_Handler
                0x00000000000192ea                PendSV_Handler
                0x00000000000192ec                SysTick_Handler
                0x00000000000192ee                TIMER2_IRQHandler
                0x00000000000192ee                RTC0_IRQHandler
                0x00000000000192ee                SWI0_EGU0_IRQHandler
                0x00000000000192ee                PWM1_IRQHandler
                0x00000000000192ee                RADIO_IRQHandler
                0x00000000000192ee                PDM_IRQHandler
                0x00000000000192ee                TEMP_IRQHandler
                0x00000000000192ee                QDEC_IRQHandler
                0x00000000000192ee                TIMER3_IRQHandler
                0x00000000000192ee                FPU_IRQHandler
                0x00000000000192ee                SPIM0_SPIS0_TWIM0_TWIS0_SPI0_TWI0_IRQHandler
                0x00000000000192ee                TIMER4_IRQHandler
                0x00000000000192ee                I2S_IRQHandler
                0x00000000000192ee                SWI4_EGU4_IRQHandler
                0x00000000000192ee                TIMER0_IRQHandler
                0x00000000000192ee                TIMER1_IRQHandler
                0x00000000000192ee                PWM2_IRQHandler
                0x00000000000192ee                ECB_IRQHandler
                0x00000000000192ee                SPIM1_SPIS1_TWIM1_TWIS1_SPI1_TWI1_IRQHandler
                0x00000000000192ee                Default_Handler
                0x00000000000192ee                SAADC_IRQHandler
                0x00000000000192ee                CCM_AAR_IRQHandler
                0x00000000000192ee                WDT_IRQHandler
                0x00000000000192ee                SWI5_EGU5_IRQHandler
                0x00000000000192ee                RNG_IRQHandler
                0x00000000000192ee                RTC2_IRQHandler
                0x00000000000192ee                PWM0_IRQHandler
                0x00000000000192ee                SWI3_EGU3_IRQHandler
                0x00000000000192ee                SWI1_EGU1_IRQHandler
                0x00000000000192ee                SPIM2_SPIS2_SPI2_IRQHandler
                0x00000000000192ee                NFCT_IRQHandler
                0x00000000000192ee                MWU_IRQHandler
                0x00000000000192ee                COMP_LPCOMP_IRQHandler
 .text.nrf_log_backend_rtt_flush
                0x00000000000192f0        0x4 _build/nrf52832_xxaa/nrf_log_backend_rtt.c.o
 .text.nrf_log_backend_rtt_put
                0x00000000000192f4       0x20 _build/nrf52832_xxaa/nrf_log_backend_rtt.c.o
 .text.serial_tx
                0x0000000000019314       0x54 _build/nrf52832_xxaa/nrf_log_backend_rtt.c.o
 .text.nrf_log_backend_rtt_panic_set
                0x0000000000019368        0x4 _build/nrf52832_xxaa/nrf_log_backend_rtt.c.o
 .text.nrf_log_backend_rtt_init
                0x000000000001936c        0x4 _build/nrf52832_xxaa/nrf_log_backend_rtt.c.o
                0x000000000001936c                nrf_log_backend_rtt_init
 .text.nrf_log_backend_serial_put
                0x0000000000019370       0xd8 _build/nrf52832_xxaa/nrf_log_backend_serial.c.o
                0x0000000000019370                nrf_log_backend_serial_put
 .text.nrf_log_default_backends_init
                0x0000000000019448       0x20 _build/nrf52832_xxaa/nrf_log_default_backends.c.o
                0x0000000000019448                nrf_log_default_backends_init
 .text.nrf_log_init
                0x0000000000019468       0x40 _build/nrf52832_xxaa/nrf_log_frontend.c.o
                0x0000000000019468                nrf_log_init
 .text.nrf_log_module_name_get
                0x00000000000194a8       0x48 _build/nrf52832_xxaa/nrf_log_frontend.c.o
                0x00000000000194a8                nrf_log_module_name_get
 .text.nrf_log_color_id_get
                0x00000000000194f0       0x2c _build/nrf52832_xxaa/nrf_log_frontend.c.o
                0x00000000000194f0                nrf_log_color_id_get
 .text.nrf_log_frontend_dequeue
                0x000000000001951c      0x274 _build/nrf52832_xxaa/nrf_log_frontend.c.o
                0x000000000001951c                nrf_log_frontend_dequeue
 .text.nrf_log_frontend_std_0
                0x0000000000019790      0x1a0 _build/nrf52832_xxaa/nrf_log_frontend.c.o
                0x0000000000019790                nrf_log_frontend_std_0
 .text.nrf_log_frontend_std_1
                0x0000000000019930      0x1b0 _build/nrf52832_xxaa/nrf_log_frontend.c.o
                0x0000000000019930                nrf_log_frontend_std_1
 .text.nrf_log_frontend_std_2
                0x0000000000019ae0      0x1c0 _build/nrf52832_xxaa/nrf_log_frontend.c.o
                0x0000000000019ae0                nrf_log_frontend_std_2
 .text.nrf_log_backend_add
                0x0000000000019ca0       0x5c _build/nrf52832_xxaa/nrf_log_frontend.c.o
                0x0000000000019ca0                nrf_log_backend_add
 .text.nrf_log_panic
                0x0000000000019cfc       0x2c _build/nrf52832_xxaa/nrf_log_frontend.c.o
                0x0000000000019cfc                nrf_log_panic
 .text.prefix_process
                0x0000000000019d28       0x80 _build/nrf52832_xxaa/nrf_log_str_formatter.c.o
 .text.nrf_log_std_entry_process
                0x0000000000019da8       0xf0 _build/nrf52832_xxaa/nrf_log_str_formatter.c.o
                0x0000000000019da8                nrf_log_std_entry_process
 .text.nrf_log_hexdump_entry_process
                0x0000000000019e98       0xfc _build/nrf52832_xxaa/nrf_log_str_formatter.c.o
                0x0000000000019e98                nrf_log_hexdump_entry_process
 .text.gpiote_event_handler
                0x0000000000019f94       0x74 _build/nrf52832_xxaa/app_button.c.o
 .text.detection_delay_timeout_handler
                0x000000000001a008      0x264 _build/nrf52832_xxaa/app_button.c.o
 .text.app_button_init
                0x000000000001a26c       0xc0 _build/nrf52832_xxaa/app_button.c.o
                0x000000000001a26c                app_button_init
 .text.app_button_enable
                0x000000000001a32c       0x2c _build/nrf52832_xxaa/app_button.c.o
                0x000000000001a32c                app_button_enable
 .text.app_error_handler_bare
                0x000000000001a358       0x20 _build/nrf52832_xxaa/app_error.c.o
                0x000000000001a358                app_error_handler_bare
 .text.app_error_fault_handler
                0x000000000001a378       0x70 _build/nrf52832_xxaa/app_error_weak.c.o
                0x000000000001a378                app_error_fault_handler
 .text.app_fifo_init
                0x000000000001a3e8       0x20 _build/nrf52832_xxaa/app_fifo.c.o
                0x000000000001a3e8                app_fifo_init
 .text.app_fifo_put
                0x000000000001a408       0x30 _build/nrf52832_xxaa/app_fifo.c.o
                0x000000000001a408                app_fifo_put
 .text.app_fifo_get
                0x000000000001a438       0x2c _build/nrf52832_xxaa/app_fifo.c.o
                0x000000000001a438                app_fifo_get
 .text.compare_func
                0x000000000001a464       0x18 _build/nrf52832_xxaa/app_timer2.c.o
 .text.rtc_irq  0x000000000001a47c      0x318 _build/nrf52832_xxaa/app_timer2.c.o
 .text.app_timer_init
                0x000000000001a794       0x6c _build/nrf52832_xxaa/app_timer2.c.o
                0x000000000001a794                app_timer_init
 .text.app_timer_create
                0x000000000001a800       0x1c _build/nrf52832_xxaa/app_timer2.c.o
                0x000000000001a800                app_timer_create
 .text.app_timer_start
                0x000000000001a81c       0x8c _build/nrf52832_xxaa/app_timer2.c.o
                0x000000000001a81c                app_timer_start
 .text.app_timer_stop
                0x000000000001a8a8       0x44 _build/nrf52832_xxaa/app_timer2.c.o
                0x000000000001a8a8                app_timer_stop
 .text.uart_event_handler
                0x000000000001a8ec      0x120 _build/nrf52832_xxaa/app_uart_fifo.c.o
 .text.app_uart_init
                0x000000000001aa0c       0xf8 _build/nrf52832_xxaa/app_uart_fifo.c.o
                0x000000000001aa0c                app_uart_init
 .text.app_uart_get
                0x000000000001ab04       0x5c _build/nrf52832_xxaa/app_uart_fifo.c.o
                0x000000000001ab04                app_uart_get
 .text.app_uart_put
                0x000000000001ab60       0x74 _build/nrf52832_xxaa/app_uart_fifo.c.o
                0x000000000001ab60                app_uart_put
 .text.app_util_critical_region_enter
                0x000000000001abd4       0x4c _build/nrf52832_xxaa/app_util_platform.c.o
                0x000000000001abd4                app_util_critical_region_enter
 .text.app_util_critical_region_exit
                0x000000000001ac20       0x30 _build/nrf52832_xxaa/app_util_platform.c.o
                0x000000000001ac20                app_util_critical_region_exit
 .text.drv_rtc_init
                0x000000000001ac50       0xbc _build/nrf52832_xxaa/drv_rtc.c.o
                0x000000000001ac50                drv_rtc_init
 .text.drv_rtc_start
                0x000000000001ad0c        0x8 _build/nrf52832_xxaa/drv_rtc.c.o
                0x000000000001ad0c                drv_rtc_start
 .text.drv_rtc_stop
                0x000000000001ad14        0x8 _build/nrf52832_xxaa/drv_rtc.c.o
                0x000000000001ad14                drv_rtc_stop
 .text.drv_rtc_compare_set
                0x000000000001ad1c       0x4c _build/nrf52832_xxaa/drv_rtc.c.o
                0x000000000001ad1c                drv_rtc_compare_set
 .text.drv_rtc_windowed_compare_set
                0x000000000001ad68       0xf8 _build/nrf52832_xxaa/drv_rtc.c.o
                0x000000000001ad68                drv_rtc_windowed_compare_set
 .text.drv_rtc_overflow_enable
                0x000000000001ae60       0x14 _build/nrf52832_xxaa/drv_rtc.c.o
                0x000000000001ae60                drv_rtc_overflow_enable
 .text.drv_rtc_overflow_pending
                0x000000000001ae74       0x20 _build/nrf52832_xxaa/drv_rtc.c.o
                0x000000000001ae74                drv_rtc_overflow_pending
 .text.drv_rtc_compare_disable
                0x000000000001ae94       0x18 _build/nrf52832_xxaa/drv_rtc.c.o
                0x000000000001ae94                drv_rtc_compare_disable
 .text.drv_rtc_compare_pending
                0x000000000001aeac       0x20 _build/nrf52832_xxaa/drv_rtc.c.o
                0x000000000001aeac                drv_rtc_compare_pending
 .text.drv_rtc_counter_get
                0x000000000001aecc        0x8 _build/nrf52832_xxaa/drv_rtc.c.o
                0x000000000001aecc                drv_rtc_counter_get
 .text.drv_rtc_irq_trigger
                0x000000000001aed4       0x20 _build/nrf52832_xxaa/drv_rtc.c.o
                0x000000000001aed4                drv_rtc_irq_trigger
 .text.RTC1_IRQHandler
                0x000000000001aef4       0x14 _build/nrf52832_xxaa/drv_rtc.c.o
                0x000000000001aef4                RTC1_IRQHandler
 .text.nrf_atfifo_init
                0x000000000001af08       0x30 _build/nrf52832_xxaa/nrf_atfifo.c.o
                0x000000000001af08                nrf_atfifo_init
 .text.nrf_atfifo_item_alloc
                0x000000000001af38       0x5c _build/nrf52832_xxaa/nrf_atfifo.c.o
                0x000000000001af38                nrf_atfifo_item_alloc
 .text.nrf_atfifo_item_put
                0x000000000001af94       0x20 _build/nrf52832_xxaa/nrf_atfifo.c.o
                0x000000000001af94                nrf_atfifo_item_put
 .text.nrf_atfifo_item_get
                0x000000000001afb4       0x60 _build/nrf52832_xxaa/nrf_atfifo.c.o
                0x000000000001afb4                nrf_atfifo_item_get
 .text.nrf_atfifo_item_free
                0x000000000001b014       0x20 _build/nrf52832_xxaa/nrf_atfifo.c.o
                0x000000000001b014                nrf_atfifo_item_free
 .text.nrf_atflags_set
                0x000000000001b034       0x14 _build/nrf52832_xxaa/nrf_atflags.c.o
                0x000000000001b034                nrf_atflags_set
 .text.nrf_atflags_clear
                0x000000000001b048       0x14 _build/nrf52832_xxaa/nrf_atflags.c.o
                0x000000000001b048                nrf_atflags_clear
 .text.nrf_atflags_get
                0x000000000001b05c       0x14 _build/nrf52832_xxaa/nrf_atflags.c.o
                0x000000000001b05c                nrf_atflags_get
 .text.nrf_atomic_u32_fetch_store
                0x000000000001b070       0x1c _build/nrf52832_xxaa/nrf_atomic.c.o
                0x000000000001b070                nrf_atomic_u32_fetch_store
 .text.nrf_atomic_u32_or
                0x000000000001b08c       0x1c _build/nrf52832_xxaa/nrf_atomic.c.o
                0x000000000001b08c                nrf_atomic_u32_or
 .text.nrf_atomic_u32_and
                0x000000000001b0a8       0x1c _build/nrf52832_xxaa/nrf_atomic.c.o
                0x000000000001b0a8                nrf_atomic_u32_and
 .text.nrf_atomic_u32_add
                0x000000000001b0c4       0x1c _build/nrf52832_xxaa/nrf_atomic.c.o
                0x000000000001b0c4                nrf_atomic_u32_add
 .text.nrf_atomic_u32_sub
                0x000000000001b0e0       0x1c _build/nrf52832_xxaa/nrf_atomic.c.o
                0x000000000001b0e0                nrf_atomic_u32_sub
 .text.nrf_atomic_flag_set
                0x000000000001b0fc       0x20 _build/nrf52832_xxaa/nrf_atomic.c.o
                0x000000000001b0fc                nrf_atomic_flag_set
 .text.nrf_atomic_flag_clear_fetch
                0x000000000001b11c       0x20 _build/nrf52832_xxaa/nrf_atomic.c.o
                0x000000000001b11c                nrf_atomic_flag_clear_fetch
 .text.nrf_balloc_init
                0x000000000001b13c       0x38 _build/nrf52832_xxaa/nrf_balloc.c.o
                0x000000000001b13c                nrf_balloc_init
 .text.nrf_balloc_alloc
                0x000000000001b174       0x50 _build/nrf52832_xxaa/nrf_balloc.c.o
                0x000000000001b174                nrf_balloc_alloc
 .text.nrf_balloc_free
                0x000000000001b1c4       0x38 _build/nrf52832_xxaa/nrf_balloc.c.o
                0x000000000001b1c4                nrf_balloc_free
 .text.nrf_fprintf_buffer_flush
                0x000000000001b1fc       0x18 _build/nrf52832_xxaa/nrf_fprintf.c.o
                0x000000000001b1fc                nrf_fprintf_buffer_flush
 .text.nrf_fprintf
                0x000000000001b214       0x20 _build/nrf52832_xxaa/nrf_fprintf.c.o
                0x000000000001b214                nrf_fprintf
 .text.unsigned_print
                0x000000000001b234      0x14c _build/nrf52832_xxaa/nrf_fprintf_format.c.o
 .text.nrf_fprintf_fmt
                0x000000000001b380      0x5cc _build/nrf52832_xxaa/nrf_fprintf_format.c.o
                0x000000000001b380                nrf_fprintf_fmt
 .text.nrf_memobj_pool_init
                0x000000000001b94c        0x4 _build/nrf52832_xxaa/nrf_memobj.c.o
                0x000000000001b94c                nrf_memobj_pool_init
 .text.nrf_memobj_alloc
                0x000000000001b950       0x94 _build/nrf52832_xxaa/nrf_memobj.c.o
                0x000000000001b950                nrf_memobj_alloc
 .text.nrf_memobj_get
                0x000000000001b9e4        0x8 _build/nrf52832_xxaa/nrf_memobj.c.o
                0x000000000001b9e4                nrf_memobj_get
 .text.nrf_memobj_put
                0x000000000001b9ec       0x58 _build/nrf52832_xxaa/nrf_memobj.c.o
                0x000000000001b9ec                nrf_memobj_put
 .text.nrf_memobj_write
                0x000000000001ba44       0x68 _build/nrf52832_xxaa/nrf_memobj.c.o
                0x000000000001ba44                nrf_memobj_write
 .text.nrf_memobj_read
                0x000000000001baac       0x68 _build/nrf52832_xxaa/nrf_memobj.c.o
                0x000000000001baac                nrf_memobj_read
 .text.sd_app_evt_wait
                0x000000000001bb14        0x4 _build/nrf52832_xxaa/nrf_pwr_mgmt.c.o
 .text.nrf_pwr_mgmt_init
                0x000000000001bb18       0x2c _build/nrf52832_xxaa/nrf_pwr_mgmt.c.o
                0x000000000001bb18                nrf_pwr_mgmt_init
 .text.nrf_pwr_mgmt_run
                0x000000000001bb44       0x54 _build/nrf52832_xxaa/nrf_pwr_mgmt.c.o
                0x000000000001bb44                nrf_pwr_mgmt_run
 .text.nrf_ringbuf_init
                0x000000000001bb98       0x1c _build/nrf52832_xxaa/nrf_ringbuf.c.o
                0x000000000001bb98                nrf_ringbuf_init
 .text.nrf_section_iter_init
                0x000000000001bbb4       0x14 _build/nrf52832_xxaa/nrf_section_iter.c.o
                0x000000000001bbb4                nrf_section_iter_init
 .text.nrf_section_iter_next
                0x000000000001bbc8       0x18 _build/nrf52832_xxaa/nrf_section_iter.c.o
                0x000000000001bbc8                nrf_section_iter_next
 .text.nrf_sortlist_add
                0x000000000001bbe0       0x28 _build/nrf52832_xxaa/nrf_sortlist.c.o
                0x000000000001bbe0                nrf_sortlist_add
 .text.nrf_sortlist_pop
                0x000000000001bc08        0xc _build/nrf52832_xxaa/nrf_sortlist.c.o
                0x000000000001bc08                nrf_sortlist_pop
 .text.nrf_sortlist_peek
                0x000000000001bc14        0x8 _build/nrf52832_xxaa/nrf_sortlist.c.o
                0x000000000001bc14                nrf_sortlist_peek
 .text.nrf_sortlist_remove
                0x000000000001bc1c       0x1c _build/nrf52832_xxaa/nrf_sortlist.c.o
                0x000000000001bc1c                nrf_sortlist_remove
 .text.nrf_strerror_get
                0x000000000001bc38       0x50 _build/nrf52832_xxaa/nrf_strerror.c.o
                0x000000000001bc38                nrf_strerror_get
 .text._write   0x000000000001bc88       0x1c _build/nrf52832_xxaa/retarget.c.o
                0x000000000001bc88                _write
 .text._read    0x000000000001bca4       0x14 _build/nrf52832_xxaa/retarget.c.o
                0x000000000001bca4                _read
 .text.SystemInit
                0x000000000001bcb8      0x3b4 _build/nrf52832_xxaa/system_nrf52.c.o
                0x000000000001bcb8                SystemInit
 .text.bsp_board_led_state_get
                0x000000000001c06c       0x1c _build/nrf52832_xxaa/boards.c.o
                0x000000000001c06c                bsp_board_led_state_get
 .text.bsp_board_led_on
                0x000000000001c088       0x18 _build/nrf52832_xxaa/boards.c.o
                0x000000000001c088                bsp_board_led_on
 .text.bsp_board_led_off
                0x000000000001c0a0       0x18 _build/nrf52832_xxaa/boards.c.o
                0x000000000001c0a0                bsp_board_led_off
 .text.bsp_board_leds_off
                0x000000000001c0b8       0x2c _build/nrf52832_xxaa/boards.c.o
                0x000000000001c0b8                bsp_board_leds_off
 .text.bsp_board_leds_on
                0x000000000001c0e4       0x2c _build/nrf52832_xxaa/boards.c.o
                0x000000000001c0e4                bsp_board_leds_on
 .text.bsp_board_led_invert
                0x000000000001c110       0x24 _build/nrf52832_xxaa/boards.c.o
                0x000000000001c110                bsp_board_led_invert
 .text.bsp_board_button_state_get
                0x000000000001c134       0x1c _build/nrf52832_xxaa/boards.c.o
                0x000000000001c134                bsp_board_button_state_get
 .text.bsp_board_pin_to_button_idx
                0x000000000001c150       0x24 _build/nrf52832_xxaa/boards.c.o
                0x000000000001c150                bsp_board_pin_to_button_idx
 .text.bsp_board_button_idx_to_pin
                0x000000000001c174        0xc _build/nrf52832_xxaa/boards.c.o
                0x000000000001c174                bsp_board_button_idx_to_pin
 .text.bsp_board_init
                0x000000000001c180       0x5c _build/nrf52832_xxaa/boards.c.o
                0x000000000001c180                bsp_board_init
 .text.clock_irq_handler
                0x000000000001c1dc       0x44 _build/nrf52832_xxaa/nrf_drv_clock.c.o
 .text.soc_evt_handler
                0x000000000001c220       0x28 _build/nrf52832_xxaa/nrf_drv_clock.c.o
 .text.sd_state_evt_handler
                0x000000000001c248       0xa8 _build/nrf52832_xxaa/nrf_drv_clock.c.o
 .text.uarte_evt_handler
                0x000000000001c2f0       0x34 _build/nrf52832_xxaa/nrf_drv_uart.c.o
 .text.uart_evt_handler
                0x000000000001c324       0x34 _build/nrf52832_xxaa/nrf_drv_uart.c.o
 .text.nrf_drv_uart_init
                0x000000000001c358       0x80 _build/nrf52832_xxaa/nrf_drv_uart.c.o
                0x000000000001c358                nrf_drv_uart_init
 .text.nrfx_clock_init
                0x000000000001c3d8       0x18 _build/nrf52832_xxaa/nrfx_clock.c.o
                0x000000000001c3d8                nrfx_clock_init
 .text.nrfx_clock_enable
                0x000000000001c3f0       0x24 _build/nrf52832_xxaa/nrfx_clock.c.o
                0x000000000001c3f0                nrfx_clock_enable
 .text.nrfx_clock_lfclk_stop
                0x000000000001c414       0x18 _build/nrf52832_xxaa/nrfx_clock.c.o
                0x000000000001c414                nrfx_clock_lfclk_stop
 .text.POWER_CLOCK_IRQHandler
                0x000000000001c42c       0x6c _build/nrf52832_xxaa/nrfx_clock.c.o
                0x000000000001c42c                POWER_CLOCK_IRQHandler
 .text.nrfx_gpiote_init
                0x000000000001c498       0x94 _build/nrf52832_xxaa/nrfx_gpiote.c.o
                0x000000000001c498                nrfx_gpiote_init
 .text.nrfx_gpiote_is_init
                0x000000000001c52c       0x14 _build/nrf52832_xxaa/nrfx_gpiote.c.o
                0x000000000001c52c                nrfx_gpiote_is_init
 .text.nrfx_gpiote_in_init
                0x000000000001c540      0x1c8 _build/nrf52832_xxaa/nrfx_gpiote.c.o
                0x000000000001c540                nrfx_gpiote_in_init
 .text.nrfx_gpiote_in_event_enable
                0x000000000001c708       0xbc _build/nrf52832_xxaa/nrfx_gpiote.c.o
                0x000000000001c708                nrfx_gpiote_in_event_enable
 .text.nrfx_gpiote_in_is_set
                0x000000000001c7c4       0x14 _build/nrf52832_xxaa/nrfx_gpiote.c.o
                0x000000000001c7c4                nrfx_gpiote_in_is_set
 .text.GPIOTE_IRQHandler
                0x000000000001c7d8      0x4ec _build/nrf52832_xxaa/nrfx_gpiote.c.o
                0x000000000001c7d8                GPIOTE_IRQHandler
 .text.UARTE0_UART0_IRQHandler
                0x000000000001ccc4        0xc _build/nrf52832_xxaa/nrfx_prs.c.o
                0x000000000001ccc4                UARTE0_UART0_IRQHandler
 .text.nrfx_prs_acquire
                0x000000000001ccd0       0x50 _build/nrf52832_xxaa/nrfx_prs.c.o
                0x000000000001ccd0                nrfx_prs_acquire
 .text.nrfx_uart_0_irq_handler
                0x000000000001cd20      0x1c4 _build/nrf52832_xxaa/nrfx_uart.c.o
                0x000000000001cd20                nrfx_uart_0_irq_handler
 .text.nrfx_uart_init
                0x000000000001cee4      0x19c _build/nrf52832_xxaa/nrfx_uart.c.o
                0x000000000001cee4                nrfx_uart_init
 .text.nrfx_uart_tx
                0x000000000001d080       0xd0 _build/nrf52832_xxaa/nrfx_uart.c.o
                0x000000000001d080                nrfx_uart_tx
 .text.nrfx_uart_tx_in_progress
                0x000000000001d150       0x18 _build/nrf52832_xxaa/nrfx_uart.c.o
                0x000000000001d150                nrfx_uart_tx_in_progress
 .text.nrfx_uart_rx
                0x000000000001d168      0x148 _build/nrf52832_xxaa/nrfx_uart.c.o
                0x000000000001d168                nrfx_uart_rx
 .text.nrfx_uarte_0_irq_handler
                0x000000000001d2b0      0x168 _build/nrf52832_xxaa/nrfx_uarte.c.o
                0x000000000001d2b0                nrfx_uarte_0_irq_handler
 .text.nrfx_uarte_init
                0x000000000001d418      0x1d4 _build/nrf52832_xxaa/nrfx_uarte.c.o
                0x000000000001d418                nrfx_uarte_init
 .text.nrfx_uarte_tx
                0x000000000001d5ec       0xb4 _build/nrf52832_xxaa/nrfx_uarte.c.o
                0x000000000001d5ec                nrfx_uarte_tx
 .text.nrfx_uarte_tx_in_progress
                0x000000000001d6a0       0x1c _build/nrf52832_xxaa/nrfx_uarte.c.o
                0x000000000001d6a0                nrfx_uarte_tx_in_progress
 .text.nrfx_uarte_rx
                0x000000000001d6bc      0x130 _build/nrf52832_xxaa/nrfx_uarte.c.o
                0x000000000001d6bc                nrfx_uarte_rx
 .text.alert_timer_handler
                0x000000000001d7ec        0x8 _build/nrf52832_xxaa/bsp.c.o
 .text.bsp_button_event_handler
                0x000000000001d7f4       0xa4 _build/nrf52832_xxaa/bsp.c.o
 .text.button_timer_handler
                0x000000000001d898       0x30 _build/nrf52832_xxaa/bsp.c.o
 .text.bsp_led_indication
                0x000000000001d8c8      0x318 _build/nrf52832_xxaa/bsp.c.o
 .text.leds_timer_handler
                0x000000000001dbe0       0x1c _build/nrf52832_xxaa/bsp.c.o
 .text.bsp_button_is_pressed
                0x000000000001dbfc        0xc _build/nrf52832_xxaa/bsp.c.o
                0x000000000001dbfc                bsp_button_is_pressed
 .text.bsp_indication_set
                0x000000000001dc08       0x18 _build/nrf52832_xxaa/bsp.c.o
                0x000000000001dc08                bsp_indication_set
 .text.bsp_init
                0x000000000001dc20       0xbc _build/nrf52832_xxaa/bsp.c.o
                0x000000000001dc20                bsp_init
 .text.bsp_event_to_button_action_assign
                0x000000000001dcdc       0x54 _build/nrf52832_xxaa/bsp.c.o
                0x000000000001dcdc                bsp_event_to_button_action_assign
 .text.bsp_wakeup_button_enable
                0x000000000001dd30       0x30 _build/nrf52832_xxaa/bsp.c.o
                0x000000000001dd30                bsp_wakeup_button_enable
 .text.ble_evt_handler
                0x000000000001dd60       0xac _build/nrf52832_xxaa/bsp_btn_ble.c.o
 .text.bsp_btn_ble_sleep_mode_prepare
                0x000000000001de0c       0x24 _build/nrf52832_xxaa/bsp_btn_ble.c.o
                0x000000000001de0c                bsp_btn_ble_sleep_mode_prepare
 .text.bsp_btn_ble_init
                0x000000000001de30       0x6c _build/nrf52832_xxaa/bsp_btn_ble.c.o
                0x000000000001de30                bsp_btn_ble_init
 .text.sd_ble_gap_disconnect
                0x000000000001de9c        0x4 _build/nrf52832_xxaa/main.c.o
 .text.sd_ble_gap_ppcp_set
                0x000000000001dea0        0x4 _build/nrf52832_xxaa/main.c.o
 .text.sd_ble_gap_device_name_set
                0x000000000001dea4        0x4 _build/nrf52832_xxaa/main.c.o
 .text.sd_ble_gap_sec_params_reply
                0x000000000001dea8        0x4 _build/nrf52832_xxaa/main.c.o
 .text.sd_ble_gap_phy_update
                0x000000000001deac        0x4 _build/nrf52832_xxaa/main.c.o
 .text.sd_ble_gatts_sys_attr_set
                0x000000000001deb0        0x4 _build/nrf52832_xxaa/main.c.o
 .text.sd_power_system_off
                0x000000000001deb4        0x4 _build/nrf52832_xxaa/main.c.o
 .text.nrf_qwr_error_handler
                0x000000000001deb8        0x4 _build/nrf52832_xxaa/main.c.o
 .text.ble_evt_handler
                0x000000000001debc       0xf8 _build/nrf52832_xxaa/main.c.o
 .text.gatt_evt_handler
                0x000000000001dfb4       0x50 _build/nrf52832_xxaa/main.c.o
                0x000000000001dfb4                gatt_evt_handler
 .text.on_conn_params_evt
                0x000000000001e004       0x24 _build/nrf52832_xxaa/main.c.o
 .text.bsp_event_handler
                0x000000000001e028       0x70 _build/nrf52832_xxaa/main.c.o
                0x000000000001e028                bsp_event_handler
 .text.uart_event_handle
                0x000000000001e098       0x98 _build/nrf52832_xxaa/main.c.o
                0x000000000001e098                uart_event_handle
 .text.nus_data_handler
                0x000000000001e130       0x80 _build/nrf52832_xxaa/main.c.o
 .text.conn_params_error_handler
                0x000000000001e1b0        0x4 _build/nrf52832_xxaa/main.c.o
 .text.on_adv_evt
                0x000000000001e1b4       0x40 _build/nrf52832_xxaa/main.c.o
 .text.gatt_init
                0x000000000001e1f4       0x38 _build/nrf52832_xxaa/main.c.o
                0x000000000001e1f4                gatt_init
 .text.startup.main
                0x000000000001e22c      0x270 _build/nrf52832_xxaa/main.c.o
                0x000000000001e22c                main
 .text.SEGGER_RTT_WriteNoLock
                0x000000000001e49c      0x1bc _build/nrf52832_xxaa/SEGGER_RTT.c.o
                0x000000000001e49c                SEGGER_RTT_WriteNoLock
 .text.SEGGER_RTT_Init
                0x000000000001e658       0x60 _build/nrf52832_xxaa/SEGGER_RTT.c.o
                0x000000000001e658                SEGGER_RTT_Init
 .text.sd_ble_gap_addr_get
                0x000000000001e6b8        0x4 _build/nrf52832_xxaa/ble_advdata.c.o
 .text.sd_ble_gap_appearance_get
                0x000000000001e6bc        0x4 _build/nrf52832_xxaa/ble_advdata.c.o
 .text.sd_ble_gap_device_name_get
                0x000000000001e6c0        0x4 _build/nrf52832_xxaa/ble_advdata.c.o
 .text.sd_ble_uuid_encode
                0x000000000001e6c4        0x4 _build/nrf52832_xxaa/ble_advdata.c.o
 .text.uuid_list_sized_encode.isra.0
                0x000000000001e6c8       0xf0 _build/nrf52832_xxaa/ble_advdata.c.o
 .text.ble_advdata_encode
                0x000000000001e7b8      0x40c _build/nrf52832_xxaa/ble_advdata.c.o
                0x000000000001e7b8                ble_advdata_encode
 .text.ble_advdata_parse
                0x000000000001ebc4       0x58 _build/nrf52832_xxaa/ble_advdata.c.o
                0x000000000001ebc4                ble_advdata_parse
 .text.sd_ble_gap_adv_set_configure
                0x000000000001ec1c        0x4 _build/nrf52832_xxaa/ble_advertising.c.o
 .text.sd_ble_gap_adv_start
                0x000000000001ec20        0x4 _build/nrf52832_xxaa/ble_advertising.c.o
 .text.sd_ble_gap_adv_stop
                0x000000000001ec24        0x4 _build/nrf52832_xxaa/ble_advertising.c.o
 .text.ble_advertising_start.part.0
                0x000000000001ec28      0x2b8 _build/nrf52832_xxaa/ble_advertising.c.o
 .text.ble_advertising_conn_cfg_tag_set
                0x000000000001eee0        0x8 _build/nrf52832_xxaa/ble_advertising.c.o
                0x000000000001eee0                ble_advertising_conn_cfg_tag_set
 .text.ble_advertising_init
                0x000000000001eee8       0xf0 _build/nrf52832_xxaa/ble_advertising.c.o
                0x000000000001eee8                ble_advertising_init
 .text.ble_advertising_start
                0x000000000001efd8        0xc _build/nrf52832_xxaa/ble_advertising.c.o
                0x000000000001efd8                ble_advertising_start
 .text.ble_advertising_on_ble_evt
                0x000000000001efe4       0x8c _build/nrf52832_xxaa/ble_advertising.c.o
                0x000000000001efe4                ble_advertising_on_ble_evt
 .text.ble_advertising_restart_without_whitelist
                0x000000000001f070       0x60 _build/nrf52832_xxaa/ble_advertising.c.o
                0x000000000001f070                ble_advertising_restart_without_whitelist
 .text.sd_ble_gap_conn_param_update
                0x000000000001f0d0        0x4 _build/nrf52832_xxaa/ble_conn_params.c.o
 .text.sd_ble_gap_disconnect
                0x000000000001f0d4        0x4 _build/nrf52832_xxaa/ble_conn_params.c.o
 .text.sd_ble_gap_ppcp_set
                0x000000000001f0d8        0x4 _build/nrf52832_xxaa/ble_conn_params.c.o
 .text.sd_ble_gap_ppcp_get
                0x000000000001f0dc        0x4 _build/nrf52832_xxaa/ble_conn_params.c.o
 .text.update_timeout_handler
                0x000000000001f0e0       0x78 _build/nrf52832_xxaa/ble_conn_params.c.o
 .text.ble_evt_handler
                0x000000000001f158      0x1d4 _build/nrf52832_xxaa/ble_conn_params.c.o
 .text.ble_conn_params_init
                0x000000000001f32c       0x78 _build/nrf52832_xxaa/ble_conn_params.c.o
                0x000000000001f32c                ble_conn_params_init
 .text.ble_evt_handler
                0x000000000001f3a4      0x160 _build/nrf52832_xxaa/ble_conn_state.c.o
 .text.ble_conn_state_conn_idx
                0x000000000001f504       0x24 _build/nrf52832_xxaa/ble_conn_state.c.o
                0x000000000001f504                ble_conn_state_conn_idx
 .text.blcm_link_ctx_get
                0x000000000001f528       0x50 _build/nrf52832_xxaa/ble_link_ctx_manager.c.o
                0x000000000001f528                blcm_link_ctx_get
 .text.sd_ble_gatts_characteristic_add
                0x000000000001f578        0x4 _build/nrf52832_xxaa/ble_srv_common.c.o
 .text.ble_srv_is_notification_enabled
                0x000000000001f57c        0x8 _build/nrf52832_xxaa/ble_srv_common.c.o
                0x000000000001f57c                ble_srv_is_notification_enabled
 .text.characteristic_add
                0x000000000001f584      0x278 _build/nrf52832_xxaa/ble_srv_common.c.o
                0x000000000001f584                characteristic_add
 .text.sd_ble_gattc_exchange_mtu_request
                0x000000000001f7fc        0x4 _build/nrf52832_xxaa/nrf_ble_gatt.c.o
 .text.sd_ble_gatts_exchange_mtu_reply
                0x000000000001f800        0x4 _build/nrf52832_xxaa/nrf_ble_gatt.c.o
 .text.nrf_ble_gatt_init
                0x000000000001f804       0x28 _build/nrf52832_xxaa/nrf_ble_gatt.c.o
                0x000000000001f804                nrf_ble_gatt_init
 .text.nrf_ble_gatt_att_mtu_periph_set
                0x000000000001f82c       0x18 _build/nrf52832_xxaa/nrf_ble_gatt.c.o
                0x000000000001f82c                nrf_ble_gatt_att_mtu_periph_set
 .text.nrf_ble_gatt_on_ble_evt
                0x000000000001f844      0x150 _build/nrf52832_xxaa/nrf_ble_gatt.c.o
                0x000000000001f844                nrf_ble_gatt_on_ble_evt
 .text.sd_ble_gatts_rw_authorize_reply
                0x000000000001f994        0x4 _build/nrf52832_xxaa/nrf_ble_qwr.c.o
 .text.sd_ble_user_mem_reply
                0x000000000001f998        0x4 _build/nrf52832_xxaa/nrf_ble_qwr.c.o
 .text.nrf_ble_qwr_init
                0x000000000001f99c       0x24 _build/nrf52832_xxaa/nrf_ble_qwr.c.o
                0x000000000001f99c                nrf_ble_qwr_init
 .text.nrf_ble_qwr_conn_handle_assign
                0x000000000001f9c0       0x18 _build/nrf52832_xxaa/nrf_ble_qwr.c.o
                0x000000000001f9c0                nrf_ble_qwr_conn_handle_assign
 .text.nrf_ble_qwr_on_ble_evt
                0x000000000001f9d8       0xf4 _build/nrf52832_xxaa/nrf_ble_qwr.c.o
                0x000000000001f9d8                nrf_ble_qwr_on_ble_evt
 .text.sd_ble_gatts_service_add
                0x000000000001facc        0x4 _build/nrf52832_xxaa/ble_nus.c.o
 .text.sd_ble_gatts_value_get
                0x000000000001fad0        0x4 _build/nrf52832_xxaa/ble_nus.c.o
 .text.sd_ble_gatts_hvx
                0x000000000001fad4        0x4 _build/nrf52832_xxaa/ble_nus.c.o
 .text.sd_ble_uuid_vs_add
                0x000000000001fad8        0x4 _build/nrf52832_xxaa/ble_nus.c.o
 .text.ble_nus_on_ble_evt
                0x000000000001fadc      0x13c _build/nrf52832_xxaa/ble_nus.c.o
                0x000000000001fadc                ble_nus_on_ble_evt
 .text.ble_nus_init
                0x000000000001fc18       0xe8 _build/nrf52832_xxaa/ble_nus.c.o
                0x000000000001fc18                ble_nus_init
 .text.ble_nus_data_send
                0x000000000001fd00       0x6c _build/nrf52832_xxaa/ble_nus.c.o
                0x000000000001fd00                ble_nus_data_send
 .text.sd_softdevice_enable
                0x000000000001fd6c        0x4 _build/nrf52832_xxaa/nrf_sdh.c.o
 .text.nrf_sdh_enable_request
                0x000000000001fd70      0x118 _build/nrf52832_xxaa/nrf_sdh.c.o
                0x000000000001fd70                nrf_sdh_enable_request
 .text.nrf_sdh_is_enabled
                0x000000000001fe88        0xc _build/nrf52832_xxaa/nrf_sdh.c.o
                0x000000000001fe88                nrf_sdh_is_enabled
 .text.SWI2_EGU2_IRQHandler
                0x000000000001fe94       0x2c _build/nrf52832_xxaa/nrf_sdh.c.o
                0x000000000001fe94                SWI2_EGU2_IRQHandler
 .text.sd_ble_enable
                0x000000000001fec0        0x4 _build/nrf52832_xxaa/nrf_sdh_ble.c.o
 .text.sd_ble_cfg_set
                0x000000000001fec4        0x4 _build/nrf52832_xxaa/nrf_sdh_ble.c.o
 .text.sd_ble_evt_get
                0x000000000001fec8        0x4 _build/nrf52832_xxaa/nrf_sdh_ble.c.o
 .text.nrf_sdh_ble_evts_poll.part.0
                0x000000000001fecc       0x54 _build/nrf52832_xxaa/nrf_sdh_ble.c.o
 .text.nrf_sdh_ble_evts_poll
                0x000000000001ff20       0x10 _build/nrf52832_xxaa/nrf_sdh_ble.c.o
 .text.nrf_sdh_ble_default_cfg_set
                0x000000000001ff30      0x1b8 _build/nrf52832_xxaa/nrf_sdh_ble.c.o
                0x000000000001ff30                nrf_sdh_ble_default_cfg_set
 .text.nrf_sdh_ble_enable
                0x00000000000200e8       0xa0 _build/nrf52832_xxaa/nrf_sdh_ble.c.o
                0x00000000000200e8                nrf_sdh_ble_enable
 .text.sd_evt_get
                0x0000000000020188        0x4 _build/nrf52832_xxaa/nrf_sdh_soc.c.o
 .text.nrf_sdh_soc_evts_poll
                0x000000000002018c       0x4c _build/nrf52832_xxaa/nrf_sdh_soc.c.o
 .text.exit     0x00000000000201d8       0x28 /usr/local/gcc-arm-none-eabi-9-2019-q4-major/bin/../lib/gcc/arm-none-eabi/9.2.1/../../../../arm-none-eabi/lib/thumb/v7e-m+fp/hard/libc_nano.a(lib_a-exit.o)
                0x00000000000201d8                exit
 .text.__libc_init_array
                0x0000000000020200       0x48 /usr/local/gcc-arm-none-eabi-9-2019-q4-major/bin/../lib/gcc/arm-none-eabi/9.2.1/../../../../arm-none-eabi/lib/thumb/v7e-m+fp/hard/libc_nano.a(lib_a-init.o)
                0x0000000000020200                __libc_init_array
 .text.memcpy   0x0000000000020248       0x1c /usr/local/gcc-arm-none-eabi-9-2019-q4-major/bin/../lib/gcc/arm-none-eabi/9.2.1/../../../../arm-none-eabi/lib/thumb/v7e-m+fp/hard/libc_nano.a(lib_a-memcpy-stub.o)
                0x0000000000020248                memcpy
 .text.memset   0x0000000000020264       0x10 /usr/local/gcc-arm-none-eabi-9-2019-q4-major/bin/../lib/gcc/arm-none-eabi/9.2.1/../../../../arm-none-eabi/lib/thumb/v7e-m+fp/hard/libc_nano.a(lib_a-memset.o)
                0x0000000000020264                memset
 .text.printf   0x0000000000020274       0x30 /usr/local/gcc-arm-none-eabi-9-2019-q4-major/bin/../lib/gcc/arm-none-eabi/9.2.1/../../../../arm-none-eabi/lib/thumb/v7e-m+fp/hard/libc_nano.a(lib_a-printf.o)
                0x0000000000020274                printf
                0x0000000000020274                iprintf
 .text.strcpy   0x00000000000202a4       0x10 /usr/local/gcc-arm-none-eabi-9-2019-q4-major/bin/../lib/gcc/arm-none-eabi/9.2.1/../../../../arm-none-eabi/lib/thumb/v7e-m+fp/hard/libc_nano.a(lib_a-strcpy.o)
                0x00000000000202a4                strcpy
 .text          0x00000000000202b4       0x10 /usr/local/gcc-arm-none-eabi-9-2019-q4-major/bin/../lib/gcc/arm-none-eabi/9.2.1/../../../../arm-none-eabi/lib/thumb/v7e-m+fp/hard/libc_nano.a(lib_a-strlen.o)
                0x00000000000202b4                strlen
 .text.std      0x00000000000202c4       0x48 /usr/local/gcc-arm-none-eabi-9-2019-q4-major/bin/../lib/gcc/arm-none-eabi/9.2.1/../../../../arm-none-eabi/lib/thumb/v7e-m+fp/hard/libc_nano.a(lib_a-findfp.o)
 .text._cleanup_r
                0x000000000002030c        0xc /usr/local/gcc-arm-none-eabi-9-2019-q4-major/bin/../lib/gcc/arm-none-eabi/9.2.1/../../../../arm-none-eabi/lib/thumb/v7e-m+fp/hard/libc_nano.a(lib_a-findfp.o)
                0x000000000002030c                _cleanup_r
 .text.__sfmoreglue
                0x0000000000020318       0x2c /usr/local/gcc-arm-none-eabi-9-2019-q4-major/bin/../lib/gcc/arm-none-eabi/9.2.1/../../../../arm-none-eabi/lib/thumb/v7e-m+fp/hard/libc_nano.a(lib_a-findfp.o)
                0x0000000000020318                __sfmoreglue
 .text.__sfp_lock_acquire
                0x0000000000020344        0xc /usr/local/gcc-arm-none-eabi-9-2019-q4-major/bin/../lib/gcc/arm-none-eabi/9.2.1/../../../../arm-none-eabi/lib/thumb/v7e-m+fp/hard/libc_nano.a(lib_a-findfp.o)
                0x0000000000020344                __sfp_lock_acquire
 .text.__sfp_lock_release
                0x0000000000020350        0xc /usr/local/gcc-arm-none-eabi-9-2019-q4-major/bin/../lib/gcc/arm-none-eabi/9.2.1/../../../../arm-none-eabi/lib/thumb/v7e-m+fp/hard/libc_nano.a(lib_a-findfp.o)
                0x0000000000020350                __sfp_lock_release
 .text.__sinit_lock_acquire
                0x000000000002035c        0xc /usr/local/gcc-arm-none-eabi-9-2019-q4-major/bin/../lib/gcc/arm-none-eabi/9.2.1/../../../../arm-none-eabi/lib/thumb/v7e-m+fp/hard/libc_nano.a(lib_a-findfp.o)
                0x000000000002035c                __sinit_lock_acquire
 .text.__sinit_lock_release
                0x0000000000020368        0xc /usr/local/gcc-arm-none-eabi-9-2019-q4-major/bin/../lib/gcc/arm-none-eabi/9.2.1/../../../../arm-none-eabi/lib/thumb/v7e-m+fp/hard/libc_nano.a(lib_a-findfp.o)
                0x0000000000020368                __sinit_lock_release
 .text.__sinit  0x0000000000020374       0x70 /usr/local/gcc-arm-none-eabi-9-2019-q4-major/bin/../lib/gcc/arm-none-eabi/9.2.1/../../../../arm-none-eabi/lib/thumb/v7e-m+fp/hard/libc_nano.a(lib_a-findfp.o)
                0x0000000000020374                __sinit
 .text.__sfp    0x00000000000203e4       0x8c /usr/local/gcc-arm-none-eabi-9-2019-q4-major/bin/../lib/gcc/arm-none-eabi/9.2.1/../../../../arm-none-eabi/lib/thumb/v7e-m+fp/hard/libc_nano.a(lib_a-findfp.o)
                0x00000000000203e4                __sfp
 .text._fwalk_reent
                0x0000000000020470       0x3e /usr/local/gcc-arm-none-eabi-9-2019-q4-major/bin/../lib/gcc/arm-none-eabi/9.2.1/../../../../arm-none-eabi/lib/thumb/v7e-m+fp/hard/libc_nano.a(lib_a-fwalk.o)
                0x0000000000020470                _fwalk_reent
 .text.__retarget_lock_init_recursive
                0x00000000000204ae        0x2 /usr/local/gcc-arm-none-eabi-9-2019-q4-major/bin/../lib/gcc/arm-none-eabi/9.2.1/../../../../arm-none-eabi/lib/thumb/v7e-m+fp/hard/libc_nano.a(lib_a-lock.o)
                0x00000000000204ae                __retarget_lock_init_recursive
 .text.__retarget_lock_acquire_recursive
                0x00000000000204b0        0x2 /usr/local/gcc-arm-none-eabi-9-2019-q4-major/bin/../lib/gcc/arm-none-eabi/9.2.1/../../../../arm-none-eabi/lib/thumb/v7e-m+fp/hard/libc_nano.a(lib_a-lock.o)
                0x00000000000204b0                __retarget_lock_acquire_recursive
 .text.__retarget_lock_release_recursive
                0x00000000000204b2        0x2 /usr/local/gcc-arm-none-eabi-9-2019-q4-major/bin/../lib/gcc/arm-none-eabi/9.2.1/../../../../arm-none-eabi/lib/thumb/v7e-m+fp/hard/libc_nano.a(lib_a-lock.o)
                0x00000000000204b2                __retarget_lock_release_recursive
 .text._malloc_r
                0x00000000000204b4       0xb4 /usr/local/gcc-arm-none-eabi-9-2019-q4-major/bin/../lib/gcc/arm-none-eabi/9.2.1/../../../../arm-none-eabi/lib/thumb/v7e-m+fp/hard/libc_nano.a(lib_a-nano-mallocr.o)
                0x00000000000204b4                _malloc_r
 .text.__sfputc_r
                0x0000000000020568       0x2e /usr/local/gcc-arm-none-eabi-9-2019-q4-major/bin/../lib/gcc/arm-none-eabi/9.2.1/../../../../arm-none-eabi/lib/thumb/v7e-m+fp/hard/libc_nano.a(lib_a-nano-vfprintf.o)
 .text.__sfputs_r
                0x0000000000020596       0x24 /usr/local/gcc-arm-none-eabi-9-2019-q4-major/bin/../lib/gcc/arm-none-eabi/9.2.1/../../../../arm-none-eabi/lib/thumb/v7e-m+fp/hard/libc_nano.a(lib_a-nano-vfprintf.o)
                0x0000000000020596                __sfputs_r
 *fill*         0x00000000000205ba        0x2 
 .text._vfprintf_r
                0x00000000000205bc      0x260 /usr/local/gcc-arm-none-eabi-9-2019-q4-major/bin/../lib/gcc/arm-none-eabi/9.2.1/../../../../arm-none-eabi/lib/thumb/v7e-m+fp/hard/libc_nano.a(lib_a-nano-vfprintf.o)
                0x00000000000205bc                _vfiprintf_r
                0x00000000000205bc                _vfprintf_r
 .text._printf_common
                0x000000000002081c       0xda /usr/local/gcc-arm-none-eabi-9-2019-q4-major/bin/../lib/gcc/arm-none-eabi/9.2.1/../../../../arm-none-eabi/lib/thumb/v7e-m+fp/hard/libc_nano.a(lib_a-nano-vfprintf_i.o)
                0x000000000002081c                _printf_common
 *fill*         0x00000000000208f6        0x2 
 .text._printf_i
                0x00000000000208f8      0x24c /usr/local/gcc-arm-none-eabi-9-2019-q4-major/bin/../lib/gcc/arm-none-eabi/9.2.1/../../../../arm-none-eabi/lib/thumb/v7e-m+fp/hard/libc_nano.a(lib_a-nano-vfprintf_i.o)
                0x00000000000208f8                _printf_i
 .text._sbrk_r  0x0000000000020b44       0x20 /usr/local/gcc-arm-none-eabi-9-2019-q4-major/bin/../lib/gcc/arm-none-eabi/9.2.1/../../../../arm-none-eabi/lib/thumb/v7e-m+fp/hard/libc_nano.a(lib_a-sbrkr.o)
                0x0000000000020b44                _sbrk_r
 .text.__sread  0x0000000000020b64       0x22 /usr/local/gcc-arm-none-eabi-9-2019-q4-major/bin/../lib/gcc/arm-none-eabi/9.2.1/../../../../arm-none-eabi/lib/thumb/v7e-m+fp/hard/libc_nano.a(lib_a-stdio.o)
                0x0000000000020b64                __sread
 .text.__swrite
                0x0000000000020b86       0x38 /usr/local/gcc-arm-none-eabi-9-2019-q4-major/bin/../lib/gcc/arm-none-eabi/9.2.1/../../../../arm-none-eabi/lib/thumb/v7e-m+fp/hard/libc_nano.a(lib_a-stdio.o)
                0x0000000000020b86                __swrite
 .text.__sseek  0x0000000000020bbe       0x24 /usr/local/gcc-arm-none-eabi-9-2019-q4-major/bin/../lib/gcc/arm-none-eabi/9.2.1/../../../../arm-none-eabi/lib/thumb/v7e-m+fp/hard/libc_nano.a(lib_a-stdio.o)
                0x0000000000020bbe                __sseek
 .text.__sclose
                0x0000000000020be2        0x8 /usr/local/gcc-arm-none-eabi-9-2019-q4-major/bin/../lib/gcc/arm-none-eabi/9.2.1/../../../../arm-none-eabi/lib/thumb/v7e-m+fp/hard/libc_nano.a(lib_a-stdio.o)
                0x0000000000020be2                __sclose
 *fill*         0x0000000000020bea        0x2 
 .text.__swbuf_r
                0x0000000000020bec       0xa4 /usr/local/gcc-arm-none-eabi-9-2019-q4-major/bin/../lib/gcc/arm-none-eabi/9.2.1/../../../../arm-none-eabi/lib/thumb/v7e-m+fp/hard/libc_nano.a(lib_a-wbuf.o)
                0x0000000000020bec                __swbuf_r
 .text._write_r
                0x0000000000020c90       0x24 /usr/local/gcc-arm-none-eabi-9-2019-q4-major/bin/../lib/gcc/arm-none-eabi/9.2.1/../../../../arm-none-eabi/lib/thumb/v7e-m+fp/hard/libc_nano.a(lib_a-writer.o)
                0x0000000000020c90                _write_r
 .text.__swsetup_r
                0x0000000000020cb4       0xdc /usr/local/gcc-arm-none-eabi-9-2019-q4-major/bin/../lib/gcc/arm-none-eabi/9.2.1/../../../../arm-none-eabi/lib/thumb/v7e-m+fp/hard/libc_nano.a(lib_a-wsetup.o)
                0x0000000000020cb4                __swsetup_r
 .text._close_r
                0x0000000000020d90       0x20 /usr/local/gcc-arm-none-eabi-9-2019-q4-major/bin/../lib/gcc/arm-none-eabi/9.2.1/../../../../arm-none-eabi/lib/thumb/v7e-m+fp/hard/libc_nano.a(lib_a-closer.o)
                0x0000000000020d90                _close_r
 .text.__sflush_r
                0x0000000000020db0      0x10c /usr/local/gcc-arm-none-eabi-9-2019-q4-major/bin/../lib/gcc/arm-none-eabi/9.2.1/../../../../arm-none-eabi/lib/thumb/v7e-m+fp/hard/libc_nano.a(lib_a-fflush.o)
                0x0000000000020db0                __sflush_r
 .text._fflush_r
                0x0000000000020ebc       0x78 /usr/local/gcc-arm-none-eabi-9-2019-q4-major/bin/../lib/gcc/arm-none-eabi/9.2.1/../../../../arm-none-eabi/lib/thumb/v7e-m+fp/hard/libc_nano.a(lib_a-fflush.o)
                0x0000000000020ebc                _fflush_r
 .text._lseek_r
                0x0000000000020f34       0x24 /usr/local/gcc-arm-none-eabi-9-2019-q4-major/bin/../lib/gcc/arm-none-eabi/9.2.1/../../../../arm-none-eabi/lib/thumb/v7e-m+fp/hard/libc_nano.a(lib_a-lseekr.o)
                0x0000000000020f34                _lseek_r
 .text.__swhatbuf_r
                0x0000000000020f58       0x48 /usr/local/gcc-arm-none-eabi-9-2019-q4-major/bin/../lib/gcc/arm-none-eabi/9.2.1/../../../../arm-none-eabi/lib/thumb/v7e-m+fp/hard/libc_nano.a(lib_a-makebuf.o)
                0x0000000000020f58                __swhatbuf_r
 .text.__smakebuf_r
                0x0000000000020fa0       0x80 /usr/local/gcc-arm-none-eabi-9-2019-q4-major/bin/../lib/gcc/arm-none-eabi/9.2.1/../../../../arm-none-eabi/lib/thumb/v7e-m+fp/hard/libc_nano.a(lib_a-makebuf.o)
                0x0000000000020fa0                __smakebuf_r
 .text          0x0000000000021020       0xa0 /usr/local/gcc-arm-none-eabi-9-2019-q4-major/bin/../lib/gcc/arm-none-eabi/9.2.1/../../../../arm-none-eabi/lib/thumb/v7e-m+fp/hard/libc_nano.a(lib_a-memchr.o)
                0x0000000000021020                memchr
 .text.__malloc_lock
                0x00000000000210c0        0xc /usr/local/gcc-arm-none-eabi-9-2019-q4-major/bin/../lib/gcc/arm-none-eabi/9.2.1/../../../../arm-none-eabi/lib/thumb/v7e-m+fp/hard/libc_nano.a(lib_a-mlock.o)
                0x00000000000210c0                __malloc_lock
 .text.__malloc_unlock
                0x00000000000210cc        0xc /usr/local/gcc-arm-none-eabi-9-2019-q4-major/bin/../lib/gcc/arm-none-eabi/9.2.1/../../../../arm-none-eabi/lib/thumb/v7e-m+fp/hard/libc_nano.a(lib_a-mlock.o)
                0x00000000000210cc                __malloc_unlock
 .text._free_r  0x00000000000210d8       0xa0 /usr/local/gcc-arm-none-eabi-9-2019-q4-major/bin/../lib/gcc/arm-none-eabi/9.2.1/../../../../arm-none-eabi/lib/thumb/v7e-m+fp/hard/libc_nano.a(lib_a-nano-freer.o)
                0x00000000000210d8                _free_r
 .text._read_r  0x0000000000021178       0x24 /usr/local/gcc-arm-none-eabi-9-2019-q4-major/bin/../lib/gcc/arm-none-eabi/9.2.1/../../../../arm-none-eabi/lib/thumb/v7e-m+fp/hard/libc_nano.a(lib_a-readr.o)
                0x0000000000021178                _read_r
 .text._fstat_r
                0x000000000002119c       0x24 /usr/local/gcc-arm-none-eabi-9-2019-q4-major/bin/../lib/gcc/arm-none-eabi/9.2.1/../../../../arm-none-eabi/lib/thumb/v7e-m+fp/hard/libc_nano.a(lib_a-fstatr.o)
                0x000000000002119c                _fstat_r
 .text._isatty_r
                0x00000000000211c0       0x20 /usr/local/gcc-arm-none-eabi-9-2019-q4-major/bin/../lib/gcc/arm-none-eabi/9.2.1/../../../../arm-none-eabi/lib/thumb/v7e-m+fp/hard/libc_nano.a(lib_a-isattyr.o)
                0x00000000000211c0                _isatty_r
 .text._close   0x00000000000211e0       0x10 /usr/local/gcc-arm-none-eabi-9-2019-q4-major/bin/../lib/gcc/arm-none-eabi/9.2.1/../../../../arm-none-eabi/lib/thumb/v7e-m+fp/hard/libnosys.a(close.o)
                0x00000000000211e0                _close
 .text._fstat   0x00000000000211f0       0x10 /usr/local/gcc-arm-none-eabi-9-2019-q4-major/bin/../lib/gcc/arm-none-eabi/9.2.1/../../../../arm-none-eabi/lib/thumb/v7e-m+fp/hard/libnosys.a(fstat.o)
                0x00000000000211f0                _fstat
 .text._isatty  0x0000000000021200       0x10 /usr/local/gcc-arm-none-eabi-9-2019-q4-major/bin/../lib/gcc/arm-none-eabi/9.2.1/../../../../arm-none-eabi/lib/thumb/v7e-m+fp/hard/libnosys.a(isatty.o)
                0x0000000000021200                _isatty
 .text._lseek   0x0000000000021210       0x10 /usr/local/gcc-arm-none-eabi-9-2019-q4-major/bin/../lib/gcc/arm-none-eabi/9.2.1/../../../../arm-none-eabi/lib/thumb/v7e-m+fp/hard/libnosys.a(lseek.o)
                0x0000000000021210                _lseek
 .text._sbrk    0x0000000000021220       0x1c /usr/local/gcc-arm-none-eabi-9-2019-q4-major/bin/../lib/gcc/arm-none-eabi/9.2.1/../../../../arm-none-eabi/lib/thumb/v7e-m+fp/hard/libnosys.a(sbrk.o)
                0x0000000000021220                _sbrk
 .text._exit    0x000000000002123c        0x4 /usr/local/gcc-arm-none-eabi-9-2019-q4-major/bin/../lib/gcc/arm-none-eabi/9.2.1/../../../../arm-none-eabi/lib/thumb/v7e-m+fp/hard/libnosys.a(_exit.o)
                0x000000000002123c                _exit
 .text          0x0000000000021240       0x30 /usr/local/gcc-arm-none-eabi-9-2019-q4-major/bin/../lib/gcc/arm-none-eabi/9.2.1/thumb/v7e-m+fp/hard/libgcc.a(_aeabi_uldivmod.o)
                0x0000000000021240                __aeabi_uldivmod
 .text          0x0000000000021270      0x2c4 /usr/local/gcc-arm-none-eabi-9-2019-q4-major/bin/../lib/gcc/arm-none-eabi/9.2.1/thumb/v7e-m+fp/hard/libgcc.a(_udivmoddi4.o)
                0x0000000000021270                __udivmoddi4
 .text          0x0000000000021534        0x4 /usr/local/gcc-arm-none-eabi-9-2019-q4-major/bin/../lib/gcc/arm-none-eabi/9.2.1/thumb/v7e-m+fp/hard/libgcc.a(_dvmd_tls.o)
                0x0000000000021534                __aeabi_ldiv0
                0x0000000000021534                __aeabi_idiv0
 *(.init)
 .init          0x0000000000021538        0x4 /usr/local/gcc-arm-none-eabi-9-2019-q4-major/bin/../lib/gcc/arm-none-eabi/9.2.1/thumb/v7e-m+fp/hard/crti.o
                0x0000000000021538                _init
 .init          0x000000000002153c        0x8 /usr/local/gcc-arm-none-eabi-9-2019-q4-major/bin/../lib/gcc/arm-none-eabi/9.2.1/thumb/v7e-m+fp/hard/crtn.o
 *(.fini)
 .fini          0x0000000000021544        0x4 /usr/local/gcc-arm-none-eabi-9-2019-q4-major/bin/../lib/gcc/arm-none-eabi/9.2.1/thumb/v7e-m+fp/hard/crti.o
                0x0000000000021544                _fini
 .fini          0x0000000000021548        0x8 /usr/local/gcc-arm-none-eabi-9-2019-q4-major/bin/../lib/gcc/arm-none-eabi/9.2.1/thumb/v7e-m+fp/hard/crtn.o
 *crtbegin.o(.ctors)
 *crtbegin?.o(.ctors)
 *(EXCLUDE_FILE(*crtend.o *crtend?.o) .ctors)
 *(SORT_BY_NAME(.ctors.*))
 *(.ctors)
 *crtbegin.o(.dtors)
 *crtbegin?.o(.dtors)
 *(EXCLUDE_FILE(*crtend.o *crtend?.o) .dtors)
 *(SORT_BY_NAME(.dtors.*))
 *(.dtors)
 *(.rodata*)
 .rodata.delay_machine_code.9132
                0x0000000000021550        0x6 _build/nrf52832_xxaa/nrf_log_backend_rtt.c.o
 *fill*         0x0000000000021556        0x2 
 .rodata.nrf_log_backend_rtt_api
                0x0000000000021558        0xc _build/nrf52832_xxaa/nrf_log_backend_rtt.c.o
                0x0000000000021558                nrf_log_backend_rtt_api
 .rodata.str1.4
                0x0000000000021564       0x10 _build/nrf52832_xxaa/nrf_log_default_backends.c.o
 .rodata.nrf_log_frontend_dequeue.str1.4
                0x0000000000021574       0x11 _build/nrf52832_xxaa/nrf_log_frontend.c.o
 *fill*         0x0000000000021585        0x3 
 .rodata.str1.4
                0x0000000000021588        0x4 _build/nrf52832_xxaa/nrf_log_frontend.c.o
 .rodata.m_log_push_ringbuf
                0x000000000002158c        0xc _build/nrf52832_xxaa/nrf_log_frontend.c.o
 .rodata.prefix_process.str1.4
                0x0000000000021598       0x36 _build/nrf52832_xxaa/nrf_log_str_formatter.c.o
 *fill*         0x00000000000215ce        0x2 
 .rodata.nrf_log_std_entry_process.str1.4
                0x00000000000215d0        0x3 _build/nrf52832_xxaa/nrf_log_str_formatter.c.o
 *fill*         0x00000000000215d3        0x1 
 .rodata.nrf_log_hexdump_entry_process.str1.4
                0x00000000000215d4       0x13 _build/nrf52832_xxaa/nrf_log_str_formatter.c.o
                                         0x16 (size before relaxing)
 *fill*         0x00000000000215e7        0x1 
 .rodata.str1.4
                0x00000000000215e8       0x56 _build/nrf52832_xxaa/nrf_log_str_formatter.c.o
 *fill*         0x000000000002163e        0x2 
 .rodata.m_colors
                0x0000000000021640       0x24 _build/nrf52832_xxaa/nrf_log_str_formatter.c.o
 .rodata.severity_names
                0x0000000000021664       0x14 _build/nrf52832_xxaa/nrf_log_str_formatter.c.o
 .rodata.str1.4
                0x0000000000021678        0xb _build/nrf52832_xxaa/app_button.c.o
 *fill*         0x0000000000021683        0x1 
 .rodata.m_detection_delay_timer_id
                0x0000000000021684        0x4 _build/nrf52832_xxaa/app_button.c.o
 .rodata.app_error_fault_handler.str1.4
                0x0000000000021688       0x19 _build/nrf52832_xxaa/app_error_weak.c.o
 *fill*         0x00000000000216a1        0x3 
 .rodata.str1.4
                0x00000000000216a4        0xa _build/nrf52832_xxaa/app_timer2.c.o
 *fill*         0x00000000000216ae        0x2 
 .rodata        0x00000000000216b0        0x4 _build/nrf52832_xxaa/app_timer2.c.o
 .rodata.m_app_timer_sortlist
                0x00000000000216b4        0xc _build/nrf52832_xxaa/app_timer2.c.o
 .rodata        0x00000000000216c0       0x20 _build/nrf52832_xxaa/app_uart_fifo.c.o
 .rodata.drv_rtc_init.str1.4
                0x00000000000216e0       0x36 _build/nrf52832_xxaa/drv_rtc.c.o
 *fill*         0x0000000000021716        0xa 
 .rodata.delay_machine_code.8456
                0x0000000000021720        0x6 _build/nrf52832_xxaa/drv_rtc.c.o
 *fill*         0x0000000000021726        0x2 
 .rodata._aV2C.7553
                0x0000000000021728       0x10 _build/nrf52832_xxaa/nrf_fprintf_format.c.o
 .rodata.str1.4
                0x0000000000021738        0x9 _build/nrf52832_xxaa/nrf_pwr_mgmt.c.o
 *fill*         0x0000000000021741        0x3 
 .rodata.pwr_mgmt_data
                0x0000000000021744        0xc _build/nrf52832_xxaa/nrf_pwr_mgmt.c.o
 .rodata.str1.4
                0x0000000000021750        0x9 _build/nrf52832_xxaa/nrf_sortlist.c.o
 *fill*         0x0000000000021759        0x3 
 .rodata.str1.4
                0x000000000002175c      0x3e9 _build/nrf52832_xxaa/nrf_strerror.c.o
 *fill*         0x0000000000021b45        0x3 
 .rodata.m_unknown_str
                0x0000000000021b48       0x13 _build/nrf52832_xxaa/nrf_strerror.c.o
 *fill*         0x0000000000021b5b        0x1 
 .rodata.nrf_strerror_array
                0x0000000000021b5c      0x128 _build/nrf52832_xxaa/nrf_strerror.c.o
 .rodata.m_board_btn_list
                0x0000000000021c84        0x4 _build/nrf52832_xxaa/boards.c.o
 .rodata.m_board_led_list
                0x0000000000021c88        0x4 _build/nrf52832_xxaa/boards.c.o
 .rodata.str1.4
                0x0000000000021c8c        0x6 _build/nrf52832_xxaa/nrf_drv_clock.c.o
 *fill*         0x0000000000021c92        0x2 
 .rodata.str1.4
                0x0000000000021c94        0x6 _build/nrf52832_xxaa/nrfx_clock.c.o
 *fill*         0x0000000000021c9a        0x2 
 .rodata.str1.4
                0x0000000000021c9c        0x7 _build/nrf52832_xxaa/nrfx_gpiote.c.o
 *fill*         0x0000000000021ca3        0x1 
 .rodata.str1.4
                0x0000000000021ca4        0x4 _build/nrf52832_xxaa/nrfx_prs.c.o
 .rodata.str1.4
                0x0000000000021ca8        0x5 _build/nrf52832_xxaa/nrfx_uart.c.o
 *fill*         0x0000000000021cad        0x3 
 .rodata.str1.4
                0x0000000000021cb0        0x6 _build/nrf52832_xxaa/nrfx_uarte.c.o
 *fill*         0x0000000000021cb6        0x2 
 .rodata.app_buttons
                0x0000000000021cb8       0x20 _build/nrf52832_xxaa/bsp.c.o
 .rodata.m_bsp_alert_tmr
                0x0000000000021cd8        0x4 _build/nrf52832_xxaa/bsp.c.o
 .rodata.m_bsp_button_tmr
                0x0000000000021cdc        0x4 _build/nrf52832_xxaa/bsp.c.o
 .rodata.m_bsp_leds_tmr
                0x0000000000021ce0        0x4 _build/nrf52832_xxaa/bsp.c.o
 .rodata.ble_evt_handler.str1.4
                0x0000000000021ce4       0x19 _build/nrf52832_xxaa/main.c.o
 *fill*         0x0000000000021cfd        0x3 
 .rodata.gatt_evt_handler.str1.4
                0x0000000000021d00       0x1c _build/nrf52832_xxaa/main.c.o
 .rodata.nus_data_handler.str1.4
                0x0000000000021d1c       0x2b _build/nrf52832_xxaa/main.c.o
 *fill*         0x0000000000021d47        0x1 
 .rodata.main.str1.4
                0x0000000000021d48       0x49 _build/nrf52832_xxaa/main.c.o
 *fill*         0x0000000000021d91        0x3 
 .rodata        0x0000000000021d94       0x18 _build/nrf52832_xxaa/main.c.o
 .rodata.SEGGER_RTT_ReadNoLock.str1.4
                0x0000000000021dac       0x17 _build/nrf52832_xxaa/SEGGER_RTT.c.o
 *fill*         0x0000000000021dc3        0x1 
 .rodata.nrf_ble_gatt_on_ble_evt.str1.4
                0x0000000000021dc4       0x63 _build/nrf52832_xxaa/nrf_ble_gatt.c.o
 *fill*         0x0000000000021e27        0x1 
 .rodata.str1.4
                0x0000000000021e28        0xd _build/nrf52832_xxaa/nrf_ble_gatt.c.o
 *fill*         0x0000000000021e35        0x3 
 .rodata.str1.4
                0x0000000000021e38        0x8 _build/nrf52832_xxaa/ble_nus.c.o
 .rodata        0x0000000000021e40       0x10 _build/nrf52832_xxaa/ble_nus.c.o
 .rodata.str1.4
                0x0000000000021e50        0x8 _build/nrf52832_xxaa/nrf_sdh.c.o
 .rodata        0x0000000000021e58        0x4 _build/nrf52832_xxaa/nrf_sdh.c.o
 .rodata.sdh_req_observers
                0x0000000000021e5c        0xc _build/nrf52832_xxaa/nrf_sdh.c.o
 .rodata.sdh_stack_observers
                0x0000000000021e68        0xc _build/nrf52832_xxaa/nrf_sdh.c.o
 .rodata.sdh_state_observers
                0x0000000000021e74        0xc _build/nrf52832_xxaa/nrf_sdh.c.o
 .rodata.nrf_sdh_ble_default_cfg_set.str1.4
                0x0000000000021e80      0x1cf _build/nrf52832_xxaa/nrf_sdh_ble.c.o
 *fill*         0x000000000002204f        0x1 
 .rodata.nrf_sdh_ble_enable.str1.4
                0x0000000000022050       0xad _build/nrf52832_xxaa/nrf_sdh_ble.c.o
 *fill*         0x00000000000220fd        0x3 
 .rodata.str1.4
                0x0000000000022100        0xc _build/nrf52832_xxaa/nrf_sdh_ble.c.o
 .rodata.sdh_ble_observers
                0x000000000002210c        0xc _build/nrf52832_xxaa/nrf_sdh_ble.c.o
 .rodata.str1.4
                0x0000000000022118        0xc _build/nrf52832_xxaa/nrf_sdh_soc.c.o
 .rodata.sdh_soc_observers
                0x0000000000022124        0xc _build/nrf52832_xxaa/nrf_sdh_soc.c.o
 .rodata._ctype_
                0x0000000000022130      0x101 /usr/local/gcc-arm-none-eabi-9-2019-q4-major/bin/../lib/gcc/arm-none-eabi/9.2.1/../../../../arm-none-eabi/lib/thumb/v7e-m+fp/hard/libc_nano.a(lib_a-ctype_.o)
                0x0000000000022130                _ctype_
 *fill*         0x0000000000022231        0x3 
 .rodata._global_impure_ptr
                0x0000000000022234        0x4 /usr/local/gcc-arm-none-eabi-9-2019-q4-major/bin/../lib/gcc/arm-none-eabi/9.2.1/../../../../arm-none-eabi/lib/thumb/v7e-m+fp/hard/libc_nano.a(lib_a-impure.o)
                0x0000000000022234                _global_impure_ptr
 .rodata.__sf_fake_stderr
                0x0000000000022238       0x20 /usr/local/gcc-arm-none-eabi-9-2019-q4-major/bin/../lib/gcc/arm-none-eabi/9.2.1/../../../../arm-none-eabi/lib/thumb/v7e-m+fp/hard/libc_nano.a(lib_a-findfp.o)
                0x0000000000022238                __sf_fake_stderr
 .rodata.__sf_fake_stdin
                0x0000000000022258       0x20 /usr/local/gcc-arm-none-eabi-9-2019-q4-major/bin/../lib/gcc/arm-none-eabi/9.2.1/../../../../arm-none-eabi/lib/thumb/v7e-m+fp/hard/libc_nano.a(lib_a-findfp.o)
                0x0000000000022258                __sf_fake_stdin
 .rodata.__sf_fake_stdout
                0x0000000000022278       0x20 /usr/local/gcc-arm-none-eabi-9-2019-q4-major/bin/../lib/gcc/arm-none-eabi/9.2.1/../../../../arm-none-eabi/lib/thumb/v7e-m+fp/hard/libc_nano.a(lib_a-findfp.o)
                0x0000000000022278                __sf_fake_stdout
 .rodata._vfprintf_r.str1.1
                0x0000000000022298       0x11 /usr/local/gcc-arm-none-eabi-9-2019-q4-major/bin/../lib/gcc/arm-none-eabi/9.2.1/../../../../arm-none-eabi/lib/thumb/v7e-m+fp/hard/libc_nano.a(lib_a-nano-vfprintf.o)
 .rodata._printf_i.str1.1
                0x00000000000222a9       0x22 /usr/local/gcc-arm-none-eabi-9-2019-q4-major/bin/../lib/gcc/arm-none-eabi/9.2.1/../../../../arm-none-eabi/lib/thumb/v7e-m+fp/hard/libc_nano.a(lib_a-nano-vfprintf_i.o)
 *(.eh_frame*)
 *fill*         0x00000000000222cb        0x1 
 .eh_frame      0x00000000000222cc        0x0 /usr/local/gcc-arm-none-eabi-9-2019-q4-major/bin/../lib/gcc/arm-none-eabi/9.2.1/thumb/v7e-m+fp/hard/crtbegin.o
 .eh_frame      0x00000000000222cc        0x4 /usr/local/gcc-arm-none-eabi-9-2019-q4-major/bin/../lib/gcc/arm-none-eabi/9.2.1/thumb/v7e-m+fp/hard/crtend.o

.glue_7         0x00000000000222d0        0x0
 .glue_7        0x00000000000222d0        0x0 linker stubs

.glue_7t        0x00000000000222d0        0x0
 .glue_7t       0x00000000000222d0        0x0 linker stubs

.vfp11_veneer   0x00000000000222d0        0x0
 .vfp11_veneer  0x00000000000222d0        0x0 linker stubs

.v4_bx          0x00000000000222d0        0x0
 .v4_bx         0x00000000000222d0        0x0 linker stubs

.iplt           0x00000000000222d0        0x0
 .iplt          0x00000000000222d0        0x0 /usr/local/gcc-arm-none-eabi-9-2019-q4-major/bin/../lib/gcc/arm-none-eabi/9.2.1/thumb/v7e-m+fp/hard/crtbegin.o

.mem_section_dummy_rom

.sdh_soc_observers
                0x00000000000222d0        0x8
                0x00000000000222d0                PROVIDE (__start_sdh_soc_observers = .)
 *(SORT_BY_NAME(.sdh_soc_observers*))
 .sdh_soc_observers0
                0x00000000000222d0        0x8 _build/nrf52832_xxaa/nrf_drv_clock.c.o
                0x00000000000222d8                PROVIDE (__stop_sdh_soc_observers = .)

.sdh_ble_observers
                0x00000000000222d8       0x40
                0x00000000000222d8                PROVIDE (__start_sdh_ble_observers = .)
 *(SORT_BY_NAME(.sdh_ble_observers*))
 .sdh_ble_observers0
                0x00000000000222d8        0x8 _build/nrf52832_xxaa/ble_conn_state.c.o
 .sdh_ble_observers1
                0x00000000000222e0        0x8 _build/nrf52832_xxaa/bsp_btn_ble.c.o
 .sdh_ble_observers1
                0x00000000000222e8       0x10 _build/nrf52832_xxaa/main.c.o
 .sdh_ble_observers1
                0x00000000000222f8        0x8 _build/nrf52832_xxaa/ble_conn_params.c.o
 .sdh_ble_observers2
                0x0000000000022300       0x10 _build/nrf52832_xxaa/main.c.o
 .sdh_ble_observers3
                0x0000000000022310        0x8 _build/nrf52832_xxaa/main.c.o
                0x0000000000022318                PROVIDE (__stop_sdh_ble_observers = .)

.pwr_mgmt_data  0x0000000000022318        0x0
                0x0000000000022318                PROVIDE (__start_pwr_mgmt_data = .)
 *(SORT_BY_NAME(.pwr_mgmt_data*))
                0x0000000000022318                PROVIDE (__stop_pwr_mgmt_data = .)

.sdh_state_observers
                0x0000000000022318        0x8
                0x0000000000022318                PROVIDE (__start_sdh_state_observers = .)
 *(SORT_BY_NAME(.sdh_state_observers*))
 .sdh_state_observers0
                0x0000000000022318        0x8 _build/nrf52832_xxaa/nrf_drv_clock.c.o
                0x0000000000022320                PROVIDE (__stop_sdh_state_observers = .)

.sdh_stack_observers
                0x0000000000022320       0x10
                0x0000000000022320                PROVIDE (__start_sdh_stack_observers = .)
 *(SORT_BY_NAME(.sdh_stack_observers*))
 .sdh_stack_observers0
                0x0000000000022320        0x8 _build/nrf52832_xxaa/nrf_sdh_ble.c.o
 .sdh_stack_observers0
                0x0000000000022328        0x8 _build/nrf52832_xxaa/nrf_sdh_soc.c.o
                0x0000000000022330                PROVIDE (__stop_sdh_stack_observers = .)

.sdh_req_observers
                0x0000000000022330        0x0
                0x0000000000022330                PROVIDE (__start_sdh_req_observers = .)
 *(SORT_BY_NAME(.sdh_req_observers*))
                0x0000000000022330                PROVIDE (__stop_sdh_req_observers = .)

.nrf_queue      0x0000000000022330        0x0
                [!provide]                        PROVIDE (__start_nrf_queue = .)
 *(.nrf_queue)
                [!provide]                        PROVIDE (__stop_nrf_queue = .)

.nrf_balloc     0x0000000000022330       0x14
                [!provide]                        PROVIDE (__start_nrf_balloc = .)
 *(.nrf_balloc)
 .nrf_balloc    0x0000000000022330       0x14 _build/nrf52832_xxaa/nrf_log_frontend.c.o
                0x0000000000022330                log_mempool
                [!provide]                        PROVIDE (__stop_nrf_balloc = .)

.cli_command    0x0000000000022344        0x0
                [!provide]                        PROVIDE (__start_cli_command = .)
 *(.cli_command)
                [!provide]                        PROVIDE (__stop_cli_command = .)

.crypto_data    0x0000000000022344        0x0
                [!provide]                        PROVIDE (__start_crypto_data = .)
 *(SORT_BY_NAME(.crypto_data*))
                [!provide]                        PROVIDE (__stop_crypto_data = .)

.log_const_data
                0x0000000000022344       0x80
                0x0000000000022344                PROVIDE (__start_log_const_data = .)
 *(SORT_BY_NAME(.log_const_data*))
 .log_const_data_CLOCK
                0x0000000000022344        0x8 _build/nrf52832_xxaa/nrfx_clock.c.o
                0x0000000000022344                m_nrf_log_CLOCK_logs_data_const
 .log_const_data_GPIOTE
                0x000000000002234c        0x8 _build/nrf52832_xxaa/nrfx_gpiote.c.o
                0x000000000002234c                m_nrf_log_GPIOTE_logs_data_const
 .log_const_data_PRS
                0x0000000000022354        0x8 _build/nrf52832_xxaa/nrfx_prs.c.o
                0x0000000000022354                m_nrf_log_PRS_logs_data_const
 .log_const_data_UART
                0x000000000002235c        0x8 _build/nrf52832_xxaa/nrfx_uart.c.o
                0x000000000002235c                m_nrf_log_UART_logs_data_const
 .log_const_data_UARTE
                0x0000000000022364        0x8 _build/nrf52832_xxaa/nrfx_uarte.c.o
                0x0000000000022364                m_nrf_log_UARTE_logs_data_const
 .log_const_data_app
                0x000000000002236c        0x8 _build/nrf52832_xxaa/nrf_log_frontend.c.o
                0x000000000002236c                m_nrf_log_app_logs_data_const
 .log_const_data_app_button
                0x0000000000022374        0x8 _build/nrf52832_xxaa/app_button.c.o
                0x0000000000022374                m_nrf_log_app_button_logs_data_const
 .log_const_data_app_timer
                0x000000000002237c        0x8 _build/nrf52832_xxaa/app_timer2.c.o
                0x000000000002237c                m_nrf_log_app_timer_logs_data_const
 .log_const_data_ble_nus
                0x0000000000022384        0x8 _build/nrf52832_xxaa/ble_nus.c.o
                0x0000000000022384                m_nrf_log_ble_nus_logs_data_const
 .log_const_data_clock
                0x000000000002238c        0x8 _build/nrf52832_xxaa/nrf_drv_clock.c.o
                0x000000000002238c                m_nrf_log_clock_logs_data_const
 .log_const_data_nrf_ble_gatt
                0x0000000000022394        0x8 _build/nrf52832_xxaa/nrf_ble_gatt.c.o
                0x0000000000022394                m_nrf_log_nrf_ble_gatt_logs_data_const
 .log_const_data_nrf_sdh
                0x000000000002239c        0x8 _build/nrf52832_xxaa/nrf_sdh.c.o
                0x000000000002239c                m_nrf_log_nrf_sdh_logs_data_const
 .log_const_data_nrf_sdh_ble
                0x00000000000223a4        0x8 _build/nrf52832_xxaa/nrf_sdh_ble.c.o
                0x00000000000223a4                m_nrf_log_nrf_sdh_ble_logs_data_const
 .log_const_data_nrf_sdh_soc
                0x00000000000223ac        0x8 _build/nrf52832_xxaa/nrf_sdh_soc.c.o
                0x00000000000223ac                m_nrf_log_nrf_sdh_soc_logs_data_const
 .log_const_data_pwr_mgmt
                0x00000000000223b4        0x8 _build/nrf52832_xxaa/nrf_pwr_mgmt.c.o
                0x00000000000223b4                m_nrf_log_pwr_mgmt_logs_data_const
 .log_const_data_sortlist
                0x00000000000223bc        0x8 _build/nrf52832_xxaa/nrf_sortlist.c.o
                0x00000000000223bc                m_nrf_log_sortlist_logs_data_const
                0x00000000000223c4                PROVIDE (__stop_log_const_data = .)

.log_backends   0x00000000000223c4       0x10
                [!provide]                        PROVIDE (__start_log_backends = .)
 *(SORT_BY_NAME(.log_backends*))
 .log_backends  0x00000000000223c4       0x10 _build/nrf52832_xxaa/nrf_log_default_backends.c.o
                [!provide]                        PROVIDE (__stop_log_backends = .)

.ARM.extab
 *(.ARM.extab* .gnu.linkonce.armextab.*)
                0x00000000000223d4                __exidx_start = .

.ARM.exidx      0x00000000000223d4        0x8
 *(.ARM.exidx* .gnu.linkonce.armexidx.*)
 .ARM.exidx     0x00000000000223d4        0x8 /usr/local/gcc-arm-none-eabi-9-2019-q4-major/bin/../lib/gcc/arm-none-eabi/9.2.1/../../../../arm-none-eabi/lib/thumb/v7e-m+fp/hard/crt0.o
 .ARM.exidx     0x00000000000223dc        0x0 /usr/local/gcc-arm-none-eabi-9-2019-q4-major/bin/../lib/gcc/arm-none-eabi/9.2.1/thumb/v7e-m+fp/hard/libgcc.a(_udivmoddi4.o)
                                          0x8 (size before relaxing)
                0x00000000000223dc                __exidx_end = .
                0x00000000000223dc                __etext = .

.rel.dyn        0x00000000000223dc        0x0
 .rel.iplt      0x00000000000223dc        0x0 /usr/local/gcc-arm-none-eabi-9-2019-q4-major/bin/../lib/gcc/arm-none-eabi/9.2.1/thumb/v7e-m+fp/hard/crtbegin.o

.data           0x00000000200022c8       0xc0 load address 0x00000000000223dc
                0x00000000200022c8                __data_start__ = .
 *(vtable)
 *(.data*)
 .data.log_backend_cb_rtt_log_backend
                0x00000000200022c8        0x8 _build/nrf52832_xxaa/nrf_log_default_backends.c.o
 .data.m_rtc_inst
                0x00000000200022d0        0x8 _build/nrf52832_xxaa/app_timer2.c.o
 .data.app_uart_inst
                0x00000000200022d8       0x14 _build/nrf52832_xxaa/app_uart_fifo.c.o
 .data.SystemCoreClock
                0x00000000200022ec        0x4 _build/nrf52832_xxaa/system_nrf52.c.o
                0x00000000200022ec                SystemCoreClock
 .data.m_adv_uuids
                0x00000000200022f0        0x4 _build/nrf52832_xxaa/main.c.o
 .data.m_ble_nus_max_data_len
                0x00000000200022f4        0x2 _build/nrf52832_xxaa/main.c.o
 .data.m_conn_handle
                0x00000000200022f6        0x2 _build/nrf52832_xxaa/main.c.o
 .data.m_nus    0x00000000200022f8       0x1c _build/nrf52832_xxaa/main.c.o
 .data.m_nus_link_ctx_storage
                0x0000000020002314        0x8 _build/nrf52832_xxaa/main.c.o
 .data._impure_ptr
                0x000000002000231c        0x4 /usr/local/gcc-arm-none-eabi-9-2019-q4-major/bin/../lib/gcc/arm-none-eabi/9.2.1/../../../../arm-none-eabi/lib/thumb/v7e-m+fp/hard/libc_nano.a(lib_a-impure.o)
                0x000000002000231c                _impure_ptr
 .data.impure_data
                0x0000000020002320       0x60 /usr/local/gcc-arm-none-eabi-9-2019-q4-major/bin/../lib/gcc/arm-none-eabi/9.2.1/../../../../arm-none-eabi/lib/thumb/v7e-m+fp/hard/libc_nano.a(lib_a-impure.o)
                0x0000000020002380                . = ALIGN (0x4)
                0x0000000020002380                PROVIDE (__preinit_array_start = .)
 *(.preinit_array)
                0x0000000020002380                PROVIDE (__preinit_array_end = .)
                0x0000000020002380                . = ALIGN (0x4)
                0x0000000020002380                PROVIDE (__init_array_start = .)
 *(SORT_BY_NAME(.init_array.*))
 *(.init_array)
 .init_array    0x0000000020002380        0x4 /usr/local/gcc-arm-none-eabi-9-2019-q4-major/bin/../lib/gcc/arm-none-eabi/9.2.1/thumb/v7e-m+fp/hard/crtbegin.o
                0x0000000020002384                PROVIDE (__init_array_end = .)
                0x0000000020002384                . = ALIGN (0x4)
                [!provide]                        PROVIDE (__fini_array_start = .)
 *(SORT_BY_NAME(.fini_array.*))
 *(.fini_array)
 .fini_array    0x0000000020002384        0x4 /usr/local/gcc-arm-none-eabi-9-2019-q4-major/bin/../lib/gcc/arm-none-eabi/9.2.1/thumb/v7e-m+fp/hard/crtbegin.o
                [!provide]                        PROVIDE (__fini_array_end = .)
 *(.jcr*)
                0x0000000020002388                . = ALIGN (0x4)
                0x0000000020002388                __data_end__ = .
LOAD /usr/local/gcc-arm-none-eabi-9-2019-q4-major/bin/../lib/gcc/arm-none-eabi/9.2.1/thumb/v7e-m+fp/hard/crti.o
LOAD /usr/local/gcc-arm-none-eabi-9-2019-q4-major/bin/../lib/gcc/arm-none-eabi/9.2.1/thumb/v7e-m+fp/hard/crtbegin.o
LOAD /usr/local/gcc-arm-none-eabi-9-2019-q4-major/bin/../lib/gcc/arm-none-eabi/9.2.1/../../../../arm-none-eabi/lib/thumb/v7e-m+fp/hard/crt0.o
LOAD _build/nrf52832_xxaa/gcc_startup_nrf52.S.o
LOAD _build/nrf52832_xxaa/nrf_log_backend_rtt.c.o
LOAD _build/nrf52832_xxaa/nrf_log_backend_serial.c.o
LOAD _build/nrf52832_xxaa/nrf_log_default_backends.c.o
LOAD _build/nrf52832_xxaa/nrf_log_frontend.c.o
LOAD _build/nrf52832_xxaa/nrf_log_str_formatter.c.o
LOAD _build/nrf52832_xxaa/app_button.c.o
LOAD _build/nrf52832_xxaa/app_error.c.o
LOAD _build/nrf52832_xxaa/app_error_handler_gcc.c.o
LOAD _build/nrf52832_xxaa/app_error_weak.c.o
LOAD _build/nrf52832_xxaa/app_fifo.c.o
LOAD _build/nrf52832_xxaa/app_scheduler.c.o
LOAD _build/nrf52832_xxaa/app_timer2.c.o
LOAD _build/nrf52832_xxaa/app_uart_fifo.c.o
LOAD _build/nrf52832_xxaa/app_util_platform.c.o
LOAD _build/nrf52832_xxaa/drv_rtc.c.o
LOAD _build/nrf52832_xxaa/hardfault_implementation.c.o
LOAD _build/nrf52832_xxaa/nrf_assert.c.o
LOAD _build/nrf52832_xxaa/nrf_atfifo.c.o
LOAD _build/nrf52832_xxaa/nrf_atflags.c.o
LOAD _build/nrf52832_xxaa/nrf_atomic.c.o
LOAD _build/nrf52832_xxaa/nrf_balloc.c.o
LOAD _build/nrf52832_xxaa/nrf_fprintf.c.o
LOAD _build/nrf52832_xxaa/nrf_fprintf_format.c.o
LOAD _build/nrf52832_xxaa/nrf_memobj.c.o
LOAD _build/nrf52832_xxaa/nrf_pwr_mgmt.c.o
LOAD _build/nrf52832_xxaa/nrf_ringbuf.c.o
LOAD _build/nrf52832_xxaa/nrf_section_iter.c.o
LOAD _build/nrf52832_xxaa/nrf_sortlist.c.o
LOAD _build/nrf52832_xxaa/nrf_strerror.c.o
LOAD _build/nrf52832_xxaa/retarget.c.o
LOAD _build/nrf52832_xxaa/system_nrf52.c.o
LOAD _build/nrf52832_xxaa/boards.c.o
LOAD _build/nrf52832_xxaa/nrf_drv_clock.c.o
LOAD _build/nrf52832_xxaa/nrf_drv_uart.c.o
LOAD _build/nrf52832_xxaa/nrfx_atomic.c.o
LOAD _build/nrf52832_xxaa/nrfx_clock.c.o
LOAD _build/nrf52832_xxaa/nrfx_gpiote.c.o
LOAD _build/nrf52832_xxaa/nrfx_prs.c.o
LOAD _build/nrf52832_xxaa/nrfx_uart.c.o
LOAD _build/nrf52832_xxaa/nrfx_uarte.c.o
LOAD _build/nrf52832_xxaa/bsp.c.o
LOAD _build/nrf52832_xxaa/bsp_btn_ble.c.o
LOAD _build/nrf52832_xxaa/main.c.o
LOAD _build/nrf52832_xxaa/SEGGER_RTT.c.o
LOAD _build/nrf52832_xxaa/SEGGER_RTT_Syscalls_GCC.c.o
LOAD _build/nrf52832_xxaa/SEGGER_RTT_printf.c.o
LOAD _build/nrf52832_xxaa/ble_advdata.c.o
LOAD _build/nrf52832_xxaa/ble_advertising.c.o
LOAD _build/nrf52832_xxaa/ble_conn_params.c.o
LOAD _build/nrf52832_xxaa/ble_conn_state.c.o
LOAD _build/nrf52832_xxaa/ble_link_ctx_manager.c.o
LOAD _build/nrf52832_xxaa/ble_srv_common.c.o
LOAD _build/nrf52832_xxaa/nrf_ble_gatt.c.o
LOAD _build/nrf52832_xxaa/nrf_ble_qwr.c.o
LOAD _build/nrf52832_xxaa/utf.c.o
LOAD _build/nrf52832_xxaa/ble_nus.c.o
LOAD _build/nrf52832_xxaa/nrf_sdh.c.o
LOAD _build/nrf52832_xxaa/nrf_sdh_ble.c.o
LOAD _build/nrf52832_xxaa/nrf_sdh_soc.c.o
LOAD /usr/local/gcc-arm-none-eabi-9-2019-q4-major/bin/../lib/gcc/arm-none-eabi/9.2.1/../../../../arm-none-eabi/lib/thumb/v7e-m+fp/hard/libc_nano.a
LOAD /usr/local/gcc-arm-none-eabi-9-2019-q4-major/bin/../lib/gcc/arm-none-eabi/9.2.1/../../../../arm-none-eabi/lib/thumb/v7e-m+fp/hard/libnosys.a
LOAD /usr/local/gcc-arm-none-eabi-9-2019-q4-major/bin/../lib/gcc/arm-none-eabi/9.2.1/../../../../arm-none-eabi/lib/thumb/v7e-m+fp/hard/libm.a
START GROUP
LOAD /usr/local/gcc-arm-none-eabi-9-2019-q4-major/bin/../lib/gcc/arm-none-eabi/9.2.1/thumb/v7e-m+fp/hard/libgcc.a
LOAD /usr/local/gcc-arm-none-eabi-9-2019-q4-major/bin/../lib/gcc/arm-none-eabi/9.2.1/../../../../arm-none-eabi/lib/thumb/v7e-m+fp/hard/libg_nano.a
LOAD /usr/local/gcc-arm-none-eabi-9-2019-q4-major/bin/../lib/gcc/arm-none-eabi/9.2.1/../../../../arm-none-eabi/lib/thumb/v7e-m+fp/hard/libc_nano.a
END GROUP
START GROUP
LOAD /usr/local/gcc-arm-none-eabi-9-2019-q4-major/bin/../lib/gcc/arm-none-eabi/9.2.1/thumb/v7e-m+fp/hard/libgcc.a
LOAD /usr/local/gcc-arm-none-eabi-9-2019-q4-major/bin/../lib/gcc/arm-none-eabi/9.2.1/../../../../arm-none-eabi/lib/thumb/v7e-m+fp/hard/libc_nano.a
END GROUP
LOAD /usr/local/gcc-arm-none-eabi-9-2019-q4-major/bin/../lib/gcc/arm-none-eabi/9.2.1/thumb/v7e-m+fp/hard/crtend.o
LOAD /usr/local/gcc-arm-none-eabi-9-2019-q4-major/bin/../lib/gcc/arm-none-eabi/9.2.1/thumb/v7e-m+fp/hard/crtn.o
START GROUP
LOAD /usr/local/gcc-arm-none-eabi-9-2019-q4-major/bin/../lib/gcc/arm-none-eabi/9.2.1/thumb/v7e-m+fp/hard/libgcc.a
LOAD /usr/local/gcc-arm-none-eabi-9-2019-q4-major/bin/../lib/gcc/arm-none-eabi/9.2.1/../../../../arm-none-eabi/lib/thumb/v7e-m+fp/hard/libc.a
LOAD /usr/local/gcc-arm-none-eabi-9-2019-q4-major/bin/../lib/gcc/arm-none-eabi/9.2.1/../../../../arm-none-eabi/lib/thumb/v7e-m+fp/hard/libnosys.a
END GROUP

.igot.plt       0x0000000020002388        0x0 load address 0x000000000002249c
 .igot.plt      0x0000000020002388        0x0 /usr/local/gcc-arm-none-eabi-9-2019-q4-major/bin/../lib/gcc/arm-none-eabi/9.2.1/thumb/v7e-m+fp/hard/crtbegin.o
                0x0000000020002388                . = ALIGN (0x4)

.mem_section_dummy_ram

.cli_sorted_cmd_ptrs
                0x0000000020002388        0x0
                [!provide]                        PROVIDE (__start_cli_sorted_cmd_ptrs = .)
 *(.cli_sorted_cmd_ptrs)
                [!provide]                        PROVIDE (__stop_cli_sorted_cmd_ptrs = .)

.fs_data        0x0000000020002388        0x0
                [!provide]                        PROVIDE (__start_fs_data = .)
 *(.fs_data)
                [!provide]                        PROVIDE (__stop_fs_data = .)

.log_dynamic_data
                0x0000000020002388        0x0
                0x0000000020002388                PROVIDE (__start_log_dynamic_data = .)
 *(SORT_BY_NAME(.log_dynamic_data*))
                [!provide]                        PROVIDE (__stop_log_dynamic_data = .)

.log_filter_data
                0x0000000020002388        0x0
                [!provide]                        PROVIDE (__start_log_filter_data = .)
 *(SORT_BY_NAME(.log_filter_data*))
                [!provide]                        PROVIDE (__stop_log_filter_data = .)

.bss            0x0000000020002388     0x1014 load address 0x00000000000224a0
                0x0000000020002388                . = ALIGN (0x4)
                0x0000000020002388                __bss_start__ = .
 *(.bss*)
 .bss           0x0000000020002388       0x1c /usr/local/gcc-arm-none-eabi-9-2019-q4-major/bin/../lib/gcc/arm-none-eabi/9.2.1/thumb/v7e-m+fp/hard/crtbegin.o
 .bss.m_host_present
                0x00000000200023a4        0x1 _build/nrf52832_xxaa/nrf_log_backend_rtt.c.o
 *fill*         0x00000000200023a5        0x3 
 .bss.m_string_buff
                0x00000000200023a8       0x40 _build/nrf52832_xxaa/nrf_log_backend_rtt.c.o
 .bss.log_mempool_nrf_balloc_cb
                0x00000000200023e8        0x8 _build/nrf52832_xxaa/nrf_log_frontend.c.o
 .bss.log_mempool_nrf_balloc_pool_mem
                0x00000000200023f0       0xc0 _build/nrf52832_xxaa/nrf_log_frontend.c.o
 .bss.log_mempool_nrf_balloc_pool_stack
                0x00000000200024b0        0x8 _build/nrf52832_xxaa/nrf_log_frontend.c.o
 .bss.m_log_data
                0x00000000200024b8      0x424 _build/nrf52832_xxaa/nrf_log_frontend.c.o
 .bss.m_log_push_ringbuf_buf
                0x00000000200028dc       0x80 _build/nrf52832_xxaa/nrf_log_frontend.c.o
 .bss.m_log_push_ringbuf_cb
                0x000000002000295c       0x18 _build/nrf52832_xxaa/nrf_log_frontend.c.o
 .bss.m_button_count
                0x0000000020002974        0x1 _build/nrf52832_xxaa/app_button.c.o
 *fill*         0x0000000020002975        0x3 
 .bss.m_detection_delay
                0x0000000020002978        0x4 _build/nrf52832_xxaa/app_button.c.o
 *fill*         0x000000002000297c        0x4 
 .bss.m_detection_delay_timer_id_data
                0x0000000020002980       0x20 _build/nrf52832_xxaa/app_button.c.o
 .bss.m_pin_active
                0x00000000200029a0        0x8 _build/nrf52832_xxaa/app_button.c.o
 .bss.m_pin_states
                0x00000000200029a8       0x10 _build/nrf52832_xxaa/app_button.c.o
 .bss.mp_buttons
                0x00000000200029b8        0x4 _build/nrf52832_xxaa/app_button.c.o
 .bss.m_app_timer_sortlist_sortlist_cb
                0x00000000200029bc        0x4 _build/nrf52832_xxaa/app_timer2.c.o
 .bss.m_base_counter
                0x00000000200029c0        0x8 _build/nrf52832_xxaa/app_timer2.c.o
 .bss.m_global_active
                0x00000000200029c8        0x1 _build/nrf52832_xxaa/app_timer2.c.o
 *fill*         0x00000000200029c9        0x3 
 .bss.m_req_fifo_data
                0x00000000200029cc       0x58 _build/nrf52832_xxaa/app_timer2.c.o
 .bss.m_req_fifo_inst
                0x0000000020002a24       0x10 _build/nrf52832_xxaa/app_timer2.c.o
 *fill*         0x0000000020002a34        0x4 
 .bss.m_stamp64
                0x0000000020002a38        0x8 _build/nrf52832_xxaa/app_timer2.c.o
 .bss.mp_active_timer
                0x0000000020002a40        0x4 _build/nrf52832_xxaa/app_timer2.c.o
 .bss.m_event_handler
                0x0000000020002a44        0x4 _build/nrf52832_xxaa/app_uart_fifo.c.o
 .bss.m_rx_fifo
                0x0000000020002a48       0x10 _build/nrf52832_xxaa/app_uart_fifo.c.o
 .bss.m_rx_ovf  0x0000000020002a58        0x1 _build/nrf52832_xxaa/app_uart_fifo.c.o
 *fill*         0x0000000020002a59        0x3 
 .bss.m_tx_fifo
                0x0000000020002a5c       0x10 _build/nrf52832_xxaa/app_uart_fifo.c.o
 .bss.rx_buffer
                0x0000000020002a6c        0x1 _build/nrf52832_xxaa/app_uart_fifo.c.o
 *fill*         0x0000000020002a6d        0x3 
 .bss.tx_buffer
                0x0000000020002a70        0x1 _build/nrf52832_xxaa/app_uart_fifo.c.o
 *fill*         0x0000000020002a71        0x3 
 .bss.m_cb      0x0000000020002a74        0x8 _build/nrf52832_xxaa/drv_rtc.c.o
 .bss.m_handlers
                0x0000000020002a7c        0x4 _build/nrf52832_xxaa/drv_rtc.c.o
 .bss.m_handlers_iter
                0x0000000020002a80        0x8 _build/nrf52832_xxaa/nrf_pwr_mgmt.c.o
 .bss.m_shutdown_started
                0x0000000020002a88        0x1 _build/nrf52832_xxaa/nrf_pwr_mgmt.c.o
 *fill*         0x0000000020002a89        0x3 
 .bss.m_sysoff_mtx
                0x0000000020002a8c        0x4 _build/nrf52832_xxaa/nrf_pwr_mgmt.c.o
 .bss.m_clock_cb
                0x0000000020002a90       0x14 _build/nrf52832_xxaa/nrf_drv_clock.c.o
 .bss.m_contexts
                0x0000000020002aa4        0x4 _build/nrf52832_xxaa/nrf_drv_uart.c.o
 .bss.m_handlers
                0x0000000020002aa8        0x4 _build/nrf52832_xxaa/nrf_drv_uart.c.o
 .bss.m_clock_cb
                0x0000000020002aac        0x8 _build/nrf52832_xxaa/nrfx_clock.c.o
 *fill*         0x0000000020002ab4        0x4 
 .bss.m_cb      0x0000000020002ab8       0x5c _build/nrf52832_xxaa/nrfx_gpiote.c.o
 .bss.m_prs_box_4
                0x0000000020002b14        0x8 _build/nrf52832_xxaa/nrfx_prs.c.o
 *fill*         0x0000000020002b1c        0x4 
 .bss.m_cb      0x0000000020002b20       0x2c _build/nrf52832_xxaa/nrfx_uart.c.o
 *fill*         0x0000000020002b4c        0x4 
 .bss.m_cb      0x0000000020002b50       0x24 _build/nrf52832_xxaa/nrfx_uarte.c.o
 .bss.current_long_push_pin_no.9049
                0x0000000020002b74        0x1 _build/nrf52832_xxaa/bsp.c.o
 .bss.m_alert_on
                0x0000000020002b75        0x1 _build/nrf52832_xxaa/bsp.c.o
 *fill*         0x0000000020002b76        0x2 
 .bss.m_bsp_alert_tmr_data
                0x0000000020002b78       0x20 _build/nrf52832_xxaa/bsp.c.o
 .bss.m_bsp_button_tmr_data
                0x0000000020002b98       0x20 _build/nrf52832_xxaa/bsp.c.o
 .bss.m_bsp_leds_tmr_data
                0x0000000020002bb8       0x20 _build/nrf52832_xxaa/bsp.c.o
 .bss.m_events_list
                0x0000000020002bd8        0xc _build/nrf52832_xxaa/bsp.c.o
 .bss.m_indication_type
                0x0000000020002be4        0x4 _build/nrf52832_xxaa/bsp.c.o
 .bss.m_leds_clear
                0x0000000020002be8        0x1 _build/nrf52832_xxaa/bsp.c.o
 *fill*         0x0000000020002be9        0x3 
 .bss.m_registered_callback
                0x0000000020002bec        0x4 _build/nrf52832_xxaa/bsp.c.o
 .bss.m_stable_state
                0x0000000020002bf0        0x1 _build/nrf52832_xxaa/bsp.c.o
 *fill*         0x0000000020002bf1        0x3 
 .bss.release_event_at_push.9050
                0x0000000020002bf4        0x4 _build/nrf52832_xxaa/bsp.c.o
 .bss.m_error_handler
                0x0000000020002bf8        0x4 _build/nrf52832_xxaa/bsp_btn_ble.c.o
 .bss.m_num_connections
                0x0000000020002bfc        0x4 _build/nrf52832_xxaa/bsp_btn_ble.c.o
 .bss.data_array.12076
                0x0000000020002c00       0xf4 _build/nrf52832_xxaa/main.c.o
 .bss.index.12077
                0x0000000020002cf4        0x1 _build/nrf52832_xxaa/main.c.o
 *fill*         0x0000000020002cf5        0x3 
 .bss.m_advertising
                0x0000000020002cf8       0xf8 _build/nrf52832_xxaa/main.c.o
 .bss.m_gatt    0x0000000020002df0       0x10 _build/nrf52832_xxaa/main.c.o
 .bss.m_nus_link_ctx_storage_ctx_data_pool
                0x0000000020002e00        0x4 _build/nrf52832_xxaa/main.c.o
 .bss.m_qwr     0x0000000020002e04        0xc _build/nrf52832_xxaa/main.c.o
 .bss.rx_buf.12094
                0x0000000020002e10      0x100 _build/nrf52832_xxaa/main.c.o
 .bss.tx_buf.12095
                0x0000000020002f10      0x100 _build/nrf52832_xxaa/main.c.o
 .bss._acDownBuffer
                0x0000000020003010       0x10 _build/nrf52832_xxaa/SEGGER_RTT.c.o
 .bss._acUpBuffer
                0x0000000020003020      0x200 _build/nrf52832_xxaa/SEGGER_RTT.c.o
 .bss.m_conn_params_config
                0x0000000020003220       0x1c _build/nrf52832_xxaa/ble_conn_params.c.o
 .bss.m_conn_params_instances
                0x000000002000323c       0x14 _build/nrf52832_xxaa/ble_conn_params.c.o
 .bss.m_preferred_conn_params
                0x0000000020003250        0x8 _build/nrf52832_xxaa/ble_conn_params.c.o
 .bss.m_timer_data
                0x0000000020003258       0x20 _build/nrf52832_xxaa/ble_conn_params.c.o
 .bss.m_bcs     0x0000000020003278       0x7c _build/nrf52832_xxaa/ble_conn_state.c.o
 .bss.m_nrf_sdh_continue
                0x00000000200032f4        0x1 _build/nrf52832_xxaa/nrf_sdh.c.o
 .bss.m_nrf_sdh_enabled
                0x00000000200032f5        0x1 _build/nrf52832_xxaa/nrf_sdh.c.o
 .bss.m_nrf_sdh_suspended
                0x00000000200032f6        0x1 _build/nrf52832_xxaa/nrf_sdh.c.o
 .bss.m_stack_is_enabled
                0x00000000200032f7        0x1 _build/nrf52832_xxaa/nrf_sdh_ble.c.o
 .bss.__malloc_free_list
                0x00000000200032f8        0x4 /usr/local/gcc-arm-none-eabi-9-2019-q4-major/bin/../lib/gcc/arm-none-eabi/9.2.1/../../../../arm-none-eabi/lib/thumb/v7e-m+fp/hard/libc_nano.a(lib_a-nano-mallocr.o)
                0x00000000200032f8                __malloc_free_list
 .bss.__malloc_sbrk_start
                0x00000000200032fc        0x4 /usr/local/gcc-arm-none-eabi-9-2019-q4-major/bin/../lib/gcc/arm-none-eabi/9.2.1/../../../../arm-none-eabi/lib/thumb/v7e-m+fp/hard/libc_nano.a(lib_a-nano-mallocr.o)
                0x00000000200032fc                __malloc_sbrk_start
 .bss.heap_end.5507
                0x0000000020003300        0x4 /usr/local/gcc-arm-none-eabi-9-2019-q4-major/bin/../lib/gcc/arm-none-eabi/9.2.1/../../../../arm-none-eabi/lib/thumb/v7e-m+fp/hard/libnosys.a(sbrk.o)
 *(COMMON)
 COMMON         0x0000000020003304        0xc _build/nrf52832_xxaa/app_util_platform.c.o
                0x0000000020003304                nrf_nvic_state
 COMMON         0x0000000020003310        0x1 _build/nrf52832_xxaa/nrf_drv_uart.c.o
                0x0000000020003310                nrf_drv_uart_use_easy_dma
 *fill*         0x0000000020003311        0x3 
 COMMON         0x0000000020003314       0x78 _build/nrf52832_xxaa/SEGGER_RTT.c.o
                0x0000000020003314                _SEGGER_RTT
 COMMON         0x000000002000338c        0x9 /usr/local/gcc-arm-none-eabi-9-2019-q4-major/bin/../lib/gcc/arm-none-eabi/9.2.1/../../../../arm-none-eabi/lib/thumb/v7e-m+fp/hard/libc_nano.a(lib_a-lock.o)
                0x000000002000338c                __lock___atexit_recursive_mutex
                0x000000002000338d                __lock___arc4random_mutex
                0x000000002000338e                __lock___env_recursive_mutex
                0x000000002000338f                __lock___sinit_recursive_mutex